******************************************************************************
            TI ARM Clang Linker PC v5.1.1                      
******************************************************************************
>> Linked Thu Sep 10 09:01:07 2026

OUTPUT FILE NAME:   <basic_ble_LP_EM_CC2340R5_freertos_ticlang.out>
ENTRY POINT SYMBOL: "resetISR"  address: 00028e01


MEMORY CONFIGURATION

         name            origin    length      used     unused   attr    fill
----------------------  --------  ---------  --------  --------  ----  --------
  FLASH                 00000000   0007d000  0002e5cf  0004ea31  R  X
  NVS_SLOT              0007d000   00003000  00003000  00000000  R  X
  SRAM                  20000000   00009000  00007fe6  0000101a  RW X
  S2RRAM                40098000   00001000  00000000  00001000  RW  
  CCFG                  4e020000   00000800  00000800  00000000  R   
  LOG_DATA              90000000   00040000  00000000  00040000  R   
  LOG_PTR               94000008   00040000  00000000  00040000  R   


SEGMENT ALLOCATION MAP

run origin  load origin   length   init length attrs members
----------  ----------- ---------- ----------- ----- -------
00000000    00000000    0002e5d4   0002e5d4    r-x
  00000000    00000000    0000008c   0000008c    r-- .resetVecs
  00000090    00000090    00029f2c   00029f2c    r-x .text
  00029fbc    00029fbc    0000410b   0000410b    r-- .rodata
  0002e0c8    0002e0c8    0000050c   0000050c    r-- .cinit
0007d000    0007d000    00003000   00000000    rw-
  0007d000    0007d000    00003000   00000000    rw- .TI.bound:flashBuf0
20000400    20000400    00000020   00000000    rw-
  20000400    20000400    00000010   00000000    rw- .TI.bound:dmaChannel0ControlTableEntry
  20000410    20000410    00000010   00000000    rw- .TI.bound:dmaChannel1ControlTableEntry
20000440    20000440    00000020   00000000    rw-
  20000440    20000440    00000010   00000000    rw- .TI.bound:dmaChannel4ControlTableEntry
  20000450    20000450    00000010   00000000    rw- .TI.bound:dmaChannel5ControlTableEntry
20000460    20000460    00007b1b   00000000    rw-
  20000460    20000460    00006bff   00000000    rw- .bss
  20007060    20007060    00000f1b   00000000    rw- .data
20008c00    20008c00    00000400   00000000    rw-
  20008c00    20008c00    00000400   00000000    rw- .stack
4e020000    4e020000    00000800   00000800    r--
  4e020000    4e020000    00000800   00000800    r-- .ccfg


SECTION ALLOCATION MAP

 output                                  attributes/
section   page    origin      length       input sections
--------  ----  ----------  ----------   ----------------
.resetVecs 
*          0    00000000    0000008c     
                  00000000    0000008c     ti_freertos_config.o (.resetVecs)

.text      0    00000090    00029f2c     
                  00000090    00000c78     rcl_cc23x0r5.a : ble5.c.obj (.text.RCL_Handler_BLE5_adv)
                  00000d08    00000aa8     OneLib.a : OneLib_LL_ll_ble.obj (.text.llProcessPeripheralControlPacket)
                  000017b0    00000a54              : OneLib_Host_Profiles_gattservapp.obj (.text.GATTServApp_ProcessEvent)
                  00002204    00000790     StackWrapper.a : StackWrapper_Host_gapbondmgr.obj (.text.GAPBondMgr_ProcessGAPMsg)
                  00002994    0000061c     OneLib.a : OneLib_Host_GATT_gatt_client.obj (.text.gattClientProcessMsgCB)
                  00002fb0    000005a8              : OneLib_LL_ll_peripheral_end_causes.obj (.text.llProcessPeripheralControlProcedures)
                  00003558    000004ec     nvocmp.o (.text.NVOCMP_compactPage)
                  00003a44    000004b0     nvocmp.o (.text.NVOCMP_initNvApi)
                  00003ef4    000004ac     rcl_cc23x0r5.a : ble5.c.obj (.text.RCL_Handler_BLE5_conn)
                  000043a0    00000410     OneLib.a : OneLib_LL_ll_peripheral_end_causes.obj (.text.llPeripheral_TaskEnd)
                  000047b0    00000400              : OneLib_LL_ll_ae.obj (.text.llSetupExtAdvLegacy)
                  00004bb0    000003c0              : OneLib_LL_ll_peripheral_end_causes.obj (.text.llSetupNextPeripheralEvent)
                  00004f70    0000036c     ecc.a : scalarMul.c.obj (.text.SCALARMUL_core)
                  000052dc    0000035c     StackWrapper.a : StackWrapper_Host_gapbondmgr.obj (.text.GAPBondMgr_SetParameter)
                  00005638    00000348     OneLib.a : OneLib_LL_ll.obj (.text.LL_ProcessEvent)
                  00005980    00000330     ecc.a : scalarMul.c.obj (.text.ATOMICPATTERN)
                  00005cb0    00000314     ti_freertos_config.o (.text.doPrint)
                  00005fc4    00000310     ecc.a : lowlevelapi_m0_gnu.s.obj (.text)
                  000062d4    000002f4     rcl_cc23x0r5.a : LRFCC23X0.c.obj (.text.LRF_temperatureCompensateTrim)
                  000065c8    000002f4     secure_drivers_cc23x0r5.a : RNGLPF3RF.c.obj (.text.RNGLPF3RF_conditionNoiseToGenerateSeed)
                  000068bc    000002f4     OneLib.a : OneLib_LL_ll_scheduler.obj (.text.llSchedulerConnectable)
                  00006bb0    000002c8     rcl_cc23x0r5.a : LRF.c.obj (.text.LRF_applySettings)
                  00006e78    000002ac     OneLib.a : OneLib_LL_ll.obj (.text.LE_SetExtAdvParams)
                  00007124    000002a4     rcl_cc23x0r5.a : LRFCC23X0.c.obj (.text.LRF_programFrequency)
                  000073c8    0000029c     StackWrapper.a : StackWrapper_Host_gapbondmgr.obj (.text.GAPBondMgr_ProcessEvent)
                  00007664    00000294     OneLib.a : OneLib_LL_ll_common.obj (.text.llSetupCtrlPkt)
                  000078f8    0000028c              : OneLib_LL_ll_common.obj (.text.llAllocConnId)
                  00007b84    0000028c              : OneLib_LL_ll_common.obj (.text.llRealignConn)
                  00007e10    00000288              : OneLib_LL_ll_common.obj (.text.llProcessPeripheralConnectionCreated)
                  00008098    00000244              : OneLib_LL_ll_isr.obj (.text.llRxEntryDoneEventHandleStateConnection)
                  000082dc    0000023c              : OneLib_Host_Profiles_gattservapp.obj (.text.GATTServApp_ReadAttr)
                  00008518    00000228     nvocmp.o (.text.NVOCMP_addItem)
                  00008740    00000220     secure_drivers_cc23x0r5.a : AESCCMLPF3.c.obj (.text.AESCCMLPF3_processSegmentedCBCMAC)
                  00008960    00000214     drivers_cc23x0r5.a : UART2LPF3.c.obj (.text.UART2LPF3_hwiIntFxn)
                  00008b74    0000020c     rcl_cc23x0r5.a : adc_noise.c.obj (.text.RCL_Handler_ADC_Noise_getNoise)
                  00008d80    00000200                    : RCL.c.obj (.text.rclCommandHwi)
                  00008f80    000001f8     OneLib.a : OneLib_LL_ll.obj (.text.LE_SetExtAdvEnable)
                  00009178    000001f4              : OneLib_Host_SM_sm_rsppairing.obj (.text.smResponderSendNextKeyInfo)
                  0000936c    000001ec     rcl_cc23x0r5.a : LRFCC23X0.c.obj (.text.LRF_setupRadio)
                  00009558    000001ea     OneLib.a : OneLib_LL_ll_common.obj (.text.llSelectConn)
                  00009742    00000002     ti_drivers_config.o (.text.Board_initHook)
                  00009744    000001e4     ecc.a : scalarMul.c.obj (.text.INVERT)
                  00009928    000001e4     OneLib.a : OneLib_Host_SM_sm_pairing.obj (.text.smSavePairInfo)
                  00009b0c    000001d4              : OneLib_LL_ll_scheduler.obj (.text.llFindNextSecTask)
                  00009ce0    000001cc     ti_freertos_config.o (.text.mq_open)
                  00009eac    000001c4     secure_drivers_cc23x0r5.a : AESCMACLPF3.c.obj (.text.AESCMACLPF3_startOperation)
                  0000a070    000001c4     OneLib.a : OneLib_Host_GAP_gap_advertiser.obj (.text.GapAdv_create)
                  0000a234    000001a8     secure_drivers_cc23x0r5.a : ECDHLPF3SW.c.obj (.text.ECDH_computeSharedSecret)
                  0000a3dc    000001a8     ecc.a : scalarMul.c.obj (.text.JACADD)
                  0000a584    000001a8     OneLib.a : OneLib_Host_GAP_gap_advertiser.obj (.text.gapAdv_controllerCb)
                  0000a72c    000001a8              : OneLib_LL_ll_scheduler.obj (.text.llSchedulerSecondaryTasksConn)
                  0000a8d4    000001a4     ecc.a : scalarMul25519.c.obj (.text.X25519_core)
                  0000aa78    0000019c     OneLib.a : OneLib_LL_ll_common.obj (.text.llCalcConnMaxTimeLength)
                  0000ac14    0000019c              : OneLib_Host_SM_sm_task.obj (.text.smProcessHCIBLEMetaEventCode)
                  0000adb0    00000198              : OneLib_LL_ll_adv_end_causes.obj (.text.llExtAdv_PostProcess)
                  0000af48    00000192     libclang_rt.builtins.a : adddf3.S.obj (.text)
                  0000b0da    00000002     ble_user_config.o (.text.DefaultAssertCback)
                  0000b0dc    00000190     StackWrapper.a : StackWrapper_OSAL_osal.obj (.text.osal_run_system)
                  0000b26c    00000188     OneLib.a : OneLib_LL_ll_scheduler.obj (.text.llScheduler)
                  0000b3f4    00000184     secure_drivers_cc23x0r5.a : AESCCMLPF3.c.obj (.text.AESCCMLPF3_hwiFxn)
                  0000b578    00000182                               : AESCCMLPF3.c.obj (.text.AESCCMLPF3_oneStepOperation)
                  0000b6fa    00000002     display_cc23x0r5.a : DisplayUart2.c.obj (.text.DisplayUart2Ansi_init)
                  0000b6fc    00000180     drivers_cc23x0r5.a : UART2LPF3.c.obj (.text.UART2_open)
                  0000b87c    00000180     OneLib.a : OneLib_Host_L2CAP_l2cap_task.obj (.text.l2capProcessReq)
                  0000b9fc    00000180              : OneLib_Host_SM_sm_mgr.obj (.text.sm_f5)
                  0000bb7c    0000017c     nvocmp.o (.text.NVOCMP_findItem)
                  0000bcf8    0000017c     StackWrapper.a : StackWrapper_Host_gapbondmgr.obj (.text.gapBondMgrAuthenticate)
                  0000be74    00000178     OneLib.a : OneLib_LL_ll_adv_end_causes.obj (.text.llAdv_TaskConnect)
                  0000bfec    00000178              : OneLib_LL_ll_common.obj (.text.llGetNextConn)
                  0000c164    00000170              : OneLib_Host_GATT_gatt_server.obj (.text.gattServerProcessMsgCB)
                  0000c2d4    00000168              : OneLib_Host_GAP_gap_advertiser.obj (.text.GapAdv_enable)
                  0000c43c    00000168              : OneLib_LL_ll.obj (.text.LL_AddDeviceToResolvingList)
                  0000c5a4    00000164              : OneLib_LL_ll_isr.obj (.text.LL_rclAdvRxEntryDone)
                  0000c708    0000015c              : OneLib_Host_Profiles_gattservapp.obj (.text.gattServApp_ProcessReadByTypeReq)
                  0000c864    00000158              : OneLib_LL_ll_common.obj (.text.llConnCleanup)
                  0000c9bc    00000156     drivers_cc23x0r5.a : UART2.c.obj (.text.UART2_writeTimeoutBlocking)
                  0000cb12    00000002     secure_drivers_cc23x0r5.a : ECDHLPF3SW.c.obj (.text.ECDH_init)
                  0000cb14    00000154     OneLib.a : OneLib_LL_ll.obj (.text.LL_Init)
                  0000cc68    00000154     secure_drivers_cc23x0r5.a : RNGLPF3RF.c.obj (.text.RNGLPF3RF_getValidatedNumber)
                  0000cdbc    0000014c     drivers_cc23x0r5.a : Button.c.obj (.text.Button_clockTimeoutHandler)
                  0000cf08    0000014c     ti_freertos_config.o (.text.prvTimerTask)
                  0000d054    00000148     StackWrapper.a : StackWrapper_Host_gapbondmgr.obj (.text.gapBondMgrSaveBond)
                  0000d19c    00000146     OneLib.a : OneLib_LL_ll_common.obj (.text.llCombinePDU)
                  0000d2e2    00000002     driverlib.a : interrupt.c.obj (.text.IntDefaultHandler)
                  0000d2e4    00000144     OneLib.a : OneLib_Host_GAP_gap_task.obj (.text.gapProcessBLEEvents)
                  0000d428    00000140     drivers_cc23x0r5.a : NVSLPF3.c.obj (.text.NVSLPF3_write)
                  0000d568    00000140     rcl_cc23x0r5.a : RCL.c.obj (.text.rclStop)
                  0000d6a8    00000138                    : RCL_Scheduler.c.obj (.text.rclSchedulerProcessCmdStartStopTime)
                  0000d7e0    00000134     ecc.a : ECCSW.c.obj (.text.ECCSW_validatePublicKeyWeierstrass)
                  0000d914    00000134     OneLib.a : OneLib_LL_ll.obj (.text.LL_Reset)
                  0000da48    00000130              : OneLib_LL_ll_scheduler.obj (.text.llCheckIsSecTaskCollideWithPrimTaskInLsto)
                  0000db78    00000130              : OneLib_Host_SM_sm_mgr.obj (.text.sm_CMAC)
                  0000dca8    0000012c              : OneLib_Host_L2CAP_l2cap_task.obj (.text.l2capProcessRsp)
                  0000ddd4    00000128     StackWrapper.a : StackWrapper_Host_gapbondmgr.obj (.text.gapBondMgrEraseBonding)
                  0000defc    00000128     ti_freertos_config.o (.text.xQueueSemaphoreTake)
                  0000e024    00000124     drivers_cc23x0r5.a : UART2LPF3.c.obj (.text.UART2LPF3_initHw)
                  0000e148    00000124     OneLib.a : OneLib_LL_ll_scheduler.obj (.text.llExtAdvSchedSetup)
                  0000e26c    00000124              : OneLib_Host_SM_sm_rsppairing.obj (.text.smResponderProcessLTKReq)
                  0000e390    00000120     app_connection.o (.text.Connection_ConnEventHandler)
                  0000e4b0    00000120     secure_drivers_cc23x0r5.a : ECDHLPF3SW.c.obj (.text.ECDH_generatePublicKey)
                  0000e5d0    00000120     StackWrapper.a : StackWrapper_OSAL_osal_timers.obj (.text.osalTimerUpdate)
                  0000e6f0    0000011c     OneLib.a : OneLib_HCI_hci_event.obj (.text.LL_EnhancedConnectionCompleteCback)
                  0000e80c    0000011c              : OneLib_LL_ll_scheduler.obj (.text.llFindStartType)
                  0000e928    0000011c              : OneLib_LL_ll_isr.obj (.text.llLastCmdDoneEventHandleConnectRequest)
                  0000ea44    0000011a     icall_POSIX.o (.text.ICall_waitMatch)
                  0000eb5e    00000002     rom_init.o (.text.MAP_Handover_ApplyCnData)
                  0000eb60    00000118     OneLib.a : OneLib_LL_ll.obj (.text.LL_ConnUpdate)
                  0000ec78    00000114              : OneLib_LL_ll_ae.obj (.text.llFindNextAdvSet)
                  0000ed8c    00000110              : OneLib_Host_SM_sm_rsppairing.obj (.text.smpResponderProcessPairingRandom)
                  0000ee9c    0000010e     secure_drivers_cc23x0r5.a : AESCTRDRBGXX.c.obj (.text.AESCTRDRBG_getRandomBytes)
                  0000efaa    00000002     rom_init.o (.text.MAP_L2CAP_HandoverInitSN)
                  0000efac    0000010c     rcl_cc23x0r5.a : ble5.c.obj (.text.RCL_Handler_BLE5_updateTxBuffers)
                  0000f0b8    00000108     OneLib.a : OneLib_LL_ll_al.obj (.text.AL_AddEntry)
                  0000f1c0    00000108     drivers_cc23x0r5.a : UART2.c.obj (.text.UART2_writeTimeoutNonblocking)
                  0000f2c8    00000108     OneLib.a : OneLib_Host_GAP_gap_linkmgr.obj (.text.gapPairingCompleteCB)
                  0000f3d0    00000108     ti_freertos_config.o (.text.prvAddNewTaskToReadyList)
                  0000f4d8    00000104     rcl_cc23x0r5.a : ble5.c.obj (.text.RCL_Handler_BLE5_getAuxPtrFromTxBuffer)
                  0000f5dc    00000104     ecc.a : scalarMul.c.obj (.text.SCALARMUL_init)
                  0000f6e0    00000104     OneLib.a : OneLib_Host_SM_sm_mgr.obj (.text.sm_f6)
                  0000f7e4    00000100     secure_drivers_cc23x0r5.a : AESCTRDRBGXX.c.obj (.text.AESCTRDRBG_reseed)
                  0000f8e4    00000100     dev_info_service.o (.text.DevInfo_setParameter)
                  0000f9e4    00000100     OneLib.a : OneLib_Host_GATT_gatt_server.obj (.text.gattProcessFindInfoReq)
                  0000fae4    00000100     rcl_cc23x0r5.a : RCL.c.obj (.text.rclSchedulerHwi)
                  0000fbe4    000000fc     secure_drivers_cc23x0r5.a : AESCTRDRBGXX.c.obj (.text.AESCTRDRBG_construct)
                  0000fce0    000000fc     OneLib.a : OneLib_LL_ll_privacy.obj (.text.LL_PRIV_ValidatePrivacyCompliance)
                  0000fddc    000000fc     simple_gatt_profile.o (.text.SimpleGattProfile_writeAttrCB)
                  0000fed8    000000fc     OneLib.a : OneLib_LL_ll_common.obj (.text.llProcessAdvAddrResolutionTimeout)
                  0000ffd4    000000f8              : OneLib_LL_ll.obj (.text.LL_SetPhy)
                  000100cc    000000f8     app_pairing.o (.text.Pairing_pairStateHandler)
                  000101c4    000000f8     drivers_cc23x0r5.a : PowerCC23X0.c.obj (.text.PowerCC23X0_oscillatorISR)
                  000102bc    000000f8     ti_freertos_config.o (.text.xTaskIncrementTick)
                  000103b4    000000f4     OneLib.a : OneLib_Host_GAP_gap_advertiser.obj (.text.GapAdv_loadByHandle)
                  000104a8    000000f4              : OneLib_LL_ll_ae.obj (.text.LE_AE_SetData)
                  0001059c    000000f4     ti_freertos_config.o (.text.PowerCC23X0_standbyPolicy)
                  00010690    000000f4     StackWrapper.a : StackWrapper_Host_gapbondmgr.obj (.text.gapBondMgrUpdateCharCfg)
                  00010784    000000f4     OneLib.a : OneLib_Host_SM_sm_rsppairing.obj (.text.smpResponderProcessIncoming)
                  00010878    000000f0     nvocmp.o (.text.NVOCMP_cleanPage)
                  00010968    000000f0     ecc.a : scalarMul.c.obj (.text.SCALARMUL_final)
                  00010a58    000000f0     OneLib.a : OneLib_Host_SM_sm_mgr.obj (.text.SM_VerifyAuthenSig)
                  00010b48    000000f0              : OneLib_Host_SM_sm_mgr.obj (.text.sm_c1new)
                  00010c38    000000f0     ti_freertos_config.o (.text.xTaskResumeAll)
                  00010d28    000000ec     secure_drivers_cc23x0r5.a : AESCCMLPF3.c.obj (.text.AESCCMLPF3_processOneStepCBCMACPolling)
                  00010e14    000000ec     drivers_cc23x0r5.a : PowerCC23X0.c.obj (.text.Power_init)
                  00010f00    000000ec     rcl_cc23x0r5.a : ble5.c.obj (.text.RCL_Handler_BLE5_updateAuxPtr)
                  00010fec    000000ec     OneLib.a : OneLib_LL_ll_common.obj (.text.llConnExists)
                  000110d8    000000ec              : OneLib_Host_SM_sm_pairing.obj (.text.sm_c1)
                  000111c4    000000e8              : OneLib_Host_ATT_att_util.obj (.text.attSendMsg)
                  000112ac    000000e8              : OneLib_LL_ll_ae.obj (.text.llAddAdvSortedEntry)
                  00011394    000000e8              : OneLib_Host_GAP_gap_linkmgr.obj (.text.sendAuthEvent)
                  0001147c    000000e8     ti_freertos_config.o (.text.xQueueGenericSend)
                  00011564    000000e4     bleapputil_task.o (.text.BLEAppUtil_Task)
                  00011648    000000e4     OneLib.a : OneLib_Host_GATT_gatt_task.obj (.text.GATT_ProcessEvent)
                  0001172c    000000e4              : OneLib_Host_SM_sm_pairing.obj (.text.SM_PasskeyUpdate)
                  00011810    000000e4              : OneLib_Host_Profiles_gapgattserver.obj (.text.ggs_ReadAttrCB)
                  000118f4    000000e4              : OneLib_LL_ll_common.obj (.text.llSetupConnCmd)
                  000119d8    000000e4     ecc.a : lowlevelapi.c.obj (.text.mSET)
                  00011abc    000000e4     ti_freertos_config.o (.text.xQueueReceive)
                  00011ba0    000000e4     libclang_rt.builtins.a : muldf3.S.obj (.text)
                  00011c84    000000e0     bleapputil_process.o (.text.BLEAppUtil_convertGAPEvents)
                  00011d64    000000e0     OneLib.a : OneLib_LL_ll.obj (.text.LL_TxData)
                  00011e44    000000e0              : OneLib_LL_ll_data.obj (.text.llDynamicAlloc_connectable)
                  00011f24    000000e0              : OneLib_Host_SM_sm_mgr.obj (.text.sm_f4)
                  00012004    000000e0              : OneLib_Host_SM_sm_mgr.obj (.text.sm_g2)
                  000120e4    000000dc              : OneLib_Host_GATT_gatt_server.obj (.text.GATT_SendRsp)
                  000121c0    000000dc              : OneLib_LL_ll_common.obj (.text.llPeriSetupConnWindow)
                  0001229c    000000d8     drivers_cc23x0r5.a : GPIOLPF3.c.obj (.text.GPIO_init)
                  00012374    000000d8     OneLib.a : OneLib_Host_Profiles_gattservapp.obj (.text.gattServApp_HandleConnStatusCB)
                  0001244c    000000d8              : OneLib_LL_ll_scheduler.obj (.text.llAllocTask)
                  00012524    000000d8              : OneLib_LL_ll_common.obj (.text.llSendConnEvtCallback)
                  000125fc    000000d8     ti_freertos_config.o (.text.pthread_create)
                  000126d4    000000d8     ti_freertos_config.o (.text.pvPortMalloc)
                  000127ac    000000d8     rcl_cc23x0r5.a : RCL.c.obj (.text.rclDispatchHwi)
                  00012884    000000d8     ble_user_config.o (.text.setBleUserConfig)
                  0001295c    000000d8     OneLib.a : OneLib_Host_SM_sm_pairing.obj (.text.smProcessDataMsg)
                  00012a34    000000d4     drivers_cc23x0r5.a : UART2LPF3.c.obj (.text.UART2Support_dmaStartRx)
                  00012b08    000000d4     OneLib.a : OneLib_LL_ll_data.obj (.text.llDynamicAlloc)
                  00012bdc    000000d0              : OneLib_Host_GATT_gatt_server.obj (.text.GATT_RegisterService)
                  00012cac    000000d0     drivers_cc23x0r5.a : UART2LPF3.c.obj (.text.UART2Support_dmaStartTx)
                  00012d7c    000000d0     OneLib.a : OneLib_Host_Profiles_gapgattserver.obj (.text.ggs_WriteAttrCB)
                  00012e4c    000000d0              : OneLib_Host_SM_sm_pairing.obj (.text.smGenerateAddrInput)
                  00012f1c    000000cc     secure_drivers_cc23x0r5.a : AESCTRLPF3.c.obj (.text.AESCTRLPF3_startOperation)
                  00012fe8    000000cc     drivers_cc23x0r5.a : Button.c.obj (.text.Button_open)
                  000130b4    000000cc     StackWrapper.a : StackWrapper_Host_gapbondmgr.obj (.text.gapBondMgr_FindAddr)
                  00013180    000000c8     OneLib.a : OneLib_LL_ll_common.obj (.text.llAlignToNextEvent)
                  00013248    000000c8     ecc.a : lowlevelapi.c.obj (.text.mINVK)
                  00013310    000000c8     OneLib.a : OneLib_Host_SM_sm_rsppairing.obj (.text.smContPublicKeyExchange)
                  000133d8    000000c4     simple_gatt_profile.o (.text.SimpleGattProfile_readAttrCB)
                  0001349c    000000c4     OneLib.a : OneLib_Host_GAP_gap_advertiser.obj (.text.gapAdv_init)
                  00013560    000000c0     bleapputil_init.o (.text.BLEAppUtil_initGapBondParams)
                  00013620    000000c0     OneLib.a : OneLib_LL_crypto_port_simplelink.obj (.text.CryptoP_RNGInit)
                  000136e0    000000c0     dev_info_service.o (.text.DevInfo_readAttrCB)
                  000137a0    000000c0     ti_freertos_config.o (.text.xEventGroupWaitBits)
                  00013860    000000bc     display_cc23x0r5.a : DisplayUart2.c.obj (.text.DisplayUart2Ansi_vprintf)
                  0001391c    000000bc     OneLib.a : OneLib_Host_GAP_gap_linkmgr.obj (.text.GAP_Authenticate)
                  000139d8    000000bc              : OneLib_Host_GAP_gap_linkmgr.obj (.text.GAP_UpdateLinkParamReqReply)
                  00013a94    000000bc              : OneLib_Host_GAP_gap_linkmgr.obj (.text.gapProcessConnectionCompleteEvt)
                  00013b50    000000bc     StackWrapper.a : StackWrapper_OSAL_osal.obj (.text.osal_set_event)
                  00013c0c    000000bc     OneLib.a : OneLib_Host_SM_sm_rsppairing.obj (.text.smpResponderSendPairRspEvent)
                  00013cc8    000000ba     secure_drivers_cc23x0r5.a : AESCMACLPF3.c.obj (.text.AESCMACLPF3_oneStepOperation)
                  00013d82    00000002     rom_init.o (.text.MAP_gapInit_initiatingEnd)
                  00013d84    000000b8     StackWrapper.a : StackWrapper_Host_gattservapp_util.obj (.text.GATTServApp_ProcessCharCfg)
                  00013e3c    000000b8     rcl_cc23x0r5.a : RCL.c.obj (.text.RCL_scheduleHook)
                  00013ef4    000000b6     secure_drivers_cc23x0r5.a : AESCTRLPF3.c.obj (.text.AESCTRLPF3_oneStepOperation)
                  00013faa    00000002     rom_init.o (.text.MAP_gapInit_sendConnCancelledEvt)
                  00013fac    000000b4     nvocmp.o (.text.NVOCMP_erase)
                  00014060    000000b4     OneLib.a : OneLib_Host_L2CAP_l2cap_util.obj (.text.l2capDisconnectAllChannels)
                  00014114    000000b4              : OneLib_LL_ll_adv_end_causes.obj (.text.llAdvSetPhyAndTxPowerInConn)
                  000141c8    000000b4     ti_freertos_config.o (.text.xTaskRemoveFromEventList)
                  0001427c    000000b2     main_freertos.o (.text.AssertHandler)
                  0001432e    00000002     rom_init.o (.text.MAP_gapScan_processSessionEndEvt)
                  00014330    000000b0     StackWrapper.a : StackWrapper_Host_gapbondmgr.obj (.text.GAPBondMgr_Init)
                  000143e0    000000b0     OneLib.a : OneLib_Host_L2CAP_l2cap_task.obj (.text.L2CAP_Init)
                  00014490    000000b0              : OneLib_Host_SM_sm_mgr.obj (.text.SM_GenerateAuthenSig)
                  00014540    000000b0              : OneLib_LL_ll_data.obj (.text.llDynamicFree)
                  000145f0    000000ac              : OneLib_Host_GATT_gatt_server.obj (.text.GATT_Indication)
                  0001469c    000000ac              : OneLib_Host_SM_sm_task.obj (.text.SM_ProcessEvent)
                  00014748    000000ac     StackWrapper.a : StackWrapper_Host_gapbondmgr.obj (.text.gapBondMgrEraseLocalInfo)
                  000147f4    000000ac                    : StackWrapper_Host_gapbondmgr.obj (.text.gapBondMgr_syncResolvingList)
                  000148a0    000000ac     OneLib.a : OneLib_Host_GAP_gap_task.obj (.text.gapProcessHCICmdCompleteEvt)
                  0001494c    000000ac              : OneLib_Host_SM_sm_mgr.obj (.text.generate_subkey)
                  000149f8    000000ac              : OneLib_LL_ll_common.obj (.text.llFindNextConn)
                  00014aa4    000000a8     secure_drivers_cc23x0r5.a : AESECBLPF3.c.obj (.text.AESECBLPF3_startOperation)
                  00014b4c    000000a8     OneLib.a : OneLib_LL_ll.obj (.text.LL_EXT_GetConnInfo)
                  00014bf4    000000a8              : OneLib_HCI_hci_data.obj (.text.LL_RxDataCompleteCback)
                  00014c9c    000000a8              : OneLib_Host_GAP_linkdb.obj (.text.linkDB_Add)
                  00014d44    000000a8              : OneLib_LL_ll_scheduler.obj (.text.llScheduleTask)
                  00014dec    000000a4     secure_drivers_cc23x0r5.a : AESCCMLPF3.c.obj (.text.AESCCMLPF3_processSegmentedCTR)
                  00014e90    000000a4     OneLib.a : OneLib_LL_ll_ae.obj (.text.LL_GetAdvSet)
                  00014f34    000000a4     drivers_cc23x0r5.a : PowerCC23X0.c.obj (.text.PowerCC23X0_lfxtQual)
                  00014fd8    000000a4                        : PowerCC23X0.c.obj (.text.PowerLPF3_sleep)
                  0001507c    000000a4     StackWrapper.a : StackWrapper_Host_gapbondmgr.obj (.text.gapBondStateStartSecurity)
                  00015120    000000a4     OneLib.a : OneLib_Host_L2CAP_l2cap_util.obj (.text.l2capAllocChannel)
                  000151c4    000000a4              : OneLib_Host_SM_sm_pairing.obj (.text.smF5Wrapper)
                  00015268    000000a4              : OneLib_Host_SM_sm_pairing.obj (.text.smProcessEncryptChange)
                  0001530c    000000a2              : OneLib_Host_GATT_gatt_server.obj (.text.GATT_VerifyWritePermissions)
                  000153ae    00000002     rom_init.o (.text.MAP_gap_CentConnRegister)
                  000153b0    000000a2     libclang_rt.builtins.a : udivmoddi4.S.obj (.text)
                  00015452    00000002     rom_init.o (.text.MAP_l2capDisconnectChannel)
                  00015454    000000a0     OneLib.a : OneLib_Host_GAP_gap_linkmgr.obj (.text.GAP_UpdateLinkParamReq)
                  000154f4    000000a0              : OneLib_Host_GATT_gatt_client.obj (.text.GATT_InitClient)
                  00015594    000000a0     StackWrapper.a : StackWrapper_OSAL_osal_bufmgr.obj (.text.osal_bm_free)
                  00015634    000000a0     rcl_cc23x0r5.a : RCL_Scheduler.c.obj (.text.rclSchedulerCancelStopTime)
                  000156d4    0000009c     OneLib.a : OneLib_LL_crypto_port_simplelink.obj (.text.CryptoP_AESInit)
                  00015770    0000009c              : OneLib_Host_GAP_gap_linkmgr.obj (.text.GAP_Bond)
                  0001580c    0000009c     rcl_cc23x0r5.a : LRF.c.obj (.text.LRF_TxPowerTable_findValue)
                  000158a8    0000009c     StackWrapper.a : StackWrapper_OSAL_osal_cbtimer.obj (.text.cbTimerSetup)
                  00015944    0000009c     drivers_cc23x0r5.a : NVSLPF3.c.obj (.text.doErase)
                  000159e0    0000009c     OneLib.a : OneLib_LL_ll_common.obj (.text.llInitFeatureSet)
                  00015a7c    0000009c              : OneLib_Host_SM_sm_pairing.obj (.text.smGetECCKeys)
                  00015b18    0000009a     drivers_cc23x0r5.a : UART2.c.obj (.text.UART2_writeCancel)
                  00015bb2    00000002     rom_init.o (.text.MAP_l2capGetCoChannelInfo)
                  00015bb4    00000098     StackWrapper.a : StackWrapper_Host_gap.obj (.text.GAP_DeviceInit)
                  00015c4c    00000098     rcl_cc23x0r5.a : RCL_Buffer.c.obj (.text.RCL_MultiBuffer_RxEntry_next)
                  00015ce4    00000098     OneLib.a : OneLib_Host_Profiles_gattservapp.obj (.text.gattServApp_SetNumPrepareWrites)
                  00015d7c    00000098              : OneLib_LL_ll_scheduler.obj (.text.llFreeTask)
                  00015e14    00000098              : OneLib_LL_ll_common.obj (.text.llProcessTxData)
                  00015eac    00000094              : OneLib_Host_Profiles_gattservapp.obj (.text.GATTServApp_Init)
                  00015f40    00000094              : OneLib_HCI_hci_event.obj (.text.HCI_CommandCompleteEvent)
                  00015fd4    00000094     drivers_cc23x0r5.a : NVSLPF3.c.obj (.text.NVSLPF3_open)
                  00016068    00000094     rcl_cc23x0r5.a : RCL_Scheduler.c.obj (.text.RCL_Scheduler_setStopTimes)
                  000160fc    00000094     OneLib.a : OneLib_Host_SM_sm_pairing.obj (.text.SM_StartPairing)
                  00016190    00000094     ecc.a : scalarMul.c.obj (.text.SQUAREMULTIPLYWORD)
                  00016224    00000094     OneLib.a : OneLib_LL_ll_common.obj (.text.llReleaseConnId)
                  000162b8    00000094     main_freertos.o (.text.main)
                  0001634c    00000092     OneLib.a : OneLib_LL_ll_common.obj (.text.llApplyParamUpdate)
                  000163de    00000092              : OneLib_LL_ll_common.obj (.text.llValidateConnParams)
                  00016470    00000092     driverlib.a : aes_ticlang.s.obj (.text)
                  00016502    00000002     rom_init.o (.text.MAP_l2capNotifyChannelEstEvt)
                  00016504    00000090     secure_drivers_cc23x0r5.a : AESCMACLPF3.c.obj (.text.AESCMACLPF3_getResult)
                  00016594    00000090     display_cc23x0r5.a : DisplayUart2.c.obj (.text.DisplayUart2Ansi_clearLines)
                  00016624    00000090     OneLib.a : OneLib_Host_L2CAP_l2cap_if.obj (.text.L2CAP_SendData)
                  000166b4    00000090              : OneLib_LL_ll.obj (.text.LE_SetExtAdvParamsAdvConn)
                  00016744    00000090     rcl_cc23x0r5.a : RCL_Buffer.c.obj (.text.RCL_MultiBuffer_RxEntry_get)
                  000167d4    00000090     drivers_cc23x0r5.a : UART2LPF3.c.obj (.text.UART2_close)
                  00016864    00000090     OneLib.a : OneLib_Host_Profiles_gattservapp.obj (.text.gattServApp_EnqueueReTx)
                  000168f4    00000090              : OneLib_Host_L2CAP_l2cap_util.obj (.text.l2capEncapSendData)
                  00016984    00000090              : OneLib_Host_L2CAP_l2cap_util.obj (.text.l2capSendReq)
                  00016a14    00000090              : OneLib_LL_ll_scheduler.obj (.text.llLinkSchedSetup)
                  00016aa4    00000090              : OneLib_LL_ll_ble.obj (.text.llManageControlPacketQueue)
                  00016b34    00000090              : OneLib_LL_ll_common.obj (.text.llRclUpdateFilterList)
                  00016bc4    00000090     StackWrapper.a : StackWrapper_OSAL_osal_cbtimer.obj (.text.osal_CbTimerProcessEvent)
                  00016c54    00000090     ti_freertos_config.o (.text.vTaskDelete)
                  00016ce4    00000090     ti_freertos_config.o (.text.vTaskRemoveFromUnorderedEventList)
                  00016d74    00000090     ti_freertos_config.o (.text.vTaskSuspend)
                  00016e04    00000090     ti_freertos_config.o (.text.xQueueGenericReset)
                  00016e94    00000090     ecc.a : lowlevelapi.c.obj (.text.zSUB)
                  00016f24    0000008c     OneLib.a : OneLib_Host_Profiles_gattservapp.obj (.text.GATTServApp_WriteAttr)
                  00016fb0    0000008c              : OneLib_Host_GATT_gatt_server.obj (.text.GATT_FindNextAttr)
                  0001703c    0000008c     ti_freertos_config.o (.text.HwiP_construct)
                  000170c8    0000008c     icall_POSIX.o (.text.ICall_send)
                  00017154    0000008c     OneLib.a : OneLib_Host_GATT_gatt_client.obj (.text.gattClientHandleConnStatusCB)
                  000171e0    0000008c              : OneLib_Host_GATT_gatt_server.obj (.text.gattServerHandleConnStatusCB)
                  0001726c    0000008c     StackWrapper.a : StackWrapper_OSAL_osal.obj (.text.osal_msg_enqueue_push)
                  000172f8    0000008c     OneLib.a : OneLib_Host_SM_sm_pairing.obj (.text.smUpdateEncInfo)
                  00017384    0000008c     ti_freertos_config.o (.text.xTaskPriorityInherit)
                  00017410    00000088     secure_drivers_cc23x0r5.a : AESCTRLPF3.c.obj (.text.AESCTRLPF3_processData)
                  00017498    00000088     OneLib.a : OneLib_Host_GATT_gatt_task.obj (.text.GATT_bm_alloc)
                  00017520    00000088     app_menu.o (.text.Menu_workWithCB)
                  000175a8    00000088     nvocmp.o (.text.NVOCMP_getDstPage)
                  00017630    00000088     rcl_cc23x0r5.a : RCL_AdcNoise.c.obj (.text.RCL_AdcNoise_get_samples_blocking)
                  000176b8    00000088     StackWrapper.a : StackWrapper_Host_gapbondmgr.obj (.text.gapBondMgr_ServiceChangeInd)
                  00017740    00000088                    : StackWrapper_ICallBLE_ble_dispatch_lite.obj (.text.icall_liteTranslation)
                  000177c8    00000088     OneLib.a : OneLib_Host_L2CAP_l2cap_task.obj (.text.l2capProcessSignal)
                  00017850    00000088              : OneLib_LL_ll_common.obj (.text.llCBTimer_AptoExpiredCback)
                  000178d8    00000088              : OneLib_LL_ll_common.obj (.text.llVerifyConnParamReqParams)
                  00017960    00000088              : OneLib_Host_SM_sm_rsppairing.obj (.text.smpResponderProcessPairingConfirm)
                  000179e8    00000008     secure_drivers_cc23x0r5.a : AESCCMLPF3.c.obj (.text.AESCCM_init)
                  000179f0    00000088     libc.a : strcmp-armv6m.S.obj (.text:strcmp)
                  00017a78    00000086     OneLib.a : OneLib_LL_ll.obj (.text.LL_RemoteConnParamReqReply)
                  00017afe    00000086              : OneLib_LL_ll_common.obj (.text.llWriteTxData)
                  00017b84    00000086              : OneLib_Host_SMP_smp.obj (.text.smpParsePairingReq)
                  00017c0a    00000002     rom_init.o (.text.MAP_l2capNotifyChannelTermEvt)
                  00017c0c    00000084     bleapputil_init.o (.text.BLEAppUtil_initGatt)
                  00017c90    00000084     OneLib.a : OneLib_Host_L2CAP_l2cap_task.obj (.text.L2CAP_ProcessEvent)
                  00017d14    00000084              : OneLib_LL_ll_privacy.obj (.text.LL_PRIV_FindPeerInRL)
                  00017d98    00000084     StackWrapper.a : StackWrapper_Host_gattservapp_util.obj (.text.gattServApp_SendNotiInd)
                  00017e1c    00000084     OneLib.a : OneLib_LL_ll_ae.obj (.text.llFindNextSecCmd)
                  00017ea0    00000084     rcl_cc23x0r5.a : RCL_Scheduler.c.obj (.text.rclSchedulerSetNewStopTime)
                  00017f24    00000084     OneLib.a : OneLib_Host_SM_sm_pairing.obj (.text.smGenerateDHKeyCheck)
                  00017fa8    00000084              : OneLib_Host_SMP_smp.obj (.text.smpBuildPairingReqRsp)
                  0001802c    00000080     secure_drivers_cc23x0r5.a : AESCTRLPF3.c.obj (.text.AESCTRLPF3_hwiFxn)
                  000180ac    00000080     OneLib.a : OneLib_LL_crypto_port_simplelink.obj (.text.CryptoP_ECDHGenerateDHKey)
                  0001812c    00000080              : OneLib_LL_ll.obj (.text.LL_EXT_GetActiveConnInfo)
                  000181ac    00000080     menu_module.o (.text.MenuModule_printMenuNavBar)
                  0001822c    00000080     OneLib.a : OneLib_Host_Profiles_gattservapp.obj (.text.gattServApp_buildReadByTypeRsp)
                  000182ac    00000080              : OneLib_LL_ll_common.obj (.text.llPeriSetConnChannelParams)
                  0001832c    00000080              : OneLib_LL_ll_common.obj (.text.llReplaceCtrlPkt)
                  000183ac    00000080              : OneLib_LL_ll_ble.obj (.text.llReplaceRxBuffers)
                  0001842c    00000080     ti_freertos_config.o (.text.prvAddCurrentTaskToDelayedList)
                  000184ac    00000080     ti_freertos_config.o (.text.vTaskSwitchContext)
                  0001852c    00000080     ecc.a : lowlevelapi.c.obj (.text.zMACC32)
                  000185ac    0000007e           : scalarMul25519.c.obj (.text.X25519_final)
                  0001862a    00000002     rom_init.o (.text.MAP_l2capProcessConnectReq)
                  0001862c    0000007c     ti_freertos_config.o (.text.ClockP_startup)
                  000186a8    0000007c     StackWrapper.a : StackWrapper_Host_gapbondmgr.obj (.text.GAPBondMgr_checkRandomAddr)
                  00018724    0000007c     OneLib.a : OneLib_Host_Profiles_gattservapp.obj (.text.GATTServApp_RegisterService)
                  000187a0    0000007c              : OneLib_Host_GATT_gatt_server.obj (.text.GATT_Notification)
                  0001881c    0000007c              : OneLib_Host_L2CAP_l2cap_if.obj (.text.L2CAP_ConnParamUpdateReq)
                  00018898    0000007c              : OneLib_LL_ll_isr.obj (.text.LL_rclPeripheralCallback)
                  00018914    0000007c     ti_freertos_config.o (.text.formatNum)
                  00018990    0000007c     StackWrapper.a : StackWrapper_Host_gapbondmgr.obj (.text.gapBondMgr_SyncCharCfg)
                  00018a0c    0000007c     OneLib.a : OneLib_Host_GAP_gap_linkmgr.obj (.text.gapProcessDisconnectCompleteEvt)
                  00018a88    0000007c              : OneLib_Host_GAP_gap_task.obj (.text.gapProcessOSALMsg)
                  00018b04    0000007c              : OneLib_Host_L2CAP_l2cap_task.obj (.text.l2capProcessRxData)
                  00018b80    0000007c     drivers_cc23x0r5.a : TemperatureLPF3.c.obj (.text.temperatureEventCb)
                  00018bfc    0000007c     ti_freertos_config.o (.text.xQueueGenericSendFromISR)
                  00018c78    0000007c     libc.a : copy_decompress_lzss.c.obj (.text:decompress:lzss)
                  00018cf4    0000007a     ecc.a : ECCSW.c.obj (.text.ECCSW_validatePrivateKeyWeierstrass)
                  00018d6e    0000007a     OneLib.a : OneLib_Host_GATT_gatt_client.obj (.text.gattResetClientInfo)
                  00018de8    0000007a              : OneLib_LL_ll_common.obj (.text.llFragmentPDU)
                  00018e62    00000078     secure_drivers_cc23x0r5.a : AESECBLPF3.c.obj (.text.AESECB_oneStepEncrypt)
                  00018eda    00000002     OneLib.a : common_lib_opt_ctrl_stub_scanner.obj (.text.OPT_LL_DisableScanning)
                  00018edc    00000078     bleapputil_process.o (.text.BLEAppUtil_isStackEventRequired)
                  00018f54    00000078     ti_freertos_config.o (.text.ClockP_hwiCallback)
                  00018fcc    00000078     OneLib.a : OneLib_LL_crypto_port_simplelink.obj (.text.CryptoP_ECDHGenerateKeyPair)
                  00019044    00000078              : OneLib_Host_GATT_gatt_server.obj (.text.GATT_ServiceChangedInd)
                  000190bc    00000078     drivers_cc23x0r5.a : GPIOLPF3.c.obj (.text.GPIO_setConfigAndMux)
                  00019134    00000078     icall_POSIX.o (.text.ICall_setTimer)
                  000191ac    00000078     OneLib.a : OneLib_LL_ll_enc.obj (.text.LL_ENC_Decrypt)
                  00019224    00000078              : OneLib_LL_ll.obj (.text.LL_EXT_SetMaxDataLen)
                  0001929c    00000078     nvocmp.o (.text.NVOCMP_writeItemApi)
                  00019314    00000078     rcl_cc23x0r5.a : RCL_Scheduler.c.obj (.text.RCL_Scheduler_findStopStatus)
                  0001938c    00000078     app_simple_gatt.o (.text.SimpleGatt_start)
                  00019404    00000078     OneLib.a : OneLib_Host_GAP_gap_perilinkmgr.obj (.text.gapPeriProcessSignalEvt)
                  0001947c    00000078              : OneLib_Host_GAP_gap_task.obj (.text.gapProcessCommandStatusEvt)
                  000194f4    00000078     rcl_cc23x0r5.a : hal_cc23x0.c.obj (.text.hal_init_fsm)
                  0001956c    00000078     StackWrapper.a : StackWrapper_OSAL_osal.obj (.text.osal_init_system)
                  000195e4    00000078                    : StackWrapper_OSAL_osal.obj (.text.osal_msg_receive)
                  0001965c    00000078     rcl_cc23x0r5.a : RCL_Scheduler.c.obj (.text.rclSchedulerFindEarliestStopTime)
                  000196d4    00000078     OneLib.a : OneLib_Host_GAP_gap_linkmgr.obj (.text.sendEstLinkEvent)
                  0001974c    00000078     driverlib.a : udma.c.obj (.text.uDMASetChannelTransfer)
                  000197c4    00000078     ti_freertos_config.o (.text.xEventGroupSetBits)
                  0001983c    00000078     ti_freertos_config.o (.text.xQueueReceiveFromISR)
                  000198b4    00000076     secure_drivers_cc23x0r5.a : AESCTRDRBGXX.c.obj (.text.AESCTRDRBGXX_updateState)
                  0001992a    00000076     ti_freertos_config.o (.text.prvCopyDataToQueue)
                  000199a0    00000074     OneLib.a : OneLib_LL_crypto_port_simplelink.obj (.text.CryptoP_AESCCM)
                  00019a14    00000074     libclang_rt.builtins.a : comparedf2.c.obj (.text.__gedf2)
                  00019a88    00000074     OneLib.a : OneLib_Host_L2CAP_l2cap_util.obj (.text.l2capSendCmd)
                  00019afc    00000074              : OneLib_LL_ll_common.obj (.text.llIsThereACollisionBetweenConn)
                  00019b70    00000074     ti_freertos_config.o (.text.prvUnlockQueue)
                  00019be4    00000074     OneLib.a : OneLib_Host_SM_sm_pairing.obj (.text.smOobSCAuthentication)
                  00019c58    00000072              : OneLib_Host_GATT_gatt_server.obj (.text.GATT_VerifyReadPermissions)
                  00019cca    00000072     osal_icall_ble.o (.text.osalInitTasks)
                  00019d3c    00000070     OneLib.a : OneLib_LL_ll_al.obj (.text.AL_FindEntry)
                  00019dac    00000070     StackWrapper.a : StackWrapper_Host_gap.obj (.text.GAP_DeviceInit_validate_params)
                  00019e1c    00000070     OneLib.a : OneLib_Host_GAP_gap_configmgr.obj (.text.GAP_GetDevAddress)
                  00019e8c    00000070              : OneLib_Host_GATT_gatt_server.obj (.text.GATT_FindHandleUUID)
                  00019efc    00000070              : OneLib_Host_GATT_gatt_server.obj (.text.GATT_InitServer)
                  00019f6c    00000070              : OneLib_HCI_hci_event.obj (.text.LL_PhyUpdateCompleteEventCback)
                  00019fdc    00000070     nvocmp.o (.text.NVOCMP_eraseNvApi)
                  0001a04c    00000070     nvocmp.o (.text.NVOCMP_readItemApi)
                  0001a0bc    00000070     drivers_cc23x0r5.a : PowerCC23X0.c.obj (.text.PowerCC23X0_startHFXT)
                  0001a12c    00000070                        : PowerCC23X0.c.obj (.text.Power_sleep)
                  0001a19c    00000070     OneLib.a : OneLib_Host_SM_sm_rsppairing.obj (.text.SM_ResponderInit)
                  0001a20c    00000070     drivers_cc23x0r5.a : UART2LPF3.c.obj (.text.UART2Support_dmaStopTx)
                  0001a27c    00000070     StackWrapper.a : StackWrapper_Host_gapbondmgr.obj (.text.gapBondMgrSetStateFlagFromConnhandle)
                  0001a2ec    00000070     OneLib.a : OneLib_Host_L2CAP_l2cap_util.obj (.text.l2capParsePacket)
                  0001a35c    00000070              : OneLib_Host_L2CAP_l2cap_task.obj (.text.l2capProcessOSALMsg)
                  0001a3cc    00000070              : OneLib_LL_ll_common.obj (.text.llAllocConnection)
                  0001a43c    00000070              : OneLib_LL_ll_common.obj (.text.llEstimateConnMinTimeLength)
                  0001a4ac    00000070              : OneLib_LL_ll_common.obj (.text.llPeriSetConnSyncParams)
                  0001a51c    00000070     StackWrapper.a : StackWrapper_OSAL_osal.obj (.text.osal_event_send)
                  0001a58c    00000070     ti_freertos_config.o (.text.prvInitialiseNewTask)
                  0001a5fc    00000070     OneLib.a : OneLib_Host_SM_sm_pairing.obj (.text.smFreePairingParams)
                  0001a66c    00000070     ti_freertos_config.o (.text.vTaskPriorityDisinheritAfterTimeout)
                  0001a6dc    0000006c     drivers_cc23x0r5.a : BatMonSupportLPF3.c.obj (.text.BatMonSupportLPF3_init)
                  0001a748    0000006c     secure_drivers_cc23x0r5.a : CryptoUtils.c.obj (.text.CryptoUtils_reverseCopyPad)
                  0001a7b4    0000006c     OneLib.a : OneLib_Host_Profiles_gapgattserver.obj (.text.GGS_SetParameter)
                  0001a820    0000006c              : OneLib_LL_ll.obj (.text.LE_RemoveAdvSet)
                  0001a88c    0000006c              : OneLib_LL_ll_enc.obj (.text.LL_ENC_Encrypt)
                  0001a8f8    0000006c              : OneLib_LL_ll_isr.obj (.text.LL_rclAdvCallback)
                  0001a964    0000006c     nvocmp.o (.text.NVOCMP_getFreeNvApi)
                  0001a9d0    0000006c     nvocmp.o (.text.NVOCMP_readHeader)
                  0001aa3c    0000006c     OneLib.a : OneLib_LL_ll_common.obj (.text.RfBleDpl_setConnPhy)
                  0001aaa8    0000006c              : OneLib_Host_GAP_gap_perilinkmgr.obj (.text.gapPeriProcessConnUpdateCompleteEvt)
                  0001ab14    0000006c              : OneLib_Host_GAP_gap_configmgr.obj (.text.gapSendDeviceInitDoneEvent)
                  0001ab80    0000006c              : OneLib_Host_GAP_gap_configmgr.obj (.text.gapSetIRK)
                  0001abec    0000006c              : OneLib_LL_ll_ae.obj (.text.llCompareSecondaryPrimaryTasksQoSParam)
                  0001ac58    0000006c              : OneLib_LL_ll_ble.obj (.text.llSetupConnRxDataEntryQueue)
                  0001acc4    0000006c              : OneLib_LL_ll_common.obj (.text.llUpdateRxBuffersForActiveConnections)
                  0001ad30    0000006c              : OneLib_LL_ll_ae.obj (.text.llUpdateSortedAdvList)
                  0001ad9c    0000006c     ti_freertos_config.o (.text.prvCheckForValidListAndQueue)
                  0001ae08    0000006c     ti_freertos_config.o (.text.vPortGetHeapStats)
                  0001ae74    00000068     ti_freertos_config.o (.text.ClockP_start)
                  0001aedc    00000068     display_cc23x0r5.a : DisplayUart2.c.obj (.text.DisplayUart2Ansi_open)
                  0001af44    00000068     secure_drivers_cc23x0r5.a : ECDHLPF3SW.c.obj (.text.ECDHLPF3SW_getKeyResult)
                  0001afac    00000068     OneLib.a : OneLib_Host_GAP_gap_task.obj (.text.GAP_ProcessEvent)
                  0001b014    00000068     ecc.a : scalarMul.c.obj (.text.GETDIGITL2R)
                  0001b07c    00000068     icall_POSIX.o (.text.ICall_enrollService)
                  0001b0e4    00000068     OneLib.a : OneLib_LL_ll_ae.obj (.text.LL_DisableAdvSets)
                  0001b14c    00000068              : OneLib_LL_ll_privacy.obj (.text.LL_PRIV_Init)
                  0001b1b4    00000068              : OneLib_HCI_hci_event.obj (.text.LL_RemoteConnParamReqCback)
                  0001b21c    00000068              : OneLib_LL_ll.obj (.text.LL_WriteDefaultDataLen)
                  0001b284    00000068     rcl_cc23x0r5.a : LRFCC23X0.c.obj (.text.LRF_setTrimCommon)
                  0001b2ec    00000068     menu_module.o (.text.MenuModule_doInit)
                  0001b354    00000068     libclang_rt.builtins.a : comparedf2.c.obj (.text.__ledf2)
                  0001b3bc    00000068     OneLib.a : OneLib_Host_GAP_gap_linkmgr.obj (.text.gapSendPairingReqEvent)
                  0001b424    00000068              : OneLib_Host_GATT_gatt_client.obj (.text.gattReadByType)
                  0001b48c    00000068              : OneLib_Host_GAP_linkdb.obj (.text.linkDB_Authen)
                  0001b4f4    00000068              : OneLib_Host_GAP_linkdb.obj (.text.linkDB_Init)
                  0001b55c    00000068              : OneLib_LL_ll_common.obj (.text.llSetNextDataChan)
                  0001b5c4    00000068     ti_freertos_config.o (.text.mq_send)
                  0001b62c    00000068     OneLib.a : OneLib_Host_SM_sm_rsppairing.obj (.text.smpResponderProcessCentralID)
                  0001b694    00000068              : OneLib_Host_SM_sm_rsppairing.obj (.text.smpResponderProcessPairingDHKeyCheck)
                  0001b6fc    00000066              : OneLib_HCI_hci_event_raw.obj (.text.HCI_SendCommandCompleteEvent)
                  0001b762    00000002              : common_lib_opt_ctrl_stub_initiator.obj (.text.OPT_LL_DisableScanningForInitiator)
                  0001b764    00000064     secure_drivers_cc23x0r5.a : AESCommonLPF3.c.obj (.text.AESCommonLPF3_construct)
                  0001b7c8    00000064     app_main.o (.text.App_StackInitDoneHandler)
                  0001b82c    00000064     bleapputil_init.o (.text.BLEAppUtil_initHostAdvSet)
                  0001b890    00000064     secure_drivers_cc23x0r5.a : CryptoUtils.c.obj (.text.CryptoUtils_copyPad)
                  0001b8f4    00000064     OneLib.a : OneLib_HCI_hci_event.obj (.text.HCI_VendorSpecifcCommandCompleteEvent)
                  0001b958    00000064     icall_POSIX.o (.text.ICall_sendServiceComplete)
                  0001b9bc    00000064     driverlib.a : interrupt.c.obj (.text.IntSetPriority)
                  0001ba20    00000064     OneLib.a : OneLib_LL_ll.obj (.text.LL_ClearAdvSets)
                  0001ba84    00000064              : OneLib_HCI_hci_event.obj (.text.LL_ReadLocalP256PublicKeyCompleteEventCback)
                  0001bae8    00000064     rcl_cc23x0r5.a : ble5.c.obj (.text.RCL_Handler_BLE5_findRfFreq)
                  0001bb4c    00000064                    : ble5.c.obj (.text.RCL_Handler_BLE5_updateConnStats)
                  0001bbb0    00000064     app_simple_gatt.o (.text.SimpleGatt_changeCB)
                  0001bc14    00000064     drivers_cc23x0r5.a : UART2LPF3.c.obj (.text.UART2Support_dmaStopRx)
                  0001bc78    00000064     StackWrapper.a : StackWrapper_Host_gapbondmgr.obj (.text.gapBondStateDoGATTDisc)
                  0001bcdc    00000064     OneLib.a : OneLib_LL_ll_common.obj (.text.llEnqueueCtrlPkt)
                  0001bd40    00000064              : OneLib_LL_ll_common.obj (.text.llPeriUpdateConnParamsByInitiatorPhy)
                  0001bda4    00000064              : OneLib_LL_ll_scheduler.obj (.text.llScheduler_getHandle)
                  0001be08    00000064              : OneLib_LL_ll_ae.obj (.text.llSendAdvSetTermEvent)
                  0001be6c    00000064     ti_freertos_config.o (.text.xQueueGiveFromISR)
                  0001bed0    00000064     ti_freertos_config.o (.text.xTaskCreate)
                  0001bf34    00000062     StackWrapper.a : StackWrapper_Host_gapbondmgr.obj (.text.gapBondMgrBondReq)
                  0001bf96    00000002     OneLib.a : common_lib_opt_ctrl_stub_connection_handover.obj (.text.OPT_LL_Handover_SetRxBlockValue)
                  0001bf98    00000060     secure_drivers_cc23x0r5.a : AESCMACLPF3.c.obj (.text.AESCMACLPF3_hwiFxn)
                  0001bff8    00000060     OneLib.a : OneLib_Host_ATT_att_util.obj (.text.ATT_ParsePacket)
                  0001c058    00000060     bleapputil_task.o (.text.BLEAppUtil_createBLEAppUtilTask)
                  0001c0b8    00000060     ti_freertos_config.o (.text.ClockP_stop)
                  0001c118    00000060     OneLib.a : OneLib_HCI_hci.obj (.text.HCI_HostNumCompletedPktCmd)
                  0001c178    00000060              : OneLib_LL_ll_dfl.obj (.text.LL_DFL_AddEntry)
                  0001c1d8    00000060              : OneLib_LL_ll.obj (.text.LL_EncLtkNegReply)
                  0001c238    00000060     menu_module.o (.text.MenuModule_displayMenu)
                  0001c298    00000060     nvocmp.o (.text.NVOCMP_compactNvApi)
                  0001c2f8    00000060     rcl_cc23x0r5.a : ble5.c.obj (.text.RCL_BLE5_updateFilterList)
                  0001c358    00000060     simple_gatt_profile.o (.text.__RPC_sendNotification)
                  0001c3b8    00000060     simple_gatt_profile.o (.text.__RPC_sendResponse)
                  0001c418    00000060     StackWrapper.a : StackWrapper_Host_gapbondmgr.obj (.text.gapBondMgrUpdateLruBondList)
                  0001c478    00000060                    : StackWrapper_Host_gapbondmgr.obj (.text.gapBondMgr_Pair)
                  0001c4d8    00000060     icall_POSIX.o (.text.icall_directAPIva)
                  0001c538    00000060     OneLib.a : OneLib_LL_ll_common.obj (.text.llDequeueCtrlPkt)
                  0001c598    00000060              : OneLib_Host_SM_sm_task.obj (.text.smProcessLTKRequest_gapBond)
                  0001c5f8    00000060              : OneLib_Host_SM_sm_rsppairing.obj (.text.smpResponderProcessPairingPublicKey)
                  0001c658    00000060     ti_freertos_config.o (.text.xTaskPriorityDisinherit)
                  0001c6b8    0000005e     OneLib.a : OneLib_Host_L2CAP_l2cap_util.obj (.text.l2capNotifyEvent)
                  0001c716    00000002              : common_lib_opt_ctrl_stub_past_receiver.obj (.text.OPT_LL_PAST_R_DynamicFree)
                  0001c718    0000005c     secure_drivers_cc23x0r5.a : AESECBLPF3.c.obj (.text.AESECBLPF3_hwiFxn)
                  0001c774    0000005c     bleapputil_stack_callbacks.o (.text.BLEAppUtil_advCB)
                  0001c7d0    0000005c     ti_freertos_config.o (.text.ClockP_walkQueueDynamic)
                  0001c82c    0000005c     secure_drivers_cc23x0r5.a : CryptoResourceLPF3.c.obj (.text.CryptoResourceLPF3_constructRTOSObjects)
                  0001c888    0000005c     OneLib.a : OneLib_Host_GAP_gap_advertiser.obj (.text.GapAdv_abortLoad)
                  0001c8e4    0000005c              : OneLib_HCI_hci_event_raw.obj (.text.HCI_getPacketLen)
                  0001c940    0000005c     icall_POSIX.o (.text.ICall_createRemoteTasksAtRuntime)
                  0001c99c    0000005c     icall_POSIX.o (.text.ICall_fetchMsg)
                  0001c9f8    0000005c     OneLib.a : OneLib_LL_ll.obj (.text.LL_Disconnect)
                  0001ca54    0000005c              : OneLib_LL_ll_enc.obj (.text.LL_ENC_DecryptMsg)
                  0001cab0    0000005c              : OneLib_LL_ll.obj (.text.LL_RemoveDeviceFromResolvingList)
                  0001cb0c    0000005c              : OneLib_LL_ll.obj (.text.LL_SetAddressResolutionEnable)
                  0001cb68    0000005c              : OneLib_LL_ll.obj (.text.LL_SetRandomAddress)
                  0001cbc4    0000005c     nvocmp.o (.text.NVOCMP_checkItem)
                  0001cc20    0000005c     rcl_cc23x0r5.a : adc_noise.c.obj (.text.RCL_Handler_Adc_Noise_powerDown)
                  0001cc7c    0000005c     StackWrapper.a : StackWrapper_Host_sm_ecc.obj (.text.SM_p256KeyCB)
                  0001ccd8    0000005c     simple_gatt_profile.o (.text.SimpleGattProfile_getParameter)
                  0001cd34    0000005c     simple_gatt_profile.o (.text.SimpleGattProfile_setParameter)
                  0001cd90    0000005c     StackWrapper.a : StackWrapper_Host_gapbondmgr.obj (.text.gapBondMgr_UpdateCharCfg)
                  0001cdec    0000005c     OneLib.a : OneLib_Host_GAP_gap_configmgr.obj (.text.gap_ParamsInit)
                  0001ce48    0000005c              : OneLib_LL_ll_common.obj (.text.llQueryTxQueue)
                  0001cea4    0000005c     StackWrapper.a : StackWrapper_OSAL_osal_cbtimer.obj (.text.osal_CbTimerUpdate)
                  0001cf00    0000005c                    : StackWrapper_OSAL_osal_timers.obj (.text.osal_timer_refTimeUpdate)
                  0001cf5c    0000005c     ti_freertos_config.o (.text.prvIdleTask)
                  0001cfb8    0000005c     OneLib.a : OneLib_Host_SM_sm_rsppairing.obj (.text.smResponderAuthStageTwo)
                  0001d014    0000005a     StackWrapper.a : StackWrapper_Host_gapbondmgr.obj (.text.GapBondMgr_GetPrevAuth)
                  0001d06e    0000005a     nvocmp.o (.text.NVOCMP_verifyCRC)
                  0001d0c8    0000005a     libclang_rt.builtins.a : clzsi2.c.obj (.text.__clzsi2)
                  0001d122    0000005a     OneLib.a : OneLib_LL_ll_common.obj (.text.llValidateConnectIndPkt)
                  0001d17c    0000005a     libclang_rt.builtins.a : aeabi_dcmp.S.obj (.text)
                  0001d1d6    00000002     OneLib.a : common_lib_opt_ctrl_stub_past_receiver.obj (.text.OPT_LL_PAST_R_ProcessIndPackets)
                  0001d1d8    00000058     secure_drivers_cc23x0r5.a : AESECBLPF3.c.obj (.text.AESECBLPF3_processData)
                  0001d230    00000058     bleapputil_init.o (.text.BLEAppUtil_init)
                  0001d288    00000058     bleapputil_process.o (.text.BLEAppUtil_processStackEvents)
                  0001d2e0    00000058     drivers_cc23x0r5.a : Button.c.obj (.text.Button_gpioCallbackFxn)
                  0001d338    00000058     app_dev_info.o (.text.DevInfo_start)
                  0001d390    00000058     icall_POSIX.o (.text.ICall_workerThreadSendMsg)
                  0001d3e8    00000058     OneLib.a : OneLib_LL_ll.obj (.text.LE_SetExtScanRspData)
                  0001d440    00000058              : OneLib_LL_ll.obj (.text.LE_checkAdvConnStatus)
                  0001d498    00000058              : OneLib_LL_ll.obj (.text.LL_GenerateDHKeyCmd)
                  0001d4f0    00000058              : OneLib_HCI_hci_event_raw.obj (.text.LL_ReadRemoteUsedFeaturesCompleteCback)
                  0001d548    00000058     rcl_cc23x0r5.a : LRFCC23X0.c.obj (.text.LRF_setRxFifoEffSz)
                  0001d5a0    00000058     menu_module.o (.text.MenuModule_displayItem)
                  0001d5f8    00000058     drivers_cc23x0r5.a : PowerCC23X0.c.obj (.text.Power_releaseDependency)
                  0001d650    00000058                        : PowerCC23X0.c.obj (.text.Power_setDependency)
                  0001d6a8    00000058     StackWrapper.a : StackWrapper_Host_gapbondmgr.obj (.text.gapBondMgrChangeState)
                  0001d700    00000058     OneLib.a : OneLib_Host_GATT_gatt_server.obj (.text.gattProcessReadMultiReq)
                  0001d758    00000058              : OneLib_LL_ll_common.obj (.text.llSetupDenyList)
                  0001d7b0    00000058              : OneLib_LL_ll_common.obj (.text.llShellSortActiveConns)
                  0001d808    00000058     ti_freertos_config.o (.text.pthread_exit)
                  0001d860    00000058     OneLib.a : OneLib_Host_SM_sm_pairing.obj (.text.smDetermineIOCaps)
                  0001d8b8    00000058              : OneLib_Host_SM_sm_pairing.obj (.text.smSendPublicKeys)
                  0001d910    00000058     osal_icall_ble.o (.text.stack_main)
                  0001d968    00000058     ti_freertos_config.o (.text.vTaskStartScheduler)
                  0001d9c0    00000058     ti_freertos_config.o (.text.xQueueGenericCreate)
                  0001da18    00000056     StackWrapper.a : StackWrapper_Host_gapbondmgr.obj (.text.GAPBondMgr_ReadLocalLTK)
                  0001da6e    00000056     OneLib.a : OneLib_LL_ll.obj (.text.LE_SetExtAdvData)
                  0001dac4    00000056              : OneLib_Host_GATT_gatt_client.obj (.text.gattFindByTypeValue)
                  0001db1a    00000056              : OneLib_LL_ll_common.obj (.text.llBuildCtrlPktPeri)
                  0001db70    00000056              : OneLib_LL_ll_dfl.obj (.text.llDFLUpdateRanks)
                  0001dbc6    00000056     ti_freertos_config.o (.text.memalign)
                  0001dc1c    00000056     libclang_rt.builtins.a : aeabi_idivmod.S.obj (.text)
                  0001dc72    00000002     OneLib.a : common_lib_opt_ctrl_stub_past_receiver.obj (.text.OPT_LL_PAST_R_ResetConnParamsToDefault)
                  0001dc74    00000054     bleapputil_init.o (.text.BLEAppUtil_stackInit)
                  0001dcc8    00000054     ti_drivers_config.o (.text.Board_shutDownExtFlash)
                  0001dd1c    00000054     OneLib.a : OneLib_LL_crypto_port_simplelink.obj (.text.CryptoP_AESECB)
                  0001dd70    00000054     display_cc23x0r5.a : Display.c.obj (.text.Display_doOpen)
                  0001ddc4    00000054     OneLib.a : OneLib_Host_GAP_gap_perilinkmgr.obj (.text.GAP_SendPeripheralSecurityRequest)
                  0001de18    00000054              : OneLib_Host_GAP_gap_configmgr.obj (.text.GapConfig_SetParameter)
                  0001de6c    00000054     icall_POSIX.o (.text.ICall_newTask)
                  0001dec0    00000054     icall_POSIX.o (.text.ICall_registerApp)
                  0001df14    00000054     OneLib.a : OneLib_HCI_hci_event.obj (.text.LL_GenerateDHKeyCompleteEventCback)
                  0001df68    00000054              : OneLib_LL_ll_privacy.obj (.text.LL_PRIV_GenerateRPA)
                  0001dfbc    00000054     rcl_cc23x0r5.a : LRFCC23X0.c.obj (.text.LRF_readRxFifoWords)
                  0001e010    00000054     menu_module.o (.text.MenuModule_initButtons)
                  0001e064    00000054     rcl_cc23x0r5.a : RCL.c.obj (.text.RCL_Command_pend)
                  0001e0b8    00000054                    : RCL_Scheduler.c.obj (.text.RCL_Scheduler_setStartStopTimeEarliestStart)
                  0001e10c    00000054     simple_gatt_profile.o (.text.SimpleGattProfile_addService)
                  0001e160    00000054     drivers_cc23x0r5.a : UART2.c.obj (.text.UART2_readCancel)
                  0001e1b4    00000054     OneLib.a : OneLib_Host_GAP_gap_linkmgr.obj (.text.gapPasskeyNeededCB)
                  0001e208    00000054              : OneLib_Host_GATT_gatt_task.obj (.text.gattNotifyEvent)
                  0001e25c    00000054     rcl_cc23x0r5.a : hal_cc23x0.c.obj (.text.hal_check_clear_timer_compare)
                  0001e2b0    00000054     OneLib.a : OneLib_Host_L2CAP_l2cap_util.obj (.text.l2capSendFCPkt)
                  0001e304    00000054              : OneLib_LL_ll_common.obj (.text.llAllocatePDU)
                  0001e358    00000054              : OneLib_LL_ll_data.obj (.text.llDynamicFree_connectable)
                  0001e3ac    00000054              : OneLib_LL_ll_common.obj (.text.llSetCodedMaxTxTime)
                  0001e400    00000054              : OneLib_LL_ll_common.obj (.text.llVerifyCodedConnInterval)
                  0001e454    00000054              : OneLib_LL_ll_ecc.obj (.text.ll_GenerateDHKey)
                  0001e4a8    00000054     StackWrapper.a : StackWrapper_OSAL_osal_clock.obj (.text.osalAdjustTimer)
                  0001e4fc    00000054                    : StackWrapper_OSAL_osal_bufmgr.obj (.text.osal_bm_alloc)
                  0001e550    00000054     main_freertos.o (.text.ping_device)
                  0001e5a4    00000054     rcl_cc23x0r5.a : RCL.c.obj (.text.rclPowerNotify)
                  0001e5f8    00000054     OneLib.a : OneLib_Host_SM_sm_rsppairing.obj (.text.smpResponderProcessIdentityAddrInfo)
                  0001e64c    00000052     StackWrapper.a : StackWrapper_Host_gap.obj (.text.GAP_DeviceInit_per_role)
                  0001e69e    00000052     OneLib.a : OneLib_LL_ll.obj (.text.LL_EncLtkReply)
                  0001e6f0    00000052              : OneLib_Host_GAP_gap_devmgr.obj (.text.gapFindADType)
                  0001e742    00000052              : OneLib_Host_GATT_gatt_client.obj (.text.gattPrepareWriteReq)
                  0001e794    00000052              : OneLib_LL_ll_common.obj (.text.llGetNextDataChanAlgo1)
                  0001e7e6    00000052              : OneLib_LL_ll_ble.obj (.text.llMoveTempTxDataEntries)
                  0001e838    00000052              : OneLib_Host_SMP_smp.obj (.text.smSendSMMsg)
                  0001e88a    00000002              : common_lib_opt_ctrl_stub_past_receiver.obj (.text.OPT_LL_PAST_R_SetFeatureBit)
                  0001e88c    00000050     secure_drivers_cc23x0r5.a : AESCCMLPF3.c.obj (.text.AESCCMLPF3_processB1withAAD)
                  0001e8dc    00000050                               : AESCTRLPF3.c.obj (.text.AESCTRLPF3_configDataDMA)
                  0001e92c    00000050     bleapputil_process.o (.text.BLEAppUtil_convertGATTEvents)
                  0001e97c    00000050     bleapputil_stack_callbacks.o (.text.BLEAppUtil_passcodeCB)
                  0001e9cc    00000050     app_connection.o (.text.Connection_HciGAPEventHandler)
                  0001ea1c    00000050     secure_drivers_cc23x0r5.a : ECCInitLPF3SW.c.obj (.text.ECCInitLPF3SW_NISTP256)
                  0001ea6c    00000050     OneLib.a : OneLib_Host_GAP_gap_linkmgr.obj (.text.GAP_Signable)
                  0001eabc    00000050              : OneLib_Host_GAP_gap_advertiser.obj (.text.GapAdv_setEventMask)
                  0001eb0c    00000050     StackWrapper.a : StackWrapper_Host_gapbondmgr.obj (.text.GapBondMgr_StartEnc)
                  0001eb5c    00000050     OneLib.a : OneLib_HCI_hci_event.obj (.text.HCI_CommandStatusEvent)
                  0001ebac    00000050              : OneLib_HCI_hci_event_raw.obj (.text.HCI_SendEventToHost)
                  0001ebfc    00000050              : OneLib_LL_ll_enc.obj (.text.LL_ENC_AES128_Encrypt)
                  0001ec4c    00000050     rcl_cc23x0r5.a : ble5.c.obj (.text.RCL_Handler_BLE5_initAdvScanInitStats)
                  0001ec9c    00000050     secure_drivers_cc23x0r5.a : RNGLPF3RF.c.obj (.text.RNG_construct)
                  0001ecec    00000050     drivers_cc23x0r5.a : UDMALPF3.c.obj (.text.UDMALPF3_init)
                  0001ed3c    00000050     StackWrapper.a : StackWrapper_Host_gapbondmgr.obj (.text.gapBondMgrReadBonds)
                  0001ed8c    00000050                    : StackWrapper_Host_gapbondmgr.obj (.text.gapBondMgr_SupportsCentAddrRes)
                  0001eddc    00000050     OneLib.a : OneLib_Host_GAP_gap_perilinkmgr.obj (.text.gapPeriProcessConnEvt)
                  0001ee2c    00000050              : OneLib_Host_GAP_gap_perilinkmgr.obj (.text.gap_PeriConnRegister)
                  0001ee7c    00000050              : OneLib_Host_L2CAP_l2cap_util.obj (.text.l2capAllocConnChannel)
                  0001eecc    00000050              : OneLib_LL_ll_ae.obj (.text.llSendAdvSetEndEvent)
                  0001ef1c    00000050     StackWrapper.a : StackWrapper_OSAL_osal_cbtimer.obj (.text.osal_CbTimerStop)
                  0001ef6c    00000050     ti_freertos_config.o (.text.realloc)
                  0001efbc    00000050     OneLib.a : OneLib_Host_SM_sm_pairing.obj (.text.smGenerateAddrInput_sPatch)
                  0001f00c    00000050              : OneLib_Host_SM_sm_pairing.obj (.text.smProcessPairingReq)
                  0001f05c    00000050              : OneLib_Host_SM_sm_mgr.obj (.text.sm_s1)
                  0001f0ac    00000050     ti_freertos_config.o (.text.xTaskCreateStatic)
                  0001f0fc    0000004e     OneLib.a : OneLib_Host_ATT_att_util.obj (.text.ATT_CompareUUID)
                  0001f14a    0000004e     ti_drivers_config.o (.text.Board_sendExtFlashByte)
                  0001f198    0000004c     secure_drivers_cc23x0r5.a : AESCommonLPF3.c.obj (.text.AESCommonLPF3_cleanup)
                  0001f1e4    0000004c     bleapputil_process.o (.text.BLEAppUtil_convertHCIGAPEvents)
                  0001f230    0000004c     OneLib.a : OneLib_LL_crypto_port_simplelink.obj (.text.CryptoP_ECDHInit)
                  0001f27c    0000004c              : OneLib_Host_GAP_gap_linkmgr.obj (.text.GAP_PasscodeUpdate)
                  0001f2c8    0000004c              : OneLib_Host_GAP_gap_linkmgr.obj (.text.GAP_TerminateLinkReq)
                  0001f314    0000004c              : OneLib_Host_Profiles_gattservapp.obj (.text.GATTServApp_AddService)
                  0001f360    0000004c     StackWrapper.a : StackWrapper_Host_gattservapp_util.obj (.text.GATTServApp_ProcessCCCWriteReq)
                  0001f3ac    0000004c     OneLib.a : OneLib_Host_Profiles_gattservapp.obj (.text.GATTServApp_SendCCCUpdatedEvent)
                  0001f3f8    0000004c              : OneLib_Host_GATT_gatt_task.obj (.text.GATT_UpdateMTU)
                  0001f444    0000004c              : OneLib_HCI_hci_event.obj (.text.HCI_HardwareErrorEvent)
                  0001f490    0000004c              : OneLib_HCI_hci_event_raw.obj (.text.HCI_InitEventMasks)
                  0001f4dc    0000004c              : OneLib_HCI_hci.obj (.text.HCI_LE_ConnUpdateCmd)
                  0001f528    0000004c              : OneLib_HCI_hci_event.obj (.text.HCI_NumOfCompletedPacketsEvent)
                  0001f574    0000004c     driverlib.a : interrupt.c.obj (.text.IntSetPend)
                  0001f5c0    0000004c     OneLib.a : OneLib_LL_ll.obj (.text.LL_ClearResolvingList)
                  0001f60c    0000004c              : OneLib_LL_ll.obj (.text.LL_clearAllActiveConns)
                  0001f658    0000004c     driverlib.a : lrfd.c.obj (.text.LRFDApplyClockDependencies)
                  0001f6a4    0000004c     rcl_cc23x0r5.a : LRFCC23X0.c.obj (.text.LRF_programTemperatureCompensatedTxPower)
                  0001f6f0    0000004c                    : LRFCC23X0.c.obj (.text.LRF_writeTxFifoWords)
                  0001f73c    0000004c     ti_freertos_config.o (.text.MessageQueueP_post)
                  0001f788    0000004c     rcl_cc23x0r5.a : RCL.c.obj (.text.RCL_open)
                  0001f7d4    0000004c     ti_freertos_config.o (.text.SemaphoreP_construct)
                  0001f820    0000004c     ti_freertos_config.o (.text.__aeabi_errno_addr)
                  0001f86c    0000004c     OneLib.a : OneLib_Host_GAP_gap_configmgr.obj (.text.gapReadBufSizeCmdStatus)
                  0001f8b8    0000004c              : OneLib_Host_Profiles_gattservapp.obj (.text.gattServApp_ClearPrepareWriteQ)
                  0001f904    0000004c              : OneLib_LL_ll_common.obj (.text.llGenPrnE)
                  0001f950    0000004c              : OneLib_LL_ll_common.obj (.text.llProcessChanMap)
                  0001f99c    0000004c              : OneLib_LL_ll_common.obj (.text.llReleaseAllConnId)
                  0001f9e8    0000004c              : OneLib_LL_ll_ae.obj (.text.llRemoveAdvSortedEntry)
                  0001fa34    0000004c              : OneLib_LL_ll_scheduler.obj (.text.llSelectTaskAdv)
                  0001fa80    0000004c              : OneLib_LL_ll_common.obj (.text.llSetStarvationMode)
                  0001facc    0000004c              : OneLib_LL_ll_common.obj (.text.llTrySendCtrlPktImmed)
                  0001fb18    0000004c              : OneLib_LL_ll_ecc.obj (.text.ll_eccInit)
                  0001fb64    0000004c     ti_freertos_config.o (.text.removeThreadKeys)
                  0001fbb0    0000004c     OneLib.a : OneLib_Host_SM_sm_pairing.obj (.text.sm_computeDHKey)
                  0001fbfc    0000004c     ti_freertos_config.o (.text.xTaskCheckForTimeOut)
                  0001fc48    0000004a     rcl_cc23x0r5.a : LRF.c.obj (.text.LRF_loadImage)
                  0001fc92    0000004a     ti_freertos_config.o (.text.calloc)
                  0001fcdc    0000004a     OneLib.a : OneLib_Host_GAP_linkdb.obj (.text.linkDB_GetInfo)
                  0001fd26    0000004a              : OneLib_LL_ll_common.obj (.text.llGetNextDataChanAlgo2)
                  0001fd70    0000004a     ecc.a : lowlevelapi.c.obj (.text.zADD32)
                  0001fdba    00000002     OneLib.a : common_lib_opt_ctrl_stub_past_receiver.obj (.text.OPT_LL_PAST_R_SetLastRxPacketLen)
                  0001fdbc    0000004a     libclang_rt.builtins.a : fixdfsi.S.obj (.text)
                  0001fe06    00000002     OneLib.a : common_lib_opt_ctrl_stub_past_receiver.obj (.text.OPT_LL_PAST_R_SetMaxRXOctets)
                  0001fe08    00000048     secure_drivers_cc23x0r5.a : AESCCMLPF3.c.obj (.text.AESCCMLPF3_processCTRCounterBlock)
                  0001fe50    00000048                               : AESCCMLPF3.c.obj (.text.AESCCMLPF3_processOneStepCTRPolling)
                  0001fe98    00000048     bleapputil_process.o (.text.BLEAppUtil_callEventHandler)
                  0001fee0    00000048     bleapputil_init.o (.text.BLEAppUtil_invokeFunction)
                  0001ff28    00000048     bleapputil_stack_callbacks.o (.text.BLEAppUtil_processStackMsgCB)
                  0001ff70    00000048     bleapputil_init.o (.text.BLEAppUtil_registerEventHandler)
                  0001ffb8    00000048     ti_freertos_config.o (.text.ClockP_construct)
                  00020000    00000048     OneLib.a : OneLib_Host_Profiles_gattservapp.obj (.text.GATTServApp_SendServiceChangedInd)
                  00020048    00000048     icall_POSIX.o (.text.ICall_wait)
                  00020090    00000048     OneLib.a : OneLib_LL_ll_ae.obj (.text.LL_AE_Init)
                  000200d8    00000048              : OneLib_HCI_hci_event.obj (.text.LL_ConnParamUpdateCback)
                  00020120    00000048              : OneLib_HCI_hci_event.obj (.text.LL_ConnParamUpdateRejectCback)
                  00020168    00000048              : OneLib_HCI_hci_event.obj (.text.LL_DataLengthChangeEventCback)
                  000201b0    00000048              : OneLib_HCI_hci_event.obj (.text.LL_EncLtkReqCback)
                  000201f8    00000048              : OneLib_LL_ll.obj (.text.LL_RemoteConnParamReqNegReply)
                  00020240    00000048              : OneLib_LL_ll.obj (.text.LL_SetResolvablePrivateAddressTimeout)
                  00020288    00000048     rcl_cc23x0r5.a : LRFCC23X0.c.obj (.text.LRF_setTemperatureTrim)
                  000202d0    00000048     ti_freertos_config.o (.text.MessageQueueP_pend)
                  00020318    00000048     nvocmp.o (.text.NVOCMP_loadApiPtrsMin)
                  00020360    00000048     nvocmp.o (.text.NVOCMP_readItem)
                  000203a8    00000048     drivers_cc23x0r5.a : NVS.c.obj (.text.NVS_open)
                  000203f0    00000048                        : PowerCC23X0.c.obj (.text.PowerCC23X0_hfxtAmpsettledTimeout)
                  00020438    00000048                        : PowerCC23X0.c.obj (.text.PowerLPF3_getHfxtAmpAdjustment)
                  00020480    00000048     rcl_cc23x0r5.a : RCL_Scheduler.c.obj (.text.RCL_Scheduler_postEvent)
                  000204c8    00000048     drivers_cc23x0r5.a : RingBuf.c.obj (.text.RingBuf_put)
                  00020510    00000048                        : TemperatureLPF3.c.obj (.text.degreesToCode)
                  00020558    00000048     StackWrapper.a : StackWrapper_Host_gapbondmgr.obj (.text.gapBondStateStartNextGATTDisc)
                  000205a0    00000048     OneLib.a : OneLib_Host_GAP_gap_linkmgr.obj (.text.gapFreeAuthLink)
                  000205e8    00000048              : OneLib_Host_GATT_gatt_server.obj (.text.gattProcessReadByGrpTypeReq)
                  00020630    00000048              : OneLib_HCI_hci_event_raw.obj (.text.hciAllocAndPrepHciEvtPkt)
                  00020678    00000048              : OneLib_Host_L2CAP_l2cap_util.obj (.text.l2capNotifySignal)
                  000206c0    00000048              : OneLib_Host_L2CAP_l2cap_util.obj (.text.l2capSendPkt)
                  00020708    00000048              : OneLib_LL_ll_common.obj (.text.llCalcConnMissCount)
                  00020750    00000048              : OneLib_LL_ll_common.obj (.text.llConnSetupBuffers)
                  00020798    00000048              : OneLib_LL_ll_common.obj (.text.llCreateCommonFeatureSet)
                  000207e0    00000048              : OneLib_LL_ll_common.obj (.text.llPostSetupCtrlPktPeri)
                  00020828    00000048              : OneLib_LL_ll_scheduler.obj (.text.llSchedulerInit)
                  00020870    00000048              : OneLib_LL_ll_common.obj (.text.llSendReject)
                  000208b8    00000048              : OneLib_LL_ll_common.obj (.text.llSetPhy)
                  00020900    00000048              : OneLib_LL_ll_scheduler.obj (.text.llSetTaskAdv)
                  00020948    00000048     ti_freertos_config.o (.text.mq_receive)
                  00020990    00000048     StackWrapper.a : StackWrapper_OSAL_osal.obj (.text.osal_msg_extract)
                  000209d8    00000048     ti_freertos_config.o (.text.prvInsertBlockIntoFreeList)
                  00020a20    00000048     ti_freertos_config.o (.text.pthread_mutex_unlock)
                  00020a68    00000048     OneLib.a : OneLib_Host_GAP_gap_linkmgr.obj (.text.sendTerminateEvent)
                  00020ab0    00000048              : OneLib_Host_SM_sm_rsppairing.obj (.text.smpResponderProcessSigningInfo)
                  00020af8    00000048     ti_freertos_config.o (.text.xTimerCreateTimerTask)
                  00020b40    00000044     secure_drivers_cc23x0r5.a : AESCMACLPF3.c.obj (.text.AESCMACLPF3_generateSubKey)
                  00020b84    00000044                               : AESCMACLPF3.c.obj (.text.AESCMACLPF3_processBlocks)
                  00020bc8    00000044     OneLib.a : OneLib_LL_ll_al.obj (.text.AL_Alloc)
                  00020c0c    00000044     bleapputil_task.o (.text.BLEAppUtil_convertBdAddr2Str)
                  00020c50    00000044     secure_drivers_cc23x0r5.a : ECCInitLPF3SW.c.obj (.text.ECCInitLPF3SW_Curve25519)
                  00020c94    00000044     OneLib.a : OneLib_Host_GATT_gatt_server.obj (.text.GATT_FindHandle)
                  00020cd8    00000044     drivers_cc23x0r5.a : GPIOLPF3.c.obj (.text.GPIO_setInterruptConfig)
                  00020d1c    00000044     OneLib.a : OneLib_Host_GAP_gap_advertiser.obj (.text.GapAdv_disable)
                  00020d60    00000044              : OneLib_HCI_TL_hci_tl.obj (.text.HCI_Init)
                  00020da4    00000044              : OneLib_HCI_TL_hci_tl.obj (.text.HCI_ProcessEvent)
                  00020de8    00000044              : OneLib_LL_ll_enc.obj (.text.LL_ENC_EncryptMsg)
                  00020e2c    00000044              : OneLib_LL_ll_privacy.obj (.text.LL_PRIV_ResolveRPA)
                  00020e70    00000044     app_peripheral.o (.text.Peripheral_start)
                  00020eb4    00000044     rcl_cc23x0r5.a : RCL_Buffer.c.obj (.text.RCL_MultiBuffer_ListInfo_init)
                  00020ef8    00000044                    : RCL_Buffer.c.obj (.text.RCL_MultiBuffer_getBuffer)
[...]
20006e30  llTaskList                                       
20006e40  localCryptoKey                                   
20006e50  localPrivateKey                                  
20006e60  localPublicKey                                   
20006e70  operationECB                                     
20006e80  operationGeneratePublicKey                       
20006e90  remotePublicKey                                  
20006ea0  sharedSecret                                     
20006eb0  swParamList                                      
20006ee8  displayUart2Object                               
20006f0c  BLEAppUtil_threadEntity                          
20006f14  POSIX_args                                       
20006f1c  RNGLPF3RF_objects                                
20006f24  gParamUpdateReq                                  
20006f2c  llConnEvtNotice                                  
20006f34  llConns                                          
20006f3c  privInfo                                         
20006f44  rclState                                         
20006f4c  gapCurrentRandomAddr                             
20006f52  connInitialMaxTxOctets                           
20006f54  ownPublicAddr                                    
20006f5a  connInitialMaxTxTime                             
20006f5c  ownRandomAddr                                    
20006f62  connInitialMaxTxTimeCoded                        
20006f64  ownSavedPublicAddr                               
20006f6a  verInfo                                          
20006f75  gAntennasInfo                                    
20006f90  BDAddrPerConnHandle                              
20006f94  SysBootMsg                                       
20006f98  __pLen                                           
20006f9c  __pValue                                         
20006fa0  activeConns                                      
20006fa4  appInitDoneHandler                               
20006fa8  dtmInfo                                          
20006fac  ecdhHandle                                       
20006fb0  encHandleCCM                                     
20006fb4  encHandleECB                                     
20006fb8  errorHandlerCb                                   
20006fbc  extStackSettings                                 
20006fc0  handle_left                                      
20006fc4  handle_right                                     
20006fc8  l2capChannels                                    
20006fcc  l2capPsm                                         
20006fd0  linkDB                                           
20006fd4  llECCCurveParams                                 
20006fd8  operationResult                                  
20006fdc  osal_last_timestamp                              
20006fe0  osal_max_msecs                                   
20006fe4  osal_qHead                                       
20006fe8  osal_syncHandle                                  
20006fec  osal_tickperiod                                  
20006ff0  pNextAdvSet                                      
20006ff4  pRfPathComp                                      
20006ff8  priParams                                        
20006ffc  rcpCommandCount                                  
20007000  rcpThreadHandle                                  
20007004  resolvingList                                    
20007008  rfHandle                                         
2000700c  rngHandle                                        
20007010  taskEndAction                                    
20007014  tasksEvents                                      
20007018  timerHead                                        
2000701c  connInitialMaxTxTimeUncoded                      
2000701e  maximumPduSize                                   
20007020  pwrmgr_attribute                                 
20007022  readUUID                                         
20007024  supportedMaxRxOctets                             
20007026  supportedMaxRxTime                               
20007028  supportedMaxTxOctets                             
2000702a  supportedMaxTxTime                               
2000702c  LL_TaskID                                        
2000702d  NVOCMP_size                                      
2000702e  NVSLPF3_objects                                  
2000702f  __counter                                        
20007030  adcNoiseHandlerState                             
20007031  aeCurAdvEnableHandle                             
20007032  aeCurConnHandle                                  
20007033  aeCurHandle                                      
20007034  alSize                                           
20007035  defaultPhy                                       
20007036  extInitIndex                                     
20007037  extScanIndex                                     
20007038  fastTxRespTime                                   
20007039  gAction                                          
2000703a  gCurTxPowerVal                                   
2000703b  gapDeviceAddrMode                                
2000703c  gapTaskID                                        
2000703d  gattNumConns                                     
2000703e  gattTaskID                                       
2000703f  hciGapTaskID                                     
20007040  hciL2capTaskID                                   
20007041  hciSmpTaskID                                     
20007042  hciTaskID                                        
20007043  hciTestTaskID                                    
20007044  hciVsEvtMask                                     
20007045  icall_liteTaskId                                 
20007046  l2capNumChannels                                 
20007047  l2capTaskID                                      
20007048  l2cap_gattServAppTaskID                          
20007049  linkDBNumConns                                   
2000704a  llCryptoMode                                     
2000704b  llECDHMode                                       
2000704c  llState                                          
2000704d  maxNumConns                                      
2000704e  maxNumTxDataBufs                                 
2000704f  maxTxPwrForDTM                                   
20007050  numActiveAdvSets                                 
20007051  numComplPkts                                     
20007052  numComplPktsFlush                                
20007053  numComplPktsLimit                                
20007054  numTxDataBufs                                    
20007055  onePktPerEvt                                     
20007056  osal_entity                                      
20007057  peripheralAdvHandles                             
20007058  rlSize                                           
20007059  rxFifoFlowCtrl                                   
2000705a  secondaryAdvChannelMapPopCount                   
2000705b  slOverride                                       
2000705c  smGenerateDHKeyStatus                            
2000705d  smReadLocalP256PublicKeyStatus                   
2000705e  smTaskID                                         
20007310  gapAttrTbl                                       
200074ee  devInfoHardwareRev                               
20007542  smExpectAppKeysInd                               
20007543  SM_appTaskID                                     
200076dc  HwiP_swiPIntNum                                  
200076f8  gpioPinConfigs                                   
20007760  gapBond_removeLRUBond                            
20007761  gapBond_syncRL                                   
2000777c  gapBondStateNodeHead                             
20007780  gapBond_lruBondList                              
20007790  clientCbs                                        
200077a4  gapBond_remoteOobData                            
20007928  pairMode                                         
20007929  mitm                                             
2000792a  ioCap                                            
2000792b  bonding                                          
2000792c  secureConnection                                 
2000792d  authenPairingOnly                                
2000792e  autoSyncAL                                       
2000792f  eccReGenPolicy                                   
20007930  KeySize                                          
20007931  removeLRUBond                                    
20007932  KeyDistList                                      
20007933  eccDebugKeys                                     
20007934  allowDebugKeys                                   
20007935  eraseBondWhileInConn                             
20007936  sameIrkAction                                    
20007937  advData1                                         
20007940  advParams1                                       
2000795c  scanResData1                                     
200079c4  llUserConfig                                     
20007a0c  sm_eccKeys_sc_host_debug                         
20007a4c  ctrlToHostEnable                                 
20007a4e  numHostBufs                                      
20007a50  centAddrRes                                      
20007a51  resolvablePrivateAddressOnly                     
20007a52  appearance                                       
20007a58  periConnParameters                               
20007a60  deviceName                                       
20007ada  gapAppTaskID                                     
20007adb  gapEndAppTaskID                                  
20007adc  linkParam                                        
20007ae0  rxDataQ                                          
20007b04  appMainPeriCentParams                            
20007b0c  appMainParams                                    
20007b30  dispHandle                                       
20007b54  eccParams_NISTP256                               
20007b78  gapProfileRole                                   
20007b79  gapConfig_IRK                                    
20007b89  gapConfig_SRK                                    
20007b9c  enckey                                           
20007bbc  attDeviceName                                    
20007bdc  gapParameters                                    
20007bfa  baseTaskID                                       
20007bfe  rclTemperatureThreshold                          
20007c18  hciEvtMaskLe                                     
20007c20  hciEvtMaskPage1                                  
20007c28  hciEvtMaskPage2                                  
20007c30  connectionConnHandler                            
20007c3c  connectionHciGAPHandler                          
20007c48  pairingPasscodeHandler                           
20007c54  PairingPairStateHandler                          
20007c60  peripheralConnHandler                            
20007c6c  peripheralAdvHandler                             
20007c78  user0Cfg                                         
20007c80  test_rcp_callbacks                               
20007c90  DisplayUart2Ansi_escInitial                      
20007ca4  randomAddressConfigured                          
20007ca8  defaultChannelMap                                
20007cb0  secondaryAdvChannelMap                           
20007cb5  devInfo11073CertUUID                             
20007cb7  appTaskID                                        
20007cbc  writeUUID                                        
20007cbe  cccdStatus                                       
20007d0d  devInfoFirmwareRevUUID                           
20007d0f  appearanceCharProps                              
20007d20  maxSupportedAdvSets                              
20007d21  aePeripheralSCA                                  
20007d24  advSetList                                       
20007d28  extScanInfo                                      
20007d2c  extInitInfo                                      
20007d34  osal_eventloop_hook                              
20007d38  osal_icallMsg_hook                               
20007d40  BLEAppUtilLocal_GeneralParams                    
20007d44  BLEAppUtilLocal_PeriCentParams                   
20007d48  BLEAppUtil_bondMgrCBs                            
20007d60  eccCryptoKey                                     
20007d70  encCryptoKey                                     
20007d8f  gapBondParams                                    
20007dab  att_sendRspOnly                                  
20007dac  pPairingParams                                   
20007db0  pfnResponderCBs                                  
20007db4  pfnInitiatorCBs                                  
20007db8  alTable                                          
20007dbc  alTableScan                                      
20007dc0  gDenyList                                        
20007dd0  ICall_enterCriticalSection                       
20007dd4  ICall_leaveCriticalSection                       
20007dd8  ICall_dispatcher                                 
20007ddc  halSchedFsmCb                                    
20007de0  halDispatchFsmCb                                 
20007de4  halCommandFsmCb                                  
20007de8  bleAppServiceInfoTable                           
20007df4  dataGATTHandler                                  
20007e00  hciEvtMask                                       
20007e1e  devInfoHardwareRevUUID                           
20007e38  terminateReason                                  
20007e3a  gParamUpdateConnHandle                           
20007e3c  pAuthLink                                        
20007e58  assertSubcause                                   
20007e59  legacyMode                                       
20007e5c  halAssertCback                                   
20007e60  bm_preReleaseBuffCB                              
20007e68  OSAL_timeSeconds                                 
20007e70  fXtalInv                                         
20007e78  rclHandles                                       
20007e88  l2capNumDataPkts                                 
20007e89  flowCtrlTaskId                                   
20007e8a  flowCtrlFwdTaskId                                
20007e8b  l2capNumPSM                                      
20007e8c  l2capNumCoChannels                               
20007e8d  l2capUserConfig                                  
20007e8f  pRandomAddress                                   
20007e95  DisplayUart2Ansi_escClearScreen                  
20007e9a  defaultTxPowerDbm                                
20007e9c  bleUserCfg_maxPduSize                            
20007ea2  devInfoMfrNameUUID                               
20007ea4  BLEAppUtilEventHandlersHead                      
20007eac  RNGLPF3RF_noiseConditioningKeyWord0              
20007eb0  RNGLPF3RF_noiseConditioningKeyWord1              
20007eb4  RNGLPF3RF_noiseConditioningKeyWord2              
20007eb8  RNGLPF3RF_noiseConditioningKeyWord3              
20007ebc  RemoteTask                                       
20007ec0  appAssertCback                                   
20007ec4  attClientNotifyTxCB                              
20007ec8  attServerNotifyTxCB                              
20007ecc  enckeyLen                                        
20007ed4  ggs_AppCBs                                       
20007ed8  linkCmd                                          
20007edc  llSystemStatus                                   
20007ee0  localPrivKeyMaterialLen                          
20007ee4  pAdvDataEntry                                    
20007ee8  pGapPeripheralConnCBs                            
20007ef0  pSmResponderCBs                                  
20007ef4  pfnBMAlloc                                       
20007ef8  pfnBMFree                                        
20007efc  pfnBondMgrCBs                                    
20007f00  pfnCentralConnCBs                                
20007f04  pfnPeripheralConnCBs                             
20007f08  ping_counter                                     
20007f0c  pxCurrentTCB                                     
20007f1c  txDataQ                                          
20007f24  devInfoModelNumberUUID                           
20007f26  devInfoPnpIdUUID                                 
20007f28  devInfoSerialNumberUUID                          
20007f2a  devInfoServUUID                                  
20007f2c  devInfoSoftwareRevUUID                           
20007f2e  devInfoSystemIdUUID                              
20007f30  disconnectImmedConnId                            
20007f32  l2capMtuSize                                     
20007f36  llUserConfig_maxPduSize                          
20007f38  maxExtAdvDataLen                                 
20007f3a  rpcProfile_commandUUID                           
20007f3c  rpcProfile_notificationUUID                      
20007f3e  rpcProfile_responseUUID                          
20007f40  simpleGattProfile_ServUUID                       
20007f42  simpleGattProfile_char1UUID                      
20007f44  simpleGattProfile_char2UUID                      
20007f46  simpleGattProfile_char3UUID                      
20007f48  simpleGattProfile_char5UUID                      
20007f4a  smRspWaitingConnHandle                           
20007f4c  centAddrResCharProps                             
20007f4d  channel2usage                                    
20007f57  deviceNameCharProps                              
20007f58  extScanChanMap                                   
20007f59  gapState                                         
20007f5a  gapUnwantedTaskID                                
20007f5c  hciPTMenabled                                    
20007f64  l2capFlowCtrlMode                                
20007f65  l2capId                                          
20007f66  linkDB_secureConnectionOnlyMode                  
20007f67  periConnParamCharProps                           
20007f68  pwrmgr_initialized                               
20007f69  qosDefaultPriorityAdvParameter                   
20007f6a  qosDefaultPriorityConnParameter                  
20007f6b  rclPbeGpoMask                                    
20007f6c  rcpCommandExecutionCount                         
20007f6e  resolvablePrivateAddressOnlyCharProps            
20007f78  smAllowDebugKeysMode                             
20007f79  smAppProcessLTKRequest                           
20007f7a  smAuthenPairingOnlyMode                          
20008c00  __stack                                          
20009000  __STACK_END                                      
20009000  __STACK_TOP                                      
4e020000  ccfg                                             
4e020000  ti_utils_build_GenMap_sym_CRC_CCFG_BOOT_CFG_begin
4e02000b  ti_utils_build_GenMap_sym_CRC_CCFG_BOOT_CFG_end  
4e020010  ti_utils_build_GenMap_sym_CRC_CCFG_begin         
4e02074b  ti_utils_build_GenMap_sym_CRC_CCFG_end           
4e0207d0  ti_utils_build_GenMap_sym_CRC_CCFG_DEBUG_begin   
4e0207fb  ti_utils_build_GenMap_sym_CRC_CCFG_DEBUG_end     
90000000  TimestampP_nativeFormat64_copy                   
90000004  TimestampP_nativeFormat32_copy                   
ffffffff  __TI_pprof_out_hndl                              
ffffffff  __TI_prof_data_size                              
ffffffff  __TI_prof_data_start                             
ffffffff  __binit__                                        
ffffffff  binit                                            
UNDEFED   RCL_Debug_assertProxy                            
UNDEFED   RCL_Profiling_eventHook                          
UNDEFED   __mpu_init                                       
UNDEFED   _system_post_cinit                               

[2372 symbols]
