******************************************************************************
            TI ARM Clang Linker PC v5.1.1                      
******************************************************************************
>> Linked Wed Sep  9 00:31:13 2026

OUTPUT FILE NAME:   <basic_ble_LP_EM_CC2340R5_freertos_ticlang.out>
ENTRY POINT SYMBOL: "resetISR"  address: 00028d45


MEMORY CONFIGURATION

         name            origin    length      used     unused   attr    fill
----------------------  --------  ---------  --------  --------  ----  --------
  FLASH                 00000000   0007d000  0002e4ed  0004eb13  R  X
  NVS_SLOT              0007d000   00003000  00003000  00000000  R  X
  SRAM                  20000000   00009000  00007f05  000010fb  RW X
  S2RRAM                40098000   00001000  00000000  00001000  RW  
  CCFG                  4e020000   00000800  00000800  00000000  R   
  LOG_DATA              90000000   00040000  00000000  00040000  R   
  LOG_PTR               94000008   00040000  00000000  00040000  R   


SEGMENT ALLOCATION MAP

run origin  load origin   length   init length attrs members
----------  ----------- ---------- ----------- ----- -------
00000000    00000000    0002e4f4   0002e4f4    r-x
  00000000    00000000    0000008c   0000008c    r-- .resetVecs
  00000090    00000090    00029e2e   00029e2e    r-x .text
  00029ec0    00029ec0    0000410b   0000410b    r-- .rodata
  0002dfcc    0002dfcc    00000528   00000528    r-- .cinit
0007d000    0007d000    00003000   00000000    rw-
  0007d000    0007d000    00003000   00000000    rw- .TI.bound:flashBuf0
20000400    20000400    00000020   00000000    rw-
  20000400    20000400    00000010   00000000    rw- .TI.bound:dmaChannel0ControlTableEntry
  20000410    20000410    00000010   00000000    rw- .TI.bound:dmaChannel1ControlTableEntry
20000440    20000440    00000020   00000000    rw-
  20000440    20000440    00000010   00000000    rw- .TI.bound:dmaChannel4ControlTableEntry
  20000450    20000450    00000010   00000000    rw- .TI.bound:dmaChannel5ControlTableEntry
20000460    20000460    00007a3a   00000000    rw-
  20000460    20000460    00006ad7   00000000    rw- .bss
  20006f38    20006f38    00000f62   00000000    rw- .data
20008c00    20008c00    00000400   00000000    rw-
  20008c00    20008c00    00000400   00000000    rw- .stack
4e020000    4e020000    00000800   00000800    r--
  4e020000    4e020000    00000800   00000800    r-- .ccfg


SECTION ALLOCATION MAP

 output                                  attributes/
section   page    origin      length       input sections
--------  ----  ----------  ----------   ----------------
.resetVecs 
*          0    00000000    0000008c     
                  00000000    0000008c     ti_freertos_config.o (.resetVecs)

.text      0    00000090    00029e2e     
                  00000090    00000c78     rcl_cc23x0r5.a : ble5.c.obj (.text.RCL_Handler_BLE5_adv)
                  00000d08    00000aa8     OneLib.a : OneLib_LL_ll_ble.obj (.text.llProcessPeripheralControlPacket)
                  000017b0    00000a54              : OneLib_Host_Profiles_gattservapp.obj (.text.GATTServApp_ProcessEvent)
                  00002204    00000790     StackWrapper.a : StackWrapper_Host_gapbondmgr.obj (.text.GAPBondMgr_ProcessGAPMsg)
                  00002994    0000061c     OneLib.a : OneLib_Host_GATT_gatt_client.obj (.text.gattClientProcessMsgCB)
                  00002fb0    000005a8              : OneLib_LL_ll_peripheral_end_causes.obj (.text.llProcessPeripheralControlProcedures)
                  00003558    000004ec     nvocmp.o (.text.NVOCMP_compactPage)
                  00003a44    000004b0     nvocmp.o (.text.NVOCMP_initNvApi)
                  00003ef4    000004ac     rcl_cc23x0r5.a : ble5.c.obj (.text.RCL_Handler_BLE5_conn)
                  000043a0    00000410     OneLib.a : OneLib_LL_ll_peripheral_end_causes.obj (.text.llPeripheral_TaskEnd)
                  000047b0    00000400              : OneLib_LL_ll_ae.obj (.text.llSetupExtAdvLegacy)
                  00004bb0    000003c0              : OneLib_LL_ll_peripheral_end_causes.obj (.text.llSetupNextPeripheralEvent)
                  00004f70    0000036c     ecc.a : scalarMul.c.obj (.text.SCALARMUL_core)
                  000052dc    0000035c     StackWrapper.a : StackWrapper_Host_gapbondmgr.obj (.text.GAPBondMgr_SetParameter)
                  00005638    00000348     OneLib.a : OneLib_LL_ll.obj (.text.LL_ProcessEvent)
                  00005980    00000330     ecc.a : scalarMul.c.obj (.text.ATOMICPATTERN)
                  00005cb0    00000314     ti_freertos_config.o (.text.doPrint)
                  00005fc4    00000310     ecc.a : lowlevelapi_m0_gnu.s.obj (.text)
                  000062d4    000002f4     rcl_cc23x0r5.a : LRFCC23X0.c.obj (.text.LRF_temperatureCompensateTrim)
                  000065c8    000002f4     secure_drivers_cc23x0r5.a : RNGLPF3RF.c.obj (.text.RNGLPF3RF_conditionNoiseToGenerateSeed)
                  000068bc    000002f4     OneLib.a : OneLib_LL_ll_scheduler.obj (.text.llSchedulerConnectable)
                  00006bb0    000002c8     rcl_cc23x0r5.a : LRF.c.obj (.text.LRF_applySettings)
                  00006e78    000002ac     OneLib.a : OneLib_LL_ll.obj (.text.LE_SetExtAdvParams)
                  00007124    000002a4     rcl_cc23x0r5.a : LRFCC23X0.c.obj (.text.LRF_programFrequency)
                  000073c8    0000029c     StackWrapper.a : StackWrapper_Host_gapbondmgr.obj (.text.GAPBondMgr_ProcessEvent)
                  00007664    00000294     OneLib.a : OneLib_LL_ll_common.obj (.text.llSetupCtrlPkt)
                  000078f8    0000028c              : OneLib_LL_ll_common.obj (.text.llAllocConnId)
                  00007b84    0000028c              : OneLib_LL_ll_common.obj (.text.llRealignConn)
                  00007e10    00000288              : OneLib_LL_ll_common.obj (.text.llProcessPeripheralConnectionCreated)
                  00008098    00000244              : OneLib_LL_ll_isr.obj (.text.llRxEntryDoneEventHandleStateConnection)
                  000082dc    0000023c              : OneLib_Host_Profiles_gattservapp.obj (.text.GATTServApp_ReadAttr)
                  00008518    00000228     nvocmp.o (.text.NVOCMP_addItem)
                  00008740    00000220     secure_drivers_cc23x0r5.a : AESCCMLPF3.c.obj (.text.AESCCMLPF3_processSegmentedCBCMAC)
                  00008960    00000214     drivers_cc23x0r5.a : UART2LPF3.c.obj (.text.UART2LPF3_hwiIntFxn)
                  00008b74    0000020c     rcl_cc23x0r5.a : adc_noise.c.obj (.text.RCL_Handler_ADC_Noise_getNoise)
                  00008d80    00000200                    : RCL.c.obj (.text.rclCommandHwi)
                  00008f80    000001f8     OneLib.a : OneLib_LL_ll.obj (.text.LE_SetExtAdvEnable)
                  00009178    000001f4              : OneLib_Host_SM_sm_rsppairing.obj (.text.smResponderSendNextKeyInfo)
                  0000936c    000001ec     rcl_cc23x0r5.a : LRFCC23X0.c.obj (.text.LRF_setupRadio)
                  00009558    000001ea     OneLib.a : OneLib_LL_ll_common.obj (.text.llSelectConn)
                  00009742    00000002     ti_drivers_config.o (.text.Board_initHook)
                  00009744    000001e4     ecc.a : scalarMul.c.obj (.text.INVERT)
                  00009928    000001e4     OneLib.a : OneLib_Host_SM_sm_pairing.obj (.text.smSavePairInfo)
                  00009b0c    000001d4              : OneLib_LL_ll_scheduler.obj (.text.llFindNextSecTask)
                  00009ce0    000001cc     ti_freertos_config.o (.text.mq_open)
                  00009eac    000001c4     secure_drivers_cc23x0r5.a : AESCMACLPF3.c.obj (.text.AESCMACLPF3_startOperation)
                  0000a070    000001c4     OneLib.a : OneLib_Host_GAP_gap_advertiser.obj (.text.GapAdv_create)
                  0000a234    000001a8     secure_drivers_cc23x0r5.a : ECDHLPF3SW.c.obj (.text.ECDH_computeSharedSecret)
                  0000a3dc    000001a8     ecc.a : scalarMul.c.obj (.text.JACADD)
                  0000a584    000001a8     OneLib.a : OneLib_Host_GAP_gap_advertiser.obj (.text.gapAdv_controllerCb)
                  0000a72c    000001a8              : OneLib_LL_ll_scheduler.obj (.text.llSchedulerSecondaryTasksConn)
                  0000a8d4    000001a4     ecc.a : scalarMul25519.c.obj (.text.X25519_core)
                  0000aa78    0000019c     OneLib.a : OneLib_LL_ll_common.obj (.text.llCalcConnMaxTimeLength)
                  0000ac14    0000019c              : OneLib_Host_SM_sm_task.obj (.text.smProcessHCIBLEMetaEventCode)
                  0000adb0    00000198              : OneLib_LL_ll_adv_end_causes.obj (.text.llExtAdv_PostProcess)
                  0000af48    00000192     libclang_rt.builtins.a : adddf3.S.obj (.text)
                  0000b0da    00000002     ble_user_config.o (.text.DefaultAssertCback)
                  0000b0dc    00000190     StackWrapper.a : StackWrapper_OSAL_osal.obj (.text.osal_run_system)
                  0000b26c    00000188     OneLib.a : OneLib_LL_ll_scheduler.obj (.text.llScheduler)
                  0000b3f4    00000184     secure_drivers_cc23x0r5.a : AESCCMLPF3.c.obj (.text.AESCCMLPF3_hwiFxn)
                  0000b578    00000182                               : AESCCMLPF3.c.obj (.text.AESCCMLPF3_oneStepOperation)
                  0000b6fa    00000002     display_cc23x0r5.a : DisplayUart2.c.obj (.text.DisplayUart2Ansi_init)
                  0000b6fc    00000180     drivers_cc23x0r5.a : UART2LPF3.c.obj (.text.UART2_open)
                  0000b87c    00000180     OneLib.a : OneLib_Host_L2CAP_l2cap_task.obj (.text.l2capProcessReq)
                  0000b9fc    00000180              : OneLib_Host_SM_sm_mgr.obj (.text.sm_f5)
                  0000bb7c    0000017c     nvocmp.o (.text.NVOCMP_findItem)
                  0000bcf8    0000017c     StackWrapper.a : StackWrapper_Host_gapbondmgr.obj (.text.gapBondMgrAuthenticate)
                  0000be74    00000178     OneLib.a : OneLib_LL_ll_adv_end_causes.obj (.text.llAdv_TaskConnect)
                  0000bfec    00000178              : OneLib_LL_ll_common.obj (.text.llGetNextConn)
                  0000c164    00000170              : OneLib_Host_GATT_gatt_server.obj (.text.gattServerProcessMsgCB)
                  0000c2d4    00000168              : OneLib_Host_GAP_gap_advertiser.obj (.text.GapAdv_enable)
                  0000c43c    00000168              : OneLib_LL_ll.obj (.text.LL_AddDeviceToResolvingList)
                  0000c5a4    00000164              : OneLib_LL_ll_isr.obj (.text.LL_rclAdvRxEntryDone)
                  0000c708    0000015c              : OneLib_Host_Profiles_gattservapp.obj (.text.gattServApp_ProcessReadByTypeReq)
                  0000c864    00000158              : OneLib_LL_ll_common.obj (.text.llConnCleanup)
                  0000c9bc    00000156     drivers_cc23x0r5.a : UART2.c.obj (.text.UART2_writeTimeoutBlocking)
                  0000cb12    00000002     secure_drivers_cc23x0r5.a : ECDHLPF3SW.c.obj (.text.ECDH_init)
                  0000cb14    00000154     OneLib.a : OneLib_LL_ll.obj (.text.LL_Init)
                  0000cc68    00000154     secure_drivers_cc23x0r5.a : RNGLPF3RF.c.obj (.text.RNGLPF3RF_getValidatedNumber)
                  0000cdbc    0000014c     drivers_cc23x0r5.a : Button.c.obj (.text.Button_clockTimeoutHandler)
                  0000cf08    0000014c     ti_freertos_config.o (.text.prvTimerTask)
                  0000d054    00000148     StackWrapper.a : StackWrapper_Host_gapbondmgr.obj (.text.gapBondMgrSaveBond)
                  0000d19c    00000146     OneLib.a : OneLib_LL_ll_common.obj (.text.llCombinePDU)
                  0000d2e2    00000002     driverlib.a : interrupt.c.obj (.text.IntDefaultHandler)
                  0000d2e4    00000144     OneLib.a : OneLib_Host_GAP_gap_task.obj (.text.gapProcessBLEEvents)
                  0000d428    00000140     drivers_cc23x0r5.a : NVSLPF3.c.obj (.text.NVSLPF3_write)
                  0000d568    00000140     rcl_cc23x0r5.a : RCL.c.obj (.text.rclStop)
                  0000d6a8    00000138                    : RCL_Scheduler.c.obj (.text.rclSchedulerProcessCmdStartStopTime)
                  0000d7e0    00000134     ecc.a : ECCSW.c.obj (.text.ECCSW_validatePublicKeyWeierstrass)
                  0000d914    00000134     OneLib.a : OneLib_LL_ll.obj (.text.LL_Reset)
                  0000da48    00000130              : OneLib_LL_ll_scheduler.obj (.text.llCheckIsSecTaskCollideWithPrimTaskInLsto)
                  0000db78    00000130              : OneLib_Host_SM_sm_mgr.obj (.text.sm_CMAC)
                  0000dca8    0000012c              : OneLib_Host_L2CAP_l2cap_task.obj (.text.l2capProcessRsp)
                  0000ddd4    00000128     StackWrapper.a : StackWrapper_Host_gapbondmgr.obj (.text.gapBondMgrEraseBonding)
                  0000defc    00000128     ti_freertos_config.o (.text.xQueueSemaphoreTake)
                  0000e024    00000124     drivers_cc23x0r5.a : UART2LPF3.c.obj (.text.UART2LPF3_initHw)
                  0000e148    00000124     OneLib.a : OneLib_LL_ll_scheduler.obj (.text.llExtAdvSchedSetup)
                  0000e26c    00000124              : OneLib_Host_SM_sm_rsppairing.obj (.text.smResponderProcessLTKReq)
                  0000e390    00000120     app_connection.o (.text.Connection_ConnEventHandler)
                  0000e4b0    00000120     secure_drivers_cc23x0r5.a : ECDHLPF3SW.c.obj (.text.ECDH_generatePublicKey)
                  0000e5d0    00000120     StackWrapper.a : StackWrapper_OSAL_osal_timers.obj (.text.osalTimerUpdate)
                  0000e6f0    0000011c     OneLib.a : OneLib_HCI_hci_event.obj (.text.LL_EnhancedConnectionCompleteCback)
                  0000e80c    0000011c              : OneLib_LL_ll_scheduler.obj (.text.llFindStartType)
                  0000e928    0000011c              : OneLib_LL_ll_isr.obj (.text.llLastCmdDoneEventHandleConnectRequest)
                  0000ea44    0000011a     icall_POSIX.o (.text.ICall_waitMatch)
                  0000eb5e    00000002     rom_init.o (.text.MAP_Handover_ApplyCnData)
                  0000eb60    00000118     OneLib.a : OneLib_LL_ll.obj (.text.LL_ConnUpdate)
                  0000ec78    00000114              : OneLib_LL_ll_ae.obj (.text.llFindNextAdvSet)
                  0000ed8c    00000110              : OneLib_Host_SM_sm_rsppairing.obj (.text.smpResponderProcessPairingRandom)
                  0000ee9c    0000010e     secure_drivers_cc23x0r5.a : AESCTRDRBGXX.c.obj (.text.AESCTRDRBG_getRandomBytes)
                  0000efaa    00000002     rom_init.o (.text.MAP_L2CAP_HandoverInitSN)
                  0000efac    0000010c     rcl_cc23x0r5.a : ble5.c.obj (.text.RCL_Handler_BLE5_updateTxBuffers)
                  0000f0b8    00000108     OneLib.a : OneLib_LL_ll_al.obj (.text.AL_AddEntry)
                  0000f1c0    00000108     drivers_cc23x0r5.a : UART2.c.obj (.text.UART2_writeTimeoutNonblocking)
                  0000f2c8    00000108     OneLib.a : OneLib_Host_GAP_gap_linkmgr.obj (.text.gapPairingCompleteCB)
                  0000f3d0    00000108     ti_freertos_config.o (.text.prvAddNewTaskToReadyList)
                  0000f4d8    00000104     rcl_cc23x0r5.a : ble5.c.obj (.text.RCL_Handler_BLE5_getAuxPtrFromTxBuffer)
                  0000f5dc    00000104     ecc.a : scalarMul.c.obj (.text.SCALARMUL_init)
                  0000f6e0    00000104     OneLib.a : OneLib_Host_SM_sm_mgr.obj (.text.sm_f6)
                  0000f7e4    00000100     secure_drivers_cc23x0r5.a : AESCTRDRBGXX.c.obj (.text.AESCTRDRBG_reseed)
                  0000f8e4    00000100     dev_info_service.o (.text.DevInfo_setParameter)
                  0000f9e4    00000100     OneLib.a : OneLib_Host_GATT_gatt_server.obj (.text.gattProcessFindInfoReq)
                  0000fae4    00000100     rcl_cc23x0r5.a : RCL.c.obj (.text.rclSchedulerHwi)
                  0000fbe4    000000fc     secure_drivers_cc23x0r5.a : AESCTRDRBGXX.c.obj (.text.AESCTRDRBG_construct)
                  0000fce0    000000fc     OneLib.a : OneLib_LL_ll_privacy.obj (.text.LL_PRIV_ValidatePrivacyCompliance)
                  0000fddc    000000fc              : OneLib_LL_ll_common.obj (.text.llProcessAdvAddrResolutionTimeout)
                  0000fed8    000000f8              : OneLib_LL_ll.obj (.text.LL_SetPhy)
                  0000ffd0    000000f8     app_pairing.o (.text.Pairing_pairStateHandler)
                  000100c8    000000f8     drivers_cc23x0r5.a : PowerCC23X0.c.obj (.text.PowerCC23X0_oscillatorISR)
                  000101c0    000000f8     ti_freertos_config.o (.text.xTaskIncrementTick)
                  000102b8    000000f4     OneLib.a : OneLib_Host_GAP_gap_advertiser.obj (.text.GapAdv_loadByHandle)
                  000103ac    000000f4              : OneLib_LL_ll_ae.obj (.text.LE_AE_SetData)
                  000104a0    000000f4     ti_freertos_config.o (.text.PowerCC23X0_standbyPolicy)
                  00010594    000000f4     StackWrapper.a : StackWrapper_Host_gapbondmgr.obj (.text.gapBondMgrUpdateCharCfg)
                  00010688    000000f4     OneLib.a : OneLib_Host_SM_sm_rsppairing.obj (.text.smpResponderProcessIncoming)
                  0001077c    000000f0     nvocmp.o (.text.NVOCMP_cleanPage)
                  0001086c    000000f0     ecc.a : scalarMul.c.obj (.text.SCALARMUL_final)
                  0001095c    000000f0     OneLib.a : OneLib_Host_SM_sm_mgr.obj (.text.SM_VerifyAuthenSig)
                  00010a4c    000000f0              : OneLib_Host_SM_sm_mgr.obj (.text.sm_c1new)
                  00010b3c    000000f0     ti_freertos_config.o (.text.xTaskResumeAll)
                  00010c2c    000000ec     secure_drivers_cc23x0r5.a : AESCCMLPF3.c.obj (.text.AESCCMLPF3_processOneStepCBCMACPolling)
                  00010d18    000000ec     drivers_cc23x0r5.a : PowerCC23X0.c.obj (.text.Power_init)
                  00010e04    000000ec     rcl_cc23x0r5.a : ble5.c.obj (.text.RCL_Handler_BLE5_updateAuxPtr)
                  00010ef0    000000ec     OneLib.a : OneLib_LL_ll_common.obj (.text.llConnExists)
                  00010fdc    000000ec              : OneLib_Host_SM_sm_pairing.obj (.text.sm_c1)
                  000110c8    000000e8              : OneLib_Host_ATT_att_util.obj (.text.attSendMsg)
                  000111b0    000000e8              : OneLib_LL_ll_ae.obj (.text.llAddAdvSortedEntry)
                  00011298    000000e8              : OneLib_Host_GAP_gap_linkmgr.obj (.text.sendAuthEvent)
                  00011380    000000e8     ti_freertos_config.o (.text.xQueueGenericSend)
                  00011468    000000e4     bleapputil_task.o (.text.BLEAppUtil_Task)
                  0001154c    000000e4     OneLib.a : OneLib_Host_GATT_gatt_task.obj (.text.GATT_ProcessEvent)
                  00011630    000000e4              : OneLib_Host_SM_sm_pairing.obj (.text.SM_PasskeyUpdate)
                  00011714    000000e4              : OneLib_Host_Profiles_gapgattserver.obj (.text.ggs_ReadAttrCB)
                  000117f8    000000e4              : OneLib_LL_ll_common.obj (.text.llSetupConnCmd)
                  000118dc    000000e4     ecc.a : lowlevelapi.c.obj (.text.mSET)
                  000119c0    000000e4     ti_freertos_config.o (.text.xQueueReceive)
                  00011aa4    000000e4     libclang_rt.builtins.a : muldf3.S.obj (.text)
                  00011b88    000000e0     bleapputil_process.o (.text.BLEAppUtil_convertGAPEvents)
                  00011c68    000000e0     OneLib.a : OneLib_LL_ll.obj (.text.LL_TxData)
                  00011d48    000000e0              : OneLib_LL_ll_data.obj (.text.llDynamicAlloc_connectable)
                  00011e28    000000e0              : OneLib_Host_SM_sm_mgr.obj (.text.sm_f4)
                  00011f08    000000e0              : OneLib_Host_SM_sm_mgr.obj (.text.sm_g2)
                  00011fe8    000000dc              : OneLib_Host_GATT_gatt_server.obj (.text.GATT_SendRsp)
                  000120c4    000000dc              : OneLib_LL_ll_common.obj (.text.llPeriSetupConnWindow)
                  000121a0    000000d8     drivers_cc23x0r5.a : GPIOLPF3.c.obj (.text.GPIO_init)
                  00012278    000000d8     simple_gatt_profile.o (.text.SimpleGattProfile_writeAttrCB)
                  00012350    000000d8     OneLib.a : OneLib_Host_Profiles_gattservapp.obj (.text.gattServApp_HandleConnStatusCB)
                  00012428    000000d8              : OneLib_LL_ll_scheduler.obj (.text.llAllocTask)
                  00012500    000000d8              : OneLib_LL_ll_common.obj (.text.llSendConnEvtCallback)
                  000125d8    000000d8     ti_freertos_config.o (.text.pthread_create)
                  000126b0    000000d8     ti_freertos_config.o (.text.pvPortMalloc)
                  00012788    000000d8     rcl_cc23x0r5.a : RCL.c.obj (.text.rclDispatchHwi)
                  00012860    000000d8     ble_user_config.o (.text.setBleUserConfig)
                  00012938    000000d8     OneLib.a : OneLib_Host_SM_sm_pairing.obj (.text.smProcessDataMsg)
                  00012a10    000000d4     drivers_cc23x0r5.a : UART2LPF3.c.obj (.text.UART2Support_dmaStartRx)
                  00012ae4    000000d4     OneLib.a : OneLib_LL_ll_data.obj (.text.llDynamicAlloc)
                  00012bb8    000000d0              : OneLib_Host_GATT_gatt_server.obj (.text.GATT_RegisterService)
                  00012c88    000000d0     drivers_cc23x0r5.a : UART2LPF3.c.obj (.text.UART2Support_dmaStartTx)
                  00012d58    000000d0     OneLib.a : OneLib_Host_Profiles_gapgattserver.obj (.text.ggs_WriteAttrCB)
                  00012e28    000000d0              : OneLib_Host_SM_sm_pairing.obj (.text.smGenerateAddrInput)
                  00012ef8    000000cc     secure_drivers_cc23x0r5.a : AESCTRLPF3.c.obj (.text.AESCTRLPF3_startOperation)
                  00012fc4    000000cc     drivers_cc23x0r5.a : Button.c.obj (.text.Button_open)
                  00013090    000000cc     StackWrapper.a : StackWrapper_Host_gapbondmgr.obj (.text.gapBondMgr_FindAddr)
                  0001315c    000000c8     OneLib.a : OneLib_LL_ll_common.obj (.text.llAlignToNextEvent)
                  00013224    000000c8     ecc.a : lowlevelapi.c.obj (.text.mINVK)
                  000132ec    000000c8     OneLib.a : OneLib_Host_SM_sm_rsppairing.obj (.text.smContPublicKeyExchange)
                  000133b4    000000c4              : OneLib_Host_GAP_gap_advertiser.obj (.text.gapAdv_init)
                  00013478    000000c0     bleapputil_init.o (.text.BLEAppUtil_initGapBondParams)
                  00013538    000000c0     OneLib.a : OneLib_LL_crypto_port_simplelink.obj (.text.CryptoP_RNGInit)
                  000135f8    000000c0     dev_info_service.o (.text.DevInfo_readAttrCB)
                  000136b8    000000c0     ti_freertos_config.o (.text.xEventGroupWaitBits)
                  00013778    000000bc     display_cc23x0r5.a : DisplayUart2.c.obj (.text.DisplayUart2Ansi_vprintf)
                  00013834    000000bc     OneLib.a : OneLib_Host_GAP_gap_linkmgr.obj (.text.GAP_Authenticate)
                  000138f0    000000bc              : OneLib_Host_GAP_gap_linkmgr.obj (.text.GAP_UpdateLinkParamReqReply)
                  000139ac    000000bc              : OneLib_Host_GAP_gap_linkmgr.obj (.text.gapProcessConnectionCompleteEvt)
                  00013a68    000000bc     StackWrapper.a : StackWrapper_OSAL_osal.obj (.text.osal_set_event)
                  00013b24    000000bc     OneLib.a : OneLib_Host_SM_sm_rsppairing.obj (.text.smpResponderSendPairRspEvent)
                  00013be0    000000ba     secure_drivers_cc23x0r5.a : AESCMACLPF3.c.obj (.text.AESCMACLPF3_oneStepOperation)
                  00013c9a    00000002     rom_init.o (.text.MAP_gapInit_initiatingEnd)
                  00013c9c    000000b8     StackWrapper.a : StackWrapper_Host_gattservapp_util.obj (.text.GATTServApp_ProcessCharCfg)
                  00013d54    000000b8     rcl_cc23x0r5.a : RCL.c.obj (.text.RCL_scheduleHook)
                  00013e0c    000000b6     secure_drivers_cc23x0r5.a : AESCTRLPF3.c.obj (.text.AESCTRLPF3_oneStepOperation)
                  00013ec2    00000002     rom_init.o (.text.MAP_gapInit_sendConnCancelledEvt)
                  00013ec4    000000b4     nvocmp.o (.text.NVOCMP_erase)
                  00013f78    000000b4     OneLib.a : OneLib_Host_L2CAP_l2cap_util.obj (.text.l2capDisconnectAllChannels)
                  0001402c    000000b4              : OneLib_LL_ll_adv_end_causes.obj (.text.llAdvSetPhyAndTxPowerInConn)
                  000140e0    000000b4     ti_freertos_config.o (.text.xTaskRemoveFromEventList)
                  00014194    000000b2     main_freertos.o (.text.AssertHandler)
                  00014246    00000002     rom_init.o (.text.MAP_gapScan_processSessionEndEvt)
                  00014248    000000b0     StackWrapper.a : StackWrapper_Host_gapbondmgr.obj (.text.GAPBondMgr_Init)
                  000142f8    000000b0     OneLib.a : OneLib_Host_L2CAP_l2cap_task.obj (.text.L2CAP_Init)
                  000143a8    000000b0              : OneLib_Host_SM_sm_mgr.obj (.text.SM_GenerateAuthenSig)
                  00014458    000000b0              : OneLib_LL_ll_data.obj (.text.llDynamicFree)
                  00014508    000000ac              : OneLib_Host_GATT_gatt_server.obj (.text.GATT_Indication)
                  000145b4    000000ac              : OneLib_Host_SM_sm_task.obj (.text.SM_ProcessEvent)
                  00014660    000000ac     StackWrapper.a : StackWrapper_Host_gapbondmgr.obj (.text.gapBondMgrEraseLocalInfo)
                  0001470c    000000ac                    : StackWrapper_Host_gapbondmgr.obj (.text.gapBondMgr_syncResolvingList)
                  000147b8    000000ac     OneLib.a : OneLib_Host_GAP_gap_task.obj (.text.gapProcessHCICmdCompleteEvt)
                  00014864    000000ac              : OneLib_Host_SM_sm_mgr.obj (.text.generate_subkey)
                  00014910    000000ac              : OneLib_LL_ll_common.obj (.text.llFindNextConn)
                  000149bc    000000a8     secure_drivers_cc23x0r5.a : AESECBLPF3.c.obj (.text.AESECBLPF3_startOperation)
                  00014a64    000000a8     OneLib.a : OneLib_LL_ll.obj (.text.LL_EXT_GetConnInfo)
                  00014b0c    000000a8              : OneLib_HCI_hci_data.obj (.text.LL_RxDataCompleteCback)
                  00014bb4    000000a8              : OneLib_Host_GAP_linkdb.obj (.text.linkDB_Add)
                  00014c5c    000000a8              : OneLib_LL_ll_scheduler.obj (.text.llScheduleTask)
                  00014d04    000000a4     secure_drivers_cc23x0r5.a : AESCCMLPF3.c.obj (.text.AESCCMLPF3_processSegmentedCTR)
                  00014da8    000000a4     OneLib.a : OneLib_LL_ll_ae.obj (.text.LL_GetAdvSet)
                  00014e4c    000000a4     drivers_cc23x0r5.a : PowerCC23X0.c.obj (.text.PowerCC23X0_lfxtQual)
                  00014ef0    000000a4                        : PowerCC23X0.c.obj (.text.PowerLPF3_sleep)
                  00014f94    000000a4     StackWrapper.a : StackWrapper_Host_gapbondmgr.obj (.text.gapBondStateStartSecurity)
                  00015038    000000a4     OneLib.a : OneLib_Host_L2CAP_l2cap_util.obj (.text.l2capAllocChannel)
                  000150dc    000000a4              : OneLib_Host_SM_sm_pairing.obj (.text.smF5Wrapper)
                  00015180    000000a4              : OneLib_Host_SM_sm_pairing.obj (.text.smProcessEncryptChange)
                  00015224    000000a2              : OneLib_Host_GATT_gatt_server.obj (.text.GATT_VerifyWritePermissions)
                  000152c6    00000002     rom_init.o (.text.MAP_gap_CentConnRegister)
                  000152c8    000000a2     libclang_rt.builtins.a : udivmoddi4.S.obj (.text)
                  0001536a    00000002     rom_init.o (.text.MAP_l2capDisconnectChannel)
                  0001536c    000000a0     OneLib.a : OneLib_Host_GAP_gap_linkmgr.obj (.text.GAP_UpdateLinkParamReq)
                  0001540c    000000a0              : OneLib_Host_GATT_gatt_client.obj (.text.GATT_InitClient)
                  000154ac    000000a0     simple_gatt_profile.o (.text.SimpleGattProfile_readAttrCB)
                  0001554c    000000a0     StackWrapper.a : StackWrapper_OSAL_osal_bufmgr.obj (.text.osal_bm_free)
                  000155ec    000000a0     rcl_cc23x0r5.a : RCL_Scheduler.c.obj (.text.rclSchedulerCancelStopTime)
                  0001568c    0000009c     OneLib.a : OneLib_LL_crypto_port_simplelink.obj (.text.CryptoP_AESInit)
                  00015728    0000009c              : OneLib_Host_GAP_gap_linkmgr.obj (.text.GAP_Bond)
                  000157c4    0000009c     rcl_cc23x0r5.a : LRF.c.obj (.text.LRF_TxPowerTable_findValue)
                  00015860    0000009c     StackWrapper.a : StackWrapper_OSAL_osal_cbtimer.obj (.text.cbTimerSetup)
                  000158fc    0000009c     drivers_cc23x0r5.a : NVSLPF3.c.obj (.text.doErase)
                  00015998    0000009c     OneLib.a : OneLib_LL_ll_common.obj (.text.llInitFeatureSet)
                  00015a34    0000009c              : OneLib_Host_SM_sm_pairing.obj (.text.smGetECCKeys)
                  00015ad0    0000009a     drivers_cc23x0r5.a : UART2.c.obj (.text.UART2_writeCancel)
                  00015b6a    00000002     rom_init.o (.text.MAP_l2capGetCoChannelInfo)
                  00015b6c    00000098     StackWrapper.a : StackWrapper_Host_gap.obj (.text.GAP_DeviceInit)
                  00015c04    00000098     rcl_cc23x0r5.a : RCL_Buffer.c.obj (.text.RCL_MultiBuffer_RxEntry_next)
                  00015c9c    00000098     OneLib.a : OneLib_Host_Profiles_gattservapp.obj (.text.gattServApp_SetNumPrepareWrites)
                  00015d34    00000098              : OneLib_LL_ll_scheduler.obj (.text.llFreeTask)
                  00015dcc    00000098              : OneLib_LL_ll_common.obj (.text.llProcessTxData)
                  00015e64    00000094              : OneLib_Host_Profiles_gattservapp.obj (.text.GATTServApp_Init)
                  00015ef8    00000094              : OneLib_HCI_hci_event.obj (.text.HCI_CommandCompleteEvent)
                  00015f8c    00000094     drivers_cc23x0r5.a : NVSLPF3.c.obj (.text.NVSLPF3_open)
                  00016020    00000094     rcl_cc23x0r5.a : RCL_Scheduler.c.obj (.text.RCL_Scheduler_setStopTimes)
                  000160b4    00000094     OneLib.a : OneLib_Host_SM_sm_pairing.obj (.text.SM_StartPairing)
                  00016148    00000094     ecc.a : scalarMul.c.obj (.text.SQUAREMULTIPLYWORD)
                  000161dc    00000094     simple_gatt_profile.o (.text.SimpleGattProfile_setParameter)
                  00016270    00000094     OneLib.a : OneLib_LL_ll_common.obj (.text.llReleaseConnId)
                  00016304    00000092              : OneLib_LL_ll_common.obj (.text.llApplyParamUpdate)
                  00016396    00000092              : OneLib_LL_ll_common.obj (.text.llValidateConnParams)
                  00016428    00000008     secure_drivers_cc23x0r5.a : AESCCMLPF3.c.obj (.text.AESCCM_init)
                  00016430    00000092     driverlib.a : aes_ticlang.s.obj (.text)
                  000164c2    00000002     rom_init.o (.text.MAP_l2capNotifyChannelEstEvt)
                  000164c4    00000090     secure_drivers_cc23x0r5.a : AESCMACLPF3.c.obj (.text.AESCMACLPF3_getResult)
                  00016554    00000090     display_cc23x0r5.a : DisplayUart2.c.obj (.text.DisplayUart2Ansi_clearLines)
                  000165e4    00000090     OneLib.a : OneLib_Host_L2CAP_l2cap_if.obj (.text.L2CAP_SendData)
                  00016674    00000090              : OneLib_LL_ll.obj (.text.LE_SetExtAdvParamsAdvConn)
                  00016704    00000090     rcl_cc23x0r5.a : RCL_Buffer.c.obj (.text.RCL_MultiBuffer_RxEntry_get)
                  00016794    00000090     drivers_cc23x0r5.a : UART2LPF3.c.obj (.text.UART2_close)
                  00016824    00000090     OneLib.a : OneLib_Host_Profiles_gattservapp.obj (.text.gattServApp_EnqueueReTx)
                  000168b4    00000090              : OneLib_Host_L2CAP_l2cap_util.obj (.text.l2capEncapSendData)
                  00016944    00000090              : OneLib_Host_L2CAP_l2cap_util.obj (.text.l2capSendReq)
                  000169d4    00000090              : OneLib_LL_ll_scheduler.obj (.text.llLinkSchedSetup)
                  00016a64    00000090              : OneLib_LL_ll_ble.obj (.text.llManageControlPacketQueue)
                  00016af4    00000090              : OneLib_LL_ll_common.obj (.text.llRclUpdateFilterList)
                  00016b84    00000090     StackWrapper.a : StackWrapper_OSAL_osal_cbtimer.obj (.text.osal_CbTimerProcessEvent)
                  00016c14    00000090     ti_freertos_config.o (.text.vTaskDelete)
                  00016ca4    00000090     ti_freertos_config.o (.text.vTaskRemoveFromUnorderedEventList)
                  00016d34    00000090     ti_freertos_config.o (.text.vTaskSuspend)
                  00016dc4    00000090     ti_freertos_config.o (.text.xQueueGenericReset)
                  00016e54    00000090     ecc.a : lowlevelapi.c.obj (.text.zSUB)
                  00016ee4    0000008c     OneLib.a : OneLib_Host_Profiles_gattservapp.obj (.text.GATTServApp_WriteAttr)
                  00016f70    0000008c              : OneLib_Host_GATT_gatt_server.obj (.text.GATT_FindNextAttr)
                  00016ffc    0000008c     ti_freertos_config.o (.text.HwiP_construct)
                  00017088    0000008c     icall_POSIX.o (.text.ICall_send)
                  00017114    0000008c     OneLib.a : OneLib_Host_GATT_gatt_client.obj (.text.gattClientHandleConnStatusCB)
                  000171a0    0000008c              : OneLib_Host_GATT_gatt_server.obj (.text.gattServerHandleConnStatusCB)
                  0001722c    0000008c     main_freertos.o (.text.main)
                  000172b8    0000008c     StackWrapper.a : StackWrapper_OSAL_osal.obj (.text.osal_msg_enqueue_push)
                  00017344    0000008c     OneLib.a : OneLib_Host_SM_sm_pairing.obj (.text.smUpdateEncInfo)
                  000173d0    0000008c     ti_freertos_config.o (.text.xTaskPriorityInherit)
                  0001745c    00000088     secure_drivers_cc23x0r5.a : AESCTRLPF3.c.obj (.text.AESCTRLPF3_processData)
                  000174e4    00000088     OneLib.a : OneLib_Host_GATT_gatt_task.obj (.text.GATT_bm_alloc)
                  0001756c    00000088     app_menu.o (.text.Menu_workWithCB)
                  000175f4    00000088     nvocmp.o (.text.NVOCMP_getDstPage)
                  0001767c    00000088     rcl_cc23x0r5.a : RCL_AdcNoise.c.obj (.text.RCL_AdcNoise_get_samples_blocking)
                  00017704    00000088     StackWrapper.a : StackWrapper_Host_gapbondmgr.obj (.text.gapBondMgr_ServiceChangeInd)
                  0001778c    00000088                    : StackWrapper_ICallBLE_ble_dispatch_lite.obj (.text.icall_liteTranslation)
                  00017814    00000088     OneLib.a : OneLib_Host_L2CAP_l2cap_task.obj (.text.l2capProcessSignal)
                  0001789c    00000088              : OneLib_LL_ll_common.obj (.text.llCBTimer_AptoExpiredCback)
                  00017924    00000088              : OneLib_LL_ll_common.obj (.text.llVerifyConnParamReqParams)
                  000179ac    00000088              : OneLib_Host_SM_sm_rsppairing.obj (.text.smpResponderProcessPairingConfirm)
                  00017a34    0000000c     secure_drivers_cc23x0r5.a : AESCMAC.c.obj (.text.AESCMAC_Operation_init)
                  00017a40    00000088     libc.a : strcmp-armv6m.S.obj (.text:strcmp)
                  00017ac8    00000086     OneLib.a : OneLib_LL_ll.obj (.text.LL_RemoteConnParamReqReply)
                  00017b4e    00000086              : OneLib_LL_ll_common.obj (.text.llWriteTxData)
                  00017bd4    00000086              : OneLib_Host_SMP_smp.obj (.text.smpParsePairingReq)
                  00017c5a    00000002     rom_init.o (.text.MAP_l2capNotifyChannelTermEvt)
                  00017c5c    00000084     bleapputil_init.o (.text.BLEAppUtil_initGatt)
                  00017ce0    00000084     OneLib.a : OneLib_Host_L2CAP_l2cap_task.obj (.text.L2CAP_ProcessEvent)
                  00017d64    00000084              : OneLib_LL_ll_privacy.obj (.text.LL_PRIV_FindPeerInRL)
                  00017de8    00000084     StackWrapper.a : StackWrapper_Host_gattservapp_util.obj (.text.gattServApp_SendNotiInd)
                  00017e6c    00000084     OneLib.a : OneLib_LL_ll_ae.obj (.text.llFindNextSecCmd)
                  00017ef0    00000084     rcl_cc23x0r5.a : RCL_Scheduler.c.obj (.text.rclSchedulerSetNewStopTime)
                  00017f74    00000084     OneLib.a : OneLib_Host_SM_sm_pairing.obj (.text.smGenerateDHKeyCheck)
                  00017ff8    00000084              : OneLib_Host_SMP_smp.obj (.text.smpBuildPairingReqRsp)
                  0001807c    00000080     secure_drivers_cc23x0r5.a : AESCTRLPF3.c.obj (.text.AESCTRLPF3_hwiFxn)
                  000180fc    00000080     OneLib.a : OneLib_LL_crypto_port_simplelink.obj (.text.CryptoP_ECDHGenerateDHKey)
                  0001817c    00000080              : OneLib_LL_ll.obj (.text.LL_EXT_GetActiveConnInfo)
                  000181fc    00000080     menu_module.o (.text.MenuModule_printMenuNavBar)
                  0001827c    00000080     OneLib.a : OneLib_Host_Profiles_gattservapp.obj (.text.gattServApp_buildReadByTypeRsp)
                  000182fc    00000080              : OneLib_LL_ll_common.obj (.text.llPeriSetConnChannelParams)
                  0001837c    00000080              : OneLib_LL_ll_common.obj (.text.llReplaceCtrlPkt)
                  000183fc    00000080              : OneLib_LL_ll_ble.obj (.text.llReplaceRxBuffers)
                  0001847c    00000080     ti_freertos_config.o (.text.prvAddCurrentTaskToDelayedList)
                  000184fc    00000080     ti_freertos_config.o (.text.vTaskSwitchContext)
                  0001857c    00000080     ecc.a : lowlevelapi.c.obj (.text.zMACC32)
                  000185fc    0000007e           : scalarMul25519.c.obj (.text.X25519_final)
                  0001867a    00000002     rom_init.o (.text.MAP_l2capProcessConnectReq)
                  0001867c    0000007c     ti_freertos_config.o (.text.ClockP_startup)
                  000186f8    0000007c     StackWrapper.a : StackWrapper_Host_gapbondmgr.obj (.text.GAPBondMgr_checkRandomAddr)
                  00018774    0000007c     OneLib.a : OneLib_Host_Profiles_gattservapp.obj (.text.GATTServApp_RegisterService)
                  000187f0    0000007c              : OneLib_Host_GATT_gatt_server.obj (.text.GATT_Notification)
                  0001886c    0000007c              : OneLib_Host_L2CAP_l2cap_if.obj (.text.L2CAP_ConnParamUpdateReq)
                  000188e8    0000007c              : OneLib_LL_ll_isr.obj (.text.LL_rclPeripheralCallback)
                  00018964    0000007c     ti_freertos_config.o (.text.formatNum)
                  000189e0    0000007c     StackWrapper.a : StackWrapper_Host_gapbondmgr.obj (.text.gapBondMgr_SyncCharCfg)
                  00018a5c    0000007c     OneLib.a : OneLib_Host_GAP_gap_linkmgr.obj (.text.gapProcessDisconnectCompleteEvt)
                  00018ad8    0000007c              : OneLib_Host_GAP_gap_task.obj (.text.gapProcessOSALMsg)
                  00018b54    0000007c              : OneLib_Host_L2CAP_l2cap_task.obj (.text.l2capProcessRxData)
                  00018bd0    0000007c     drivers_cc23x0r5.a : TemperatureLPF3.c.obj (.text.temperatureEventCb)
                  00018c4c    0000007c     ti_freertos_config.o (.text.xQueueGenericSendFromISR)
                  00018cc8    0000007c     libc.a : copy_decompress_lzss.c.obj (.text:decompress:lzss)
                  00018d44    0000007a     ecc.a : ECCSW.c.obj (.text.ECCSW_validatePrivateKeyWeierstrass)
                  00018dbe    0000007a     OneLib.a : OneLib_Host_GATT_gatt_client.obj (.text.gattResetClientInfo)
                  00018e38    0000007a              : OneLib_LL_ll_common.obj (.text.llFragmentPDU)
                  00018eb2    00000078     secure_drivers_cc23x0r5.a : AESECBLPF3.c.obj (.text.AESECB_oneStepEncrypt)
                  00018f2a    00000002     OneLib.a : common_lib_opt_ctrl_stub_scanner.obj (.text.OPT_LL_DisableScanning)
                  00018f2c    00000078     bleapputil_process.o (.text.BLEAppUtil_isStackEventRequired)
                  00018fa4    00000078     ti_freertos_config.o (.text.ClockP_hwiCallback)
                  0001901c    00000078     OneLib.a : OneLib_LL_crypto_port_simplelink.obj (.text.CryptoP_ECDHGenerateKeyPair)
                  00019094    00000078              : OneLib_Host_GATT_gatt_server.obj (.text.GATT_ServiceChangedInd)
                  0001910c    00000078     drivers_cc23x0r5.a : GPIOLPF3.c.obj (.text.GPIO_setConfigAndMux)
                  00019184    00000078     icall_POSIX.o (.text.ICall_setTimer)
                  000191fc    00000078     OneLib.a : OneLib_LL_ll_enc.obj (.text.LL_ENC_Decrypt)
                  00019274    00000078              : OneLib_LL_ll.obj (.text.LL_EXT_SetMaxDataLen)
                  000192ec    00000078     nvocmp.o (.text.NVOCMP_writeItemApi)
                  00019364    00000078     rcl_cc23x0r5.a : RCL_Scheduler.c.obj (.text.RCL_Scheduler_findStopStatus)
                  000193dc    00000078     app_simple_gatt.o (.text.SimpleGatt_start)
                  00019454    00000078     OneLib.a : OneLib_Host_GAP_gap_perilinkmgr.obj (.text.gapPeriProcessSignalEvt)
                  000194cc    00000078              : OneLib_Host_GAP_gap_task.obj (.text.gapProcessCommandStatusEvt)
                  00019544    00000078     rcl_cc23x0r5.a : hal_cc23x0.c.obj (.text.hal_init_fsm)
                  000195bc    00000078     StackWrapper.a : StackWrapper_OSAL_osal.obj (.text.osal_init_system)
                  00019634    00000078                    : StackWrapper_OSAL_osal.obj (.text.osal_msg_receive)
                  000196ac    00000078     rcl_cc23x0r5.a : RCL_Scheduler.c.obj (.text.rclSchedulerFindEarliestStopTime)
                  00019724    00000078     OneLib.a : OneLib_Host_GAP_gap_linkmgr.obj (.text.sendEstLinkEvent)
                  0001979c    00000078     driverlib.a : udma.c.obj (.text.uDMASetChannelTransfer)
                  00019814    00000078     ti_freertos_config.o (.text.xEventGroupSetBits)
                  0001988c    00000078     ti_freertos_config.o (.text.xQueueReceiveFromISR)
                  00019904    00000076     secure_drivers_cc23x0r5.a : AESCTRDRBGXX.c.obj (.text.AESCTRDRBGXX_updateState)
                  0001997a    00000076     ti_freertos_config.o (.text.prvCopyDataToQueue)
                  000199f0    00000074     OneLib.a : OneLib_LL_crypto_port_simplelink.obj (.text.CryptoP_AESCCM)
                  00019a64    00000074     libclang_rt.builtins.a : comparedf2.c.obj (.text.__gedf2)
                  00019ad8    00000074     OneLib.a : OneLib_Host_L2CAP_l2cap_util.obj (.text.l2capSendCmd)
                  00019b4c    00000074              : OneLib_LL_ll_common.obj (.text.llIsThereACollisionBetweenConn)
                  00019bc0    00000074     ti_freertos_config.o (.text.prvUnlockQueue)
                  00019c34    00000074     OneLib.a : OneLib_Host_SM_sm_pairing.obj (.text.smOobSCAuthentication)
                  00019ca8    00000072              : OneLib_Host_GATT_gatt_server.obj (.text.GATT_VerifyReadPermissions)
                  00019d1a    00000072     osal_icall_ble.o (.text.osalInitTasks)
                  00019d8c    00000070     OneLib.a : OneLib_LL_ll_al.obj (.text.AL_FindEntry)
                  00019dfc    00000070     StackWrapper.a : StackWrapper_Host_gap.obj (.text.GAP_DeviceInit_validate_params)
                  00019e6c    00000070     OneLib.a : OneLib_Host_GAP_gap_configmgr.obj (.text.GAP_GetDevAddress)
                  00019edc    00000070              : OneLib_Host_GATT_gatt_server.obj (.text.GATT_FindHandleUUID)
                  00019f4c    00000070              : OneLib_Host_GATT_gatt_server.obj (.text.GATT_InitServer)
                  00019fbc    00000070              : OneLib_HCI_hci_event.obj (.text.LL_PhyUpdateCompleteEventCback)
                  0001a02c    00000070     nvocmp.o (.text.NVOCMP_eraseNvApi)
                  0001a09c    00000070     nvocmp.o (.text.NVOCMP_readItemApi)
                  0001a10c    00000070     drivers_cc23x0r5.a : PowerCC23X0.c.obj (.text.PowerCC23X0_startHFXT)
                  0001a17c    00000070                        : PowerCC23X0.c.obj (.text.Power_sleep)
                  0001a1ec    00000070     OneLib.a : OneLib_Host_SM_sm_rsppairing.obj (.text.SM_ResponderInit)
                  0001a25c    00000070     drivers_cc23x0r5.a : UART2LPF3.c.obj (.text.UART2Support_dmaStopTx)
                  0001a2cc    00000070     StackWrapper.a : StackWrapper_Host_gapbondmgr.obj (.text.gapBondMgrSetStateFlagFromConnhandle)
                  0001a33c    00000070     OneLib.a : OneLib_Host_L2CAP_l2cap_util.obj (.text.l2capParsePacket)
                  0001a3ac    00000070              : OneLib_Host_L2CAP_l2cap_task.obj (.text.l2capProcessOSALMsg)
                  0001a41c    00000070              : OneLib_LL_ll_common.obj (.text.llAllocConnection)
                  0001a48c    00000070              : OneLib_LL_ll_common.obj (.text.llEstimateConnMinTimeLength)
                  0001a4fc    00000070              : OneLib_LL_ll_common.obj (.text.llPeriSetConnSyncParams)
                  0001a56c    00000070     StackWrapper.a : StackWrapper_OSAL_osal.obj (.text.osal_event_send)
                  0001a5dc    00000070     ti_freertos_config.o (.text.prvInitialiseNewTask)
                  0001a64c    00000070     OneLib.a : OneLib_Host_SM_sm_pairing.obj (.text.smFreePairingParams)
                  0001a6bc    00000070     ti_freertos_config.o (.text.vTaskPriorityDisinheritAfterTimeout)
                  0001a72c    0000006c     drivers_cc23x0r5.a : BatMonSupportLPF3.c.obj (.text.BatMonSupportLPF3_init)
                  0001a798    0000006c     secure_drivers_cc23x0r5.a : CryptoUtils.c.obj (.text.CryptoUtils_reverseCopyPad)
                  0001a804    0000006c     OneLib.a : OneLib_Host_Profiles_gapgattserver.obj (.text.GGS_SetParameter)
                  0001a870    0000006c              : OneLib_LL_ll.obj (.text.LE_RemoveAdvSet)
                  0001a8dc    0000006c              : OneLib_LL_ll_enc.obj (.text.LL_ENC_Encrypt)
                  0001a948    0000006c              : OneLib_LL_ll_isr.obj (.text.LL_rclAdvCallback)
                  0001a9b4    0000006c     nvocmp.o (.text.NVOCMP_getFreeNvApi)
                  0001aa20    0000006c     nvocmp.o (.text.NVOCMP_readHeader)
                  0001aa8c    0000006c     OneLib.a : OneLib_LL_ll_common.obj (.text.RfBleDpl_setConnPhy)
                  0001aaf8    0000006c              : OneLib_Host_GAP_gap_perilinkmgr.obj (.text.gapPeriProcessConnUpdateCompleteEvt)
                  0001ab64    0000006c              : OneLib_Host_GAP_gap_configmgr.obj (.text.gapSendDeviceInitDoneEvent)
                  0001abd0    0000006c              : OneLib_Host_GAP_gap_configmgr.obj (.text.gapSetIRK)
                  0001ac3c    0000006c              : OneLib_LL_ll_ae.obj (.text.llCompareSecondaryPrimaryTasksQoSParam)
                  0001aca8    0000006c              : OneLib_LL_ll_ble.obj (.text.llSetupConnRxDataEntryQueue)
                  0001ad14    0000006c              : OneLib_LL_ll_common.obj (.text.llUpdateRxBuffersForActiveConnections)
                  0001ad80    0000006c              : OneLib_LL_ll_ae.obj (.text.llUpdateSortedAdvList)
                  0001adec    0000006c     ti_freertos_config.o (.text.prvCheckForValidListAndQueue)
                  0001ae58    0000006c     ti_freertos_config.o (.text.vPortGetHeapStats)
                  0001aec4    00000068     ti_freertos_config.o (.text.ClockP_start)
                  0001af2c    00000068     display_cc23x0r5.a : DisplayUart2.c.obj (.text.DisplayUart2Ansi_open)
                  0001af94    00000068     secure_drivers_cc23x0r5.a : ECDHLPF3SW.c.obj (.text.ECDHLPF3SW_getKeyResult)
                  0001affc    00000068     OneLib.a : OneLib_Host_GAP_gap_task.obj (.text.GAP_ProcessEvent)
                  0001b064    00000068     ecc.a : scalarMul.c.obj (.text.GETDIGITL2R)
                  0001b0cc    00000068     icall_POSIX.o (.text.ICall_enrollService)
                  0001b134    00000068     OneLib.a : OneLib_LL_ll_ae.obj (.text.LL_DisableAdvSets)
                  0001b19c    00000068              : OneLib_LL_ll_privacy.obj (.text.LL_PRIV_Init)
                  0001b204    00000068              : OneLib_HCI_hci_event.obj (.text.LL_RemoteConnParamReqCback)
                  0001b26c    00000068              : OneLib_LL_ll.obj (.text.LL_WriteDefaultDataLen)
                  0001b2d4    00000068     rcl_cc23x0r5.a : LRFCC23X0.c.obj (.text.LRF_setTrimCommon)
                  0001b33c    00000068     menu_module.o (.text.MenuModule_doInit)
                  0001b3a4    00000068     simple_gatt_profile.o (.text.SimpleGattProfile_addService)
                  0001b40c    00000068     libclang_rt.builtins.a : comparedf2.c.obj (.text.__ledf2)
                  0001b474    00000068     OneLib.a : OneLib_Host_GAP_gap_linkmgr.obj (.text.gapSendPairingReqEvent)
                  0001b4dc    00000068              : OneLib_Host_GATT_gatt_client.obj (.text.gattReadByType)
                  0001b544    00000068              : OneLib_Host_GAP_linkdb.obj (.text.linkDB_Authen)
                  0001b5ac    00000068              : OneLib_Host_GAP_linkdb.obj (.text.linkDB_Init)
                  0001b614    00000068              : OneLib_LL_ll_common.obj (.text.llSetNextDataChan)
                  0001b67c    00000068     ti_freertos_config.o (.text.mq_send)
                  0001b6e4    00000068     OneLib.a : OneLib_Host_SM_sm_rsppairing.obj (.text.smpResponderProcessCentralID)
                  0001b74c    00000068              : OneLib_Host_SM_sm_rsppairing.obj (.text.smpResponderProcessPairingDHKeyCheck)
                  0001b7b4    00000066              : OneLib_HCI_hci_event_raw.obj (.text.HCI_SendCommandCompleteEvent)
                  0001b81a    00000002              : common_lib_opt_ctrl_stub_initiator.obj (.text.OPT_LL_DisableScanningForInitiator)
                  0001b81c    00000064     secure_drivers_cc23x0r5.a : AESCommonLPF3.c.obj (.text.AESCommonLPF3_construct)
                  0001b880    00000064     app_main.o (.text.App_StackInitDoneHandler)
                  0001b8e4    00000064     bleapputil_init.o (.text.BLEAppUtil_initHostAdvSet)
                  0001b948    00000064     secure_drivers_cc23x0r5.a : CryptoUtils.c.obj (.text.CryptoUtils_copyPad)
                  0001b9ac    00000064     OneLib.a : OneLib_HCI_hci_event.obj (.text.HCI_VendorSpecifcCommandCompleteEvent)
                  0001ba10    00000064     icall_POSIX.o (.text.ICall_sendServiceComplete)
                  0001ba74    00000064     driverlib.a : interrupt.c.obj (.text.IntSetPriority)
                  0001bad8    00000064     OneLib.a : OneLib_LL_ll.obj (.text.LL_ClearAdvSets)
                  0001bb3c    00000064              : OneLib_HCI_hci_event.obj (.text.LL_ReadLocalP256PublicKeyCompleteEventCback)
                  0001bba0    00000064     rcl_cc23x0r5.a : ble5.c.obj (.text.RCL_Handler_BLE5_findRfFreq)
                  0001bc04    00000064                    : ble5.c.obj (.text.RCL_Handler_BLE5_updateConnStats)
                  0001bc68    00000064     app_simple_gatt.o (.text.SimpleGatt_changeCB)
                  0001bccc    00000064     drivers_cc23x0r5.a : UART2LPF3.c.obj (.text.UART2Support_dmaStopRx)
                  0001bd30    00000064     StackWrapper.a : StackWrapper_Host_gapbondmgr.obj (.text.gapBondStateDoGATTDisc)
                  0001bd94    00000064     OneLib.a : OneLib_LL_ll_common.obj (.text.llEnqueueCtrlPkt)
                  0001bdf8    00000064              : OneLib_LL_ll_common.obj (.text.llPeriUpdateConnParamsByInitiatorPhy)
                  0001be5c    00000064              : OneLib_LL_ll_scheduler.obj (.text.llScheduler_getHandle)
                  0001bec0    00000064              : OneLib_LL_ll_ae.obj (.text.llSendAdvSetTermEvent)
                  0001bf24    00000064     ti_freertos_config.o (.text.xQueueGiveFromISR)
                  0001bf88    00000064     ti_freertos_config.o (.text.xTaskCreate)
                  0001bfec    00000062     StackWrapper.a : StackWrapper_Host_gapbondmgr.obj (.text.gapBondMgrBondReq)
                  0001c04e    00000002     OneLib.a : common_lib_opt_ctrl_stub_connection_handover.obj (.text.OPT_LL_Handover_SetRxBlockValue)
                  0001c050    00000060     secure_drivers_cc23x0r5.a : AESCMACLPF3.c.obj (.text.AESCMACLPF3_hwiFxn)
                  0001c0b0    00000060     OneLib.a : OneLib_Host_ATT_att_util.obj (.text.ATT_ParsePacket)
                  0001c110    00000060     bleapputil_task.o (.text.BLEAppUtil_createBLEAppUtilTask)
                  0001c170    00000060     ti_freertos_config.o (.text.ClockP_stop)
                  0001c1d0    00000060     OneLib.a : OneLib_HCI_hci.obj (.text.HCI_HostNumCompletedPktCmd)
                  0001c230    00000060              : OneLib_LL_ll_dfl.obj (.text.LL_DFL_AddEntry)
                  0001c290    00000060              : OneLib_LL_ll.obj (.text.LL_EncLtkNegReply)
                  0001c2f0    00000060     menu_module.o (.text.MenuModule_displayMenu)
                  0001c350    00000060     nvocmp.o (.text.NVOCMP_compactNvApi)
                  0001c3b0    00000060     rcl_cc23x0r5.a : ble5.c.obj (.text.RCL_BLE5_updateFilterList)
                  0001c410    00000060     simple_gatt_profile.o (.text.SimpleGattProfile_getParameter)
                  0001c470    00000060     StackWrapper.a : StackWrapper_Host_gapbondmgr.obj (.text.gapBondMgrUpdateLruBondList)
                  0001c4d0    00000060                    : StackWrapper_Host_gapbondmgr.obj (.text.gapBondMgr_Pair)
                  0001c530    00000060     icall_POSIX.o (.text.icall_directAPIva)
                  0001c590    00000060     OneLib.a : OneLib_LL_ll_common.obj (.text.llDequeueCtrlPkt)
                  0001c5f0    00000060              : OneLib_Host_SM_sm_task.obj (.text.smProcessLTKRequest_gapBond)
                  0001c650    00000060              : OneLib_Host_SM_sm_rsppairing.obj (.text.smpResponderProcessPairingPublicKey)
                  0001c6b0    00000060     ti_freertos_config.o (.text.xTaskPriorityDisinherit)
                  0001c710    0000005e     OneLib.a : OneLib_Host_L2CAP_l2cap_util.obj (.text.l2capNotifyEvent)
                  0001c76e    00000002              : common_lib_opt_ctrl_stub_past_receiver.obj (.text.OPT_LL_PAST_R_DynamicFree)
                  0001c770    0000005c     secure_drivers_cc23x0r5.a : AESECBLPF3.c.obj (.text.AESECBLPF3_hwiFxn)
                  0001c7cc    0000005c     bleapputil_stack_callbacks.o (.text.BLEAppUtil_advCB)
                  0001c828    0000005c     ti_freertos_config.o (.text.ClockP_walkQueueDynamic)
                  0001c884    0000005c     secure_drivers_cc23x0r5.a : CryptoResourceLPF3.c.obj (.text.CryptoResourceLPF3_constructRTOSObjects)
                  0001c8e0    0000005c     OneLib.a : OneLib_Host_GAP_gap_advertiser.obj (.text.GapAdv_abortLoad)
                  0001c93c    0000005c              : OneLib_HCI_hci_event_raw.obj (.text.HCI_getPacketLen)
                  0001c998    0000005c     icall_POSIX.o (.text.ICall_createRemoteTasksAtRuntime)
                  0001c9f4    0000005c     icall_POSIX.o (.text.ICall_fetchMsg)
                  0001ca50    0000005c     OneLib.a : OneLib_LL_ll.obj (.text.LL_Disconnect)
                  0001caac    0000005c              : OneLib_LL_ll_enc.obj (.text.LL_ENC_DecryptMsg)
                  0001cb08    0000005c              : OneLib_LL_ll.obj (.text.LL_RemoveDeviceFromResolvingList)
                  0001cb64    0000005c              : OneLib_LL_ll.obj (.text.LL_SetAddressResolutionEnable)
                  0001cbc0    0000005c              : OneLib_LL_ll.obj (.text.LL_SetRandomAddress)
                  0001cc1c    0000005c     nvocmp.o (.text.NVOCMP_checkItem)
                  0001cc78    0000005c     rcl_cc23x0r5.a : adc_noise.c.obj (.text.RCL_Handler_Adc_Noise_powerDown)
                  0001ccd4    0000005c     simple_gatt_profile.o (.text.RPC_sendResponse)
                  0001cd30    0000005c     StackWrapper.a : StackWrapper_Host_sm_ecc.obj (.text.SM_p256KeyCB)
                  0001cd8c    0000005c                    : StackWrapper_Host_gapbondmgr.obj (.text.gapBondMgr_UpdateCharCfg)
                  0001cde8    0000005c     OneLib.a : OneLib_Host_GAP_gap_configmgr.obj (.text.gap_ParamsInit)
                  0001ce44    0000005c              : OneLib_LL_ll_common.obj (.text.llQueryTxQueue)
                  0001cea0    0000005c     StackWrapper.a : StackWrapper_OSAL_osal_cbtimer.obj (.text.osal_CbTimerUpdate)
                  0001cefc    0000005c                    : StackWrapper_OSAL_osal_timers.obj (.text.osal_timer_refTimeUpdate)
                  0001cf58    0000005c     ti_freertos_config.o (.text.prvIdleTask)
                  0001cfb4    0000005c     OneLib.a : OneLib_Host_SM_sm_rsppairing.obj (.text.smResponderAuthStageTwo)
                  0001d010    0000005a     StackWrapper.a : StackWrapper_Host_gapbondmgr.obj (.text.GapBondMgr_GetPrevAuth)
                  0001d06a    0000005a     nvocmp.o (.text.NVOCMP_verifyCRC)
                  0001d0c4    0000005a     libclang_rt.builtins.a : clzsi2.c.obj (.text.__clzsi2)
                  0001d11e    0000005a     OneLib.a : OneLib_LL_ll_common.obj (.text.llValidateConnectIndPkt)
                  0001d178    0000005a     libclang_rt.builtins.a : aeabi_dcmp.S.obj (.text)
                  0001d1d2    00000002     OneLib.a : common_lib_opt_ctrl_stub_past_receiver.obj (.text.OPT_LL_PAST_R_ProcessIndPackets)
                  0001d1d4    00000058     secure_drivers_cc23x0r5.a : AESECBLPF3.c.obj (.text.AESECBLPF3_processData)
                  0001d22c    00000058     bleapputil_init.o (.text.BLEAppUtil_init)
                  0001d284    00000058     bleapputil_process.o (.text.BLEAppUtil_processStackEvents)
                  0001d2dc    00000058     drivers_cc23x0r5.a : Button.c.obj (.text.Button_gpioCallbackFxn)
                  0001d334    00000058     app_dev_info.o (.text.DevInfo_start)
                  0001d38c    00000058     icall_POSIX.o (.text.ICall_workerThreadSendMsg)
                  0001d3e4    00000058     OneLib.a : OneLib_LL_ll.obj (.text.LE_SetExtScanRspData)
                  0001d43c    00000058              : OneLib_LL_ll.obj (.text.LE_checkAdvConnStatus)
                  0001d494    00000058              : OneLib_LL_ll.obj (.text.LL_GenerateDHKeyCmd)
                  0001d4ec    00000058              : OneLib_HCI_hci_event_raw.obj (.text.LL_ReadRemoteUsedFeaturesCompleteCback)
                  0001d544    00000058     rcl_cc23x0r5.a : LRFCC23X0.c.obj (.text.LRF_setRxFifoEffSz)
                  0001d59c    00000058     menu_module.o (.text.MenuModule_displayItem)
                  0001d5f4    00000058     drivers_cc23x0r5.a : PowerCC23X0.c.obj (.text.Power_releaseDependency)
                  0001d64c    00000058                        : PowerCC23X0.c.obj (.text.Power_setDependency)
                  0001d6a4    00000058     StackWrapper.a : StackWrapper_Host_gapbondmgr.obj (.text.gapBondMgrChangeState)
                  0001d6fc    00000058     OneLib.a : OneLib_Host_GATT_gatt_server.obj (.text.gattProcessReadMultiReq)
                  0001d754    00000058              : OneLib_LL_ll_common.obj (.text.llSetupDenyList)
                  0001d7ac    00000058              : OneLib_LL_ll_common.obj (.text.llShellSortActiveConns)
                  0001d804    00000058     ti_freertos_config.o (.text.pthread_exit)
                  0001d85c    00000058     OneLib.a : OneLib_Host_SM_sm_pairing.obj (.text.smDetermineIOCaps)
                  0001d8b4    00000058              : OneLib_Host_SM_sm_pairing.obj (.text.smSendPublicKeys)
                  0001d90c    00000058     osal_icall_ble.o (.text.stack_main)
                  0001d964    00000058     ti_freertos_config.o (.text.vTaskStartScheduler)
                  0001d9bc    00000058     ti_freertos_config.o (.text.xQueueGenericCreate)
                  0001da14    00000056     StackWrapper.a : StackWrapper_Host_gapbondmgr.obj (.text.GAPBondMgr_ReadLocalLTK)
                  0001da6a    00000056     OneLib.a : OneLib_LL_ll.obj (.text.LE_SetExtAdvData)
                  0001dac0    00000056              : OneLib_Host_GATT_gatt_client.obj (.text.gattFindByTypeValue)
                  0001db16    00000056              : OneLib_LL_ll_common.obj (.text.llBuildCtrlPktPeri)
                  0001db6c    00000056              : OneLib_LL_ll_dfl.obj (.text.llDFLUpdateRanks)
                  0001dbc2    00000056     ti_freertos_config.o (.text.memalign)
                  0001dc18    00000056     libclang_rt.builtins.a : aeabi_idivmod.S.obj (.text)
                  0001dc6e    00000002     OneLib.a : common_lib_opt_ctrl_stub_past_receiver.obj (.text.OPT_LL_PAST_R_ResetConnParamsToDefault)
                  0001dc70    00000054     bleapputil_init.o (.text.BLEAppUtil_stackInit)
                  0001dcc4    00000054     ti_drivers_config.o (.text.Board_shutDownExtFlash)
                  0001dd18    00000054     OneLib.a : OneLib_LL_crypto_port_simplelink.obj (.text.CryptoP_AESECB)
                  0001dd6c    00000054     display_cc23x0r5.a : Display.c.obj (.text.Display_doOpen)
                  0001ddc0    00000054     OneLib.a : OneLib_Host_GAP_gap_perilinkmgr.obj (.text.GAP_SendPeripheralSecurityRequest)
                  0001de14    00000054              : OneLib_Host_GAP_gap_configmgr.obj (.text.GapConfig_SetParameter)
                  0001de68    00000054     icall_POSIX.o (.text.ICall_newTask)
                  0001debc    00000054     icall_POSIX.o (.text.ICall_registerApp)
                  0001df10    00000054     OneLib.a : OneLib_HCI_hci_event.obj (.text.LL_GenerateDHKeyCompleteEventCback)
                  0001df64    00000054              : OneLib_LL_ll_privacy.obj (.text.LL_PRIV_GenerateRPA)
                  0001dfb8    00000054     rcl_cc23x0r5.a : LRFCC23X0.c.obj (.text.LRF_readRxFifoWords)
                  0001e00c    00000054     menu_module.o (.text.MenuModule_initButtons)
                  0001e060    00000054     rcl_cc23x0r5.a : RCL.c.obj (.text.RCL_Command_pend)
                  0001e0b4    00000054                    : RCL_Scheduler.c.obj (.text.RCL_Scheduler_setStartStopTimeEarliestStart)
                  0001e108    00000054     drivers_cc23x0r5.a : UART2.c.obj (.text.UART2_readCancel)
                  0001e15c    00000054     OneLib.a : OneLib_Host_GAP_gap_linkmgr.obj (.text.gapPasskeyNeededCB)
                  0001e1b0    00000054              : OneLib_Host_GATT_gatt_task.obj (.text.gattNotifyEvent)
                  0001e204    00000054     rcl_cc23x0r5.a : hal_cc23x0.c.obj (.text.hal_check_clear_timer_compare)
                  0001e258    00000054     OneLib.a : OneLib_Host_L2CAP_l2cap_util.obj (.text.l2capSendFCPkt)
                  0001e2ac    00000054              : OneLib_LL_ll_common.obj (.text.llAllocatePDU)
                  0001e300    00000054              : OneLib_LL_ll_data.obj (.text.llDynamicFree_connectable)
                  0001e354    00000054              : OneLib_LL_ll_common.obj (.text.llSetCodedMaxTxTime)
                  0001e3a8    00000054              : OneLib_LL_ll_common.obj (.text.llVerifyCodedConnInterval)
                  0001e3fc    00000054              : OneLib_LL_ll_ecc.obj (.text.ll_GenerateDHKey)
                  0001e450    00000054     StackWrapper.a : StackWrapper_OSAL_osal_clock.obj (.text.osalAdjustTimer)
                  0001e4a4    00000054                    : StackWrapper_OSAL_osal_bufmgr.obj (.text.osal_bm_alloc)
                  0001e4f8    00000054     rcl_cc23x0r5.a : RCL.c.obj (.text.rclPowerNotify)
                  0001e54c    00000054     OneLib.a : OneLib_Host_SM_sm_rsppairing.obj (.text.smpResponderProcessIdentityAddrInfo)
                  0001e5a0    00000052     StackWrapper.a : StackWrapper_Host_gap.obj (.text.GAP_DeviceInit_per_role)
                  0001e5f2    00000052     OneLib.a : OneLib_LL_ll.obj (.text.LL_EncLtkReply)
                  0001e644    00000052              : OneLib_Host_GAP_gap_devmgr.obj (.text.gapFindADType)
                  0001e696    00000052              : OneLib_Host_GATT_gatt_client.obj (.text.gattPrepareWriteReq)
                  0001e6e8    00000052              : OneLib_LL_ll_common.obj (.text.llGetNextDataChanAlgo1)
                  0001e73a    00000052              : OneLib_LL_ll_ble.obj (.text.llMoveTempTxDataEntries)
                  0001e78c    00000052              : OneLib_Host_SMP_smp.obj (.text.smSendSMMsg)
                  0001e7de    00000002              : common_lib_opt_ctrl_stub_past_receiver.obj (.text.OPT_LL_PAST_R_SetFeatureBit)
                  0001e7e0    00000050     secure_drivers_cc23x0r5.a : AESCCMLPF3.c.obj (.text.AESCCMLPF3_processB1withAAD)
                  0001e830    00000050                               : AESCTRLPF3.c.obj (.text.AESCTRLPF3_configDataDMA)
                  0001e880    00000050     bleapputil_process.o (.text.BLEAppUtil_convertGATTEvents)
                  0001e8d0    00000050     bleapputil_stack_callbacks.o (.text.BLEAppUtil_passcodeCB)
                  0001e920    00000050     app_connection.o (.text.Connection_HciGAPEventHandler)
                  0001e970    00000050     secure_drivers_cc23x0r5.a : ECCInitLPF3SW.c.obj (.text.ECCInitLPF3SW_NISTP256)
                  0001e9c0    00000050     OneLib.a : OneLib_Host_GAP_gap_linkmgr.obj (.text.GAP_Signable)
                  0001ea10    00000050              : OneLib_Host_GAP_gap_advertiser.obj (.text.GapAdv_setEventMask)
                  0001ea60    00000050     StackWrapper.a : StackWrapper_Host_gapbondmgr.obj (.text.GapBondMgr_StartEnc)
                  0001eab0    00000050     OneLib.a : OneLib_HCI_hci_event.obj (.text.HCI_CommandStatusEvent)
                  0001eb00    00000050              : OneLib_HCI_hci_event_raw.obj (.text.HCI_SendEventToHost)
                  0001eb50    00000050              : OneLib_LL_ll_enc.obj (.text.LL_ENC_AES128_Encrypt)
                  0001eba0    00000050     rcl_cc23x0r5.a : ble5.c.obj (.text.RCL_Handler_BLE5_initAdvScanInitStats)
                  0001ebf0    00000050     secure_drivers_cc23x0r5.a : RNGLPF3RF.c.obj (.text.RNG_construct)
                  0001ec40    00000050     drivers_cc23x0r5.a : UDMALPF3.c.obj (.text.UDMALPF3_init)
                  0001ec90    00000050     StackWrapper.a : StackWrapper_Host_gapbondmgr.obj (.text.gapBondMgrReadBonds)
                  0001ece0    00000050                    : StackWrapper_Host_gapbondmgr.obj (.text.gapBondMgr_SupportsCentAddrRes)
                  0001ed30    00000050     OneLib.a : OneLib_Host_GAP_gap_perilinkmgr.obj (.text.gapPeriProcessConnEvt)
                  0001ed80    00000050              : OneLib_Host_GAP_gap_perilinkmgr.obj (.text.gap_PeriConnRegister)
                  0001edd0    00000050              : OneLib_Host_L2CAP_l2cap_util.obj (.text.l2capAllocConnChannel)
                  0001ee20    00000050              : OneLib_LL_ll_ae.obj (.text.llSendAdvSetEndEvent)
                  0001ee70    00000050     StackWrapper.a : StackWrapper_OSAL_osal_cbtimer.obj (.text.osal_CbTimerStop)
                  0001eec0    00000050     ti_freertos_config.o (.text.realloc)
                  0001ef10    00000050     OneLib.a : OneLib_Host_SM_sm_pairing.obj (.text.smGenerateAddrInput_sPatch)
                  0001ef60    00000050              : OneLib_Host_SM_sm_pairing.obj (.text.smProcessPairingReq)
                  0001efb0    00000050              : OneLib_Host_SM_sm_mgr.obj (.text.sm_s1)
                  0001f000    00000050     ti_freertos_config.o (.text.xTaskCreateStatic)
                  0001f050    0000004e     OneLib.a : OneLib_Host_ATT_att_util.obj (.text.ATT_CompareUUID)
                  0001f09e    0000004e     ti_drivers_config.o (.text.Board_sendExtFlashByte)
                  0001f0ec    0000004c     secure_drivers_cc23x0r5.a : AESCommonLPF3.c.obj (.text.AESCommonLPF3_cleanup)
                  0001f138    0000004c     bleapputil_process.o (.text.BLEAppUtil_convertHCIGAPEvents)
                  0001f184    0000004c     OneLib.a : OneLib_LL_crypto_port_simplelink.obj (.text.CryptoP_ECDHInit)
                  0001f1d0    0000004c              : OneLib_Host_GAP_gap_linkmgr.obj (.text.GAP_PasscodeUpdate)
                  0001f21c    0000004c              : OneLib_Host_GAP_gap_linkmgr.obj (.text.GAP_TerminateLinkReq)
                  0001f268    0000004c              : OneLib_Host_Profiles_gattservapp.obj (.text.GATTServApp_AddService)
                  0001f2b4    0000004c     StackWrapper.a : StackWrapper_Host_gattservapp_util.obj (.text.GATTServApp_ProcessCCCWriteReq)
                  0001f300    0000004c     OneLib.a : OneLib_Host_Profiles_gattservapp.obj (.text.GATTServApp_SendCCCUpdatedEvent)
                  0001f34c    0000004c              : OneLib_Host_GATT_gatt_task.obj (.text.GATT_UpdateMTU)
                  0001f398    0000004c              : OneLib_HCI_hci_event.obj (.text.HCI_HardwareErrorEvent)
                  0001f3e4    0000004c              : OneLib_HCI_hci_event_raw.obj (.text.HCI_InitEventMasks)
                  0001f430    0000004c              : OneLib_HCI_hci.obj (.text.HCI_LE_ConnUpdateCmd)
                  0001f47c    0000004c              : OneLib_HCI_hci_event.obj (.text.HCI_NumOfCompletedPacketsEvent)
                  0001f4c8    0000004c     driverlib.a : interrupt.c.obj (.text.IntSetPend)
                  0001f514    0000004c     OneLib.a : OneLib_LL_ll.obj (.text.LL_ClearResolvingList)
                  0001f560    0000004c              : OneLib_LL_ll.obj (.text.LL_clearAllActiveConns)
                  0001f5ac    0000004c     driverlib.a : lrfd.c.obj (.text.LRFDApplyClockDependencies)
                  0001f5f8    0000004c     rcl_cc23x0r5.a : LRFCC23X0.c.obj (.text.LRF_programTemperatureCompensatedTxPower)
                  0001f644    0000004c                    : LRFCC23X0.c.obj (.text.LRF_writeTxFifoWords)
                  0001f690    0000004c     ti_freertos_config.o (.text.MessageQueueP_post)
                  0001f6dc    0000004c     rcl_cc23x0r5.a : RCL.c.obj (.text.RCL_open)
                  0001f728    0000004c     ti_freertos_config.o (.text.SemaphoreP_construct)
                  0001f774    0000004c     ti_freertos_config.o (.text.__aeabi_errno_addr)
                  0001f7c0    0000004c     OneLib.a : OneLib_Host_GAP_gap_configmgr.obj (.text.gapReadBufSizeCmdStatus)
                  0001f80c    0000004c              : OneLib_Host_Profiles_gattservapp.obj (.text.gattServApp_ClearPrepareWriteQ)
                  0001f858    0000004c              : OneLib_LL_ll_common.obj (.text.llGenPrnE)
                  0001f8a4    0000004c              : OneLib_LL_ll_common.obj (.text.llProcessChanMap)
                  0001f8f0    0000004c              : OneLib_LL_ll_common.obj (.text.llReleaseAllConnId)
                  0001f93c    0000004c              : OneLib_LL_ll_ae.obj (.text.llRemoveAdvSortedEntry)
                  0001f988    0000004c              : OneLib_LL_ll_scheduler.obj (.text.llSelectTaskAdv)
                  0001f9d4    0000004c              : OneLib_LL_ll_common.obj (.text.llSetStarvationMode)
                  0001fa20    0000004c              : OneLib_LL_ll_common.obj (.text.llTrySendCtrlPktImmed)
                  0001fa6c    0000004c              : OneLib_LL_ll_ecc.obj (.text.ll_eccInit)
                  0001fab8    0000004c     ti_freertos_config.o (.text.removeThreadKeys)
                  0001fb04    0000004c     OneLib.a : OneLib_Host_SM_sm_pairing.obj (.text.sm_computeDHKey)
                  0001fb50    0000004c     ti_freertos_config.o (.text.xTaskCheckForTimeOut)
                  0001fb9c    0000004a     rcl_cc23x0r5.a : LRF.c.obj (.text.LRF_loadImage)
                  0001fbe6    0000004a     ti_freertos_config.o (.text.calloc)
                  0001fc30    0000004a     OneLib.a : OneLib_Host_GAP_linkdb.obj (.text.linkDB_GetInfo)
                  0001fc7a    0000004a              : OneLib_LL_ll_common.obj (.text.llGetNextDataChanAlgo2)
                  0001fcc4    0000004a     ecc.a : lowlevelapi.c.obj (.text.zADD32)
                  0001fd0e    00000002     OneLib.a : common_lib_opt_ctrl_stub_past_receiver.obj (.text.OPT_LL_PAST_R_SetLastRxPacketLen)
                  0001fd10    0000004a     libclang_rt.builtins.a : fixdfsi.S.obj (.text)
                  0001fd5a    00000002     OneLib.a : common_lib_opt_ctrl_stub_past_receiver.obj (.text.OPT_LL_PAST_R_SetMaxRXOctets)
                  0001fd5c    00000048     secure_drivers_cc23x0r5.a : AESCCMLPF3.c.obj (.text.AESCCMLPF3_processCTRCounterBlock)
                  0001fda4    00000048                               : AESCCMLPF3.c.obj (.text.AESCCMLPF3_processOneStepCTRPolling)
                  0001fdec    00000048     bleapputil_process.o (.text.BLEAppUtil_callEventHandler)
                  0001fe34    00000048     bleapputil_init.o (.text.BLEAppUtil_invokeFunction)
                  0001fe7c    00000048     bleapputil_stack_callbacks.o (.text.BLEAppUtil_processStackMsgCB)
                  0001fec4    00000048     bleapputil_init.o (.text.BLEAppUtil_registerEventHandler)
                  0001ff0c    00000048     ti_freertos_config.o (.text.ClockP_construct)
                  0001ff54    00000048     OneLib.a : OneLib_Host_Profiles_gattservapp.obj (.text.GATTServApp_SendServiceChangedInd)
                  0001ff9c    00000048     icall_POSIX.o (.text.ICall_wait)
                  0001ffe4    00000048     OneLib.a : OneLib_LL_ll_ae.obj (.text.LL_AE_Init)
                  0002002c    00000048              : OneLib_HCI_hci_event.obj (.text.LL_ConnParamUpdateCback)
                  00020074    00000048              : OneLib_HCI_hci_event.obj (.text.LL_ConnParamUpdateRejectCback)
                  000200bc    00000048              : OneLib_HCI_hci_event.obj (.text.LL_DataLengthChangeEventCback)
                  00020104    00000048              : OneLib_HCI_hci_event.obj (.text.LL_EncLtkReqCback)
                  0002014c    00000048              : OneLib_LL_ll.obj (.text.LL_RemoteConnParamReqNegReply)
                  00020194    00000048              : OneLib_LL_ll.obj (.text.LL_SetResolvablePrivateAddressTimeout)
                  000201dc    00000048     rcl_cc23x0r5.a : LRFCC23X0.c.obj (.text.LRF_setTemperatureTrim)
                  00020224    00000048     ti_freertos_config.o (.text.MessageQueueP_pend)
                  0002026c    00000048     nvocmp.o (.text.NVOCMP_loadApiPtrsMin)
                  000202b4    00000048     nvocmp.o (.text.NVOCMP_readItem)
                  000202fc    00000048     drivers_cc23x0r5.a : NVS.c.obj (.text.NVS_open)
                  00020344    00000048                        : PowerCC23X0.c.obj (.text.PowerCC23X0_hfxtAmpsettledTimeout)
                  0002038c    00000048                        : PowerCC23X0.c.obj (.text.PowerLPF3_getHfxtAmpAdjustment)
                  000203d4    00000048     rcl_cc23x0r5.a : RCL_Scheduler.c.obj (.text.RCL_Scheduler_postEvent)
                  0002041c    00000048     drivers_cc23x0r5.a : RingBuf.c.obj (.text.RingBuf_put)
                  00020464    00000048                        : TemperatureLPF3.c.obj (.text.degreesToCode)
                  000204ac    00000048     StackWrapper.a : StackWrapper_Host_gapbondmgr.obj (.text.gapBondStateStartNextGATTDisc)
                  000204f4    00000048     OneLib.a : OneLib_Host_GAP_gap_linkmgr.obj (.text.gapFreeAuthLink)
                  0002053c    00000048              : OneLib_Host_GATT_gatt_server.obj (.text.gattProcessReadByGrpTypeReq)
                  00020584    00000048              : OneLib_HCI_hci_event_raw.obj (.text.hciAllocAndPrepHciEvtPkt)
                  000205cc    00000048              : OneLib_Host_L2CAP_l2cap_util.obj (.text.l2capNotifySignal)
                  00020614    00000048              : OneLib_Host_L2CAP_l2cap_util.obj (.text.l2capSendPkt)
                  0002065c    00000048              : OneLib_LL_ll_common.obj (.text.llCalcConnMissCount)
                  000206a4    00000048              : OneLib_LL_ll_common.obj (.text.llConnSetupBuffers)
                  000206ec    00000048              : OneLib_LL_ll_common.obj (.text.llCreateCommonFeatureSet)
                  00020734    00000048              : OneLib_LL_ll_common.obj (.text.llPostSetupCtrlPktPeri)
                  0002077c    00000048              : OneLib_LL_ll_scheduler.obj (.text.llSchedulerInit)
                  000207c4    00000048              : OneLib_LL_ll_common.obj (.text.llSendReject)
                  0002080c    00000048              : OneLib_LL_ll_common.obj (.text.llSetPhy)
                  00020854    00000048              : OneLib_LL_ll_scheduler.obj (.text.llSetTaskAdv)
                  0002089c    00000048     ti_freertos_config.o (.text.mq_receive)
                  000208e4    00000048     StackWrapper.a : StackWrapper_OSAL_osal.obj (.text.osal_msg_extract)
                  0002092c    00000048     ti_freertos_config.o (.text.prvInsertBlockIntoFreeList)
                  00020974    00000048     ti_freertos_config.o (.text.pthread_mutex_unlock)
                  000209bc    00000048     OneLib.a : OneLib_Host_GAP_gap_linkmgr.obj (.text.sendTerminateEvent)
                  00020a04    00000048              : OneLib_Host_SM_sm_rsppairing.obj (.text.smpResponderProcessSigningInfo)
                  00020a4c    00000048     ti_freertos_config.o (.text.xTimerCreateTimerTask)
                  00020a94    00000044     secure_drivers_cc23x0r5.a : AESCMACLPF3.c.obj (.text.AESCMACLPF3_generateSubKey)
                  00020ad8    00000044                               : AESCMACLPF3.c.obj (.text.AESCMACLPF3_processBlocks)
                  00020b1c    00000044     OneLib.a : OneLib_LL_ll_al.obj (.text.AL_Alloc)
                  00020b60    00000044     bleapputil_task.o (.text.BLEAppUtil_convertBdAddr2Str)
                  00020ba4    00000044     secure_drivers_cc23x0r5.a : ECCInitLPF3SW.c.obj (.text.ECCInitLPF3SW_Curve25519)
                  00020be8    00000044     OneLib.a : OneLib_Host_GATT_gatt_server.obj (.text.GATT_FindHandle)
                  00020c2c    00000044     drivers_cc23x0r5.a : GPIOLPF3.c.obj (.text.GPIO_setInterruptConfig)
                  00020c70    00000044     OneLib.a : OneLib_Host_GAP_gap_advertiser.obj (.text.GapAdv_disable)
                  00020cb4    00000044              : OneLib_HCI_TL_hci_tl.obj (.text.HCI_Init)
                  00020cf8    00000044              : OneLib_HCI_TL_hci_tl.obj (.text.HCI_ProcessEvent)
                  00020d3c    00000044              : OneLib_LL_ll_enc.obj (.text.LL_ENC_EncryptMsg)
                  00020d80    00000044              : OneLib_LL_ll_privacy.obj (.text.LL_PRIV_ResolveRPA)
                  00020dc4    00000044     app_peripheral.o (.text.Peripheral_start)
                  00020e08    00000044     rcl_cc23x0r5.a : RCL_Buffer.c.obj (.text.RCL_MultiBuffer_ListInfo_init)
                  00020e4c    00000044                    : RCL_Buffer.c.obj (.text.RCL_MultiBuffer_getBuffer)
                  00020e90    00000044     drivers_cc23x0r5.a : UART2LPF3.c.obj (.text.UART2LPF3_initIO)
[...]
20006cd8  encParamsCCM                                     
20006ce8  encParamsECB                                     
20006cf8  gRankFLTable                                     
20006d08  llTaskList                                       
20006d18  localCryptoKey                                   
20006d28  localPrivateKey                                  
20006d38  localPublicKey                                   
20006d48  operationECB                                     
20006d58  operationGeneratePublicKey                       
20006d68  remotePublicKey                                  
20006d78  sharedSecret                                     
20006d88  swParamList                                      
20006dc0  displayUart2Object                               
20006de4  BLEAppUtil_threadEntity                          
20006dec  POSIX_args                                       
20006df4  RNGLPF3RF_objects                                
20006dfc  gParamUpdateReq                                  
20006e04  llConnEvtNotice                                  
20006e0c  llConns                                          
20006e14  privInfo                                         
20006e1c  rclState                                         
20006e24  gapCurrentRandomAddr                             
20006e2a  connInitialMaxTxOctets                           
20006e2c  ownPublicAddr                                    
20006e32  connInitialMaxTxTime                             
20006e34  ownRandomAddr                                    
20006e3a  connInitialMaxTxTimeCoded                        
20006e3c  ownSavedPublicAddr                               
20006e42  verInfo                                          
20006e4d  gAntennasInfo                                    
20006e68  BDAddrPerConnHandle                              
20006e6c  SysBootMsg                                       
20006e70  __pLen                                           
20006e74  __pValue                                         
20006e78  activeConns                                      
20006e7c  appInitDoneHandler                               
20006e80  dtmInfo                                          
20006e84  ecdhHandle                                       
20006e88  encHandleCCM                                     
20006e8c  encHandleECB                                     
20006e90  errorHandlerCb                                   
20006e94  extStackSettings                                 
20006e98  handle_left                                      
20006e9c  handle_right                                     
20006ea0  l2capChannels                                    
20006ea4  l2capPsm                                         
20006ea8  linkDB                                           
20006eac  llECCCurveParams                                 
20006eb0  operationResult                                  
20006eb4  osal_last_timestamp                              
20006eb8  osal_max_msecs                                   
20006ebc  osal_qHead                                       
20006ec0  osal_syncHandle                                  
20006ec4  osal_tickperiod                                  
20006ec8  pNextAdvSet                                      
20006ecc  pRfPathComp                                      
20006ed0  priParams                                        
20006ed4  rcpCommandCount                                  
20006ed8  rcpThreadHandle                                  
20006edc  resolvingList                                    
20006ee0  rfHandle                                         
20006ee4  rngHandle                                        
20006ee8  taskEndAction                                    
20006eec  tasksEvents                                      
20006ef0  timerHead                                        
20006ef4  connInitialMaxTxTimeUncoded                      
20006ef6  maximumPduSize                                   
20006ef8  pwrmgr_attribute                                 
20006efa  readUUID                                         
20006efc  supportedMaxRxOctets                             
20006efe  supportedMaxRxTime                               
20006f00  supportedMaxTxOctets                             
20006f02  supportedMaxTxTime                               
20006f04  LL_TaskID                                        
20006f05  NVOCMP_size                                      
20006f06  NVSLPF3_objects                                  
20006f07  __counter                                        
20006f08  adcNoiseHandlerState                             
20006f09  aeCurAdvEnableHandle                             
20006f0a  aeCurConnHandle                                  
20006f0b  aeCurHandle                                      
20006f0c  alSize                                           
20006f0d  defaultPhy                                       
20006f0e  extInitIndex                                     
20006f0f  extScanIndex                                     
20006f10  fastTxRespTime                                   
20006f11  gAction                                          
20006f12  gCurTxPowerVal                                   
20006f13  gapDeviceAddrMode                                
20006f14  gapTaskID                                        
20006f15  gattNumConns                                     
20006f16  gattTaskID                                       
20006f17  hciGapTaskID                                     
20006f18  hciL2capTaskID                                   
20006f19  hciSmpTaskID                                     
20006f1a  hciTaskID                                        
20006f1b  hciTestTaskID                                    
20006f1c  hciVsEvtMask                                     
20006f1d  icall_liteTaskId                                 
20006f1e  l2capNumChannels                                 
20006f1f  l2capTaskID                                      
20006f20  l2cap_gattServAppTaskID                          
20006f21  linkDBNumConns                                   
20006f22  llCryptoMode                                     
20006f23  llECDHMode                                       
20006f24  llState                                          
20006f25  maxNumConns                                      
20006f26  maxNumTxDataBufs                                 
20006f27  maxTxPwrForDTM                                   
20006f28  numActiveAdvSets                                 
20006f29  numComplPkts                                     
20006f2a  numComplPktsFlush                                
20006f2b  numComplPktsLimit                                
20006f2c  numTxDataBufs                                    
20006f2d  onePktPerEvt                                     
20006f2e  osal_entity                                      
20006f2f  peripheralAdvHandles                             
20006f30  rlSize                                           
20006f31  rxFifoFlowCtrl                                   
20006f32  secondaryAdvChannelMapPopCount                   
20006f33  slOverride                                       
20006f34  smGenerateDHKeyStatus                            
20006f35  smReadLocalP256PublicKeyStatus                   
20006f36  smTaskID                                         
20007228  gapAttrTbl                                       
20007406  devInfoHardwareRev                               
2000745a  smExpectAppKeysInd                               
2000745b  SM_appTaskID                                     
200075f4  HwiP_swiPIntNum                                  
20007610  gpioPinConfigs                                   
20007678  gapBond_removeLRUBond                            
20007679  gapBond_syncRL                                   
20007694  gapBondStateNodeHead                             
20007698  gapBond_lruBondList                              
200076a8  clientCbs                                        
200076bc  gapBond_remoteOobData                            
20007840  pairMode                                         
20007841  mitm                                             
20007842  ioCap                                            
20007843  bonding                                          
20007844  secureConnection                                 
20007845  authenPairingOnly                                
20007846  autoSyncAL                                       
20007847  eccReGenPolicy                                   
20007848  KeySize                                          
20007849  removeLRUBond                                    
2000784a  KeyDistList                                      
2000784b  eccDebugKeys                                     
2000784c  allowDebugKeys                                   
2000784d  eraseBondWhileInConn                             
2000784e  sameIrkAction                                    
2000784f  advData1                                         
20007858  advParams1                                       
20007874  scanResData1                                     
200078dc  llUserConfig                                     
20007924  sm_eccKeys_sc_host_debug                         
20007964  ctrlToHostEnable                                 
20007966  numHostBufs                                      
20007968  centAddrRes                                      
20007969  resolvablePrivateAddressOnly                     
2000796a  appearance                                       
20007970  periConnParameters                               
20007978  deviceName                                       
200079f2  gapAppTaskID                                     
200079f3  gapEndAppTaskID                                  
200079f4  linkParam                                        
200079f8  rxDataQ                                          
20007a1c  appMainPeriCentParams                            
20007a24  appMainParams                                    
20007a48  dispHandle                                       
20007a6c  eccParams_NISTP256                               
20007a90  gapProfileRole                                   
20007a91  gapConfig_IRK                                    
20007aa1  gapConfig_SRK                                    
20007ab4  enckey                                           
20007ad4  attDeviceName                                    
20007af4  gapParameters                                    
20007b12  baseTaskID                                       
20007b16  rclTemperatureThreshold                          
20007b30  hciEvtMaskLe                                     
20007b38  hciEvtMaskPage1                                  
20007b40  hciEvtMaskPage2                                  
20007b48  connectionConnHandler                            
20007b54  connectionHciGAPHandler                          
20007b60  pairingPasscodeHandler                           
20007b6c  PairingPairStateHandler                          
20007b78  peripheralConnHandler                            
20007b84  peripheralAdvHandler                             
20007b90  DisplayUart2Ansi_escInitial                      
20007ba4  randomAddressConfigured                          
20007ba8  defaultChannelMap                                
20007bb0  secondaryAdvChannelMap                           
20007bb5  devInfo11073CertUUID                             
20007bb7  appTaskID                                        
20007bbc  writeUUID                                        
20007c1e  devInfoFirmwareRevUUID                           
20007c30  maxSupportedAdvSets                              
20007c31  aePeripheralSCA                                  
20007c34  advSetList                                       
20007c38  extScanInfo                                      
20007c3c  extInitInfo                                      
20007c44  osal_eventloop_hook                              
20007c48  osal_icallMsg_hook                               
20007c50  BLEAppUtilLocal_GeneralParams                    
20007c54  BLEAppUtilLocal_PeriCentParams                   
20007c58  BLEAppUtil_bondMgrCBs                            
20007c70  eccCryptoKey                                     
20007c80  encCryptoKey                                     
20007c9f  gapBondParams                                    
20007cbb  appearanceCharProps                              
20007cc8  pPairingParams                                   
20007ccc  pfnResponderCBs                                  
20007cd0  pfnInitiatorCBs                                  
20007cd4  alTable                                          
20007cd8  alTableScan                                      
20007cdc  gDenyList                                        
20007cec  ICall_enterCriticalSection                       
20007cf0  ICall_leaveCriticalSection                       
20007cf4  ICall_dispatcher                                 
20007cf8  halSchedFsmCb                                    
20007cfc  halDispatchFsmCb                                 
20007d00  halCommandFsmCb                                  
20007d04  bleAppServiceInfoTable                           
20007d10  dataGATTHandler                                  
20007d1c  hciEvtMask                                       
20007d3a  devInfoHardwareRevUUID                           
20007d4c  terminateReason                                  
20007d4e  gParamUpdateConnHandle                           
20007d50  pAuthLink                                        
20007d6c  assertSubcause                                   
20007d6d  legacyMode                                       
20007d70  halAssertCback                                   
20007d74  bm_preReleaseBuffCB                              
20007d7c  OSAL_timeSeconds                                 
20007d84  fXtalInv                                         
20007d8c  rclHandles                                       
20007d9c  user0Cfg                                         
20007da4  l2capNumDataPkts                                 
20007da5  flowCtrlTaskId                                   
20007da6  flowCtrlFwdTaskId                                
20007da7  l2capNumPSM                                      
20007da8  l2capNumCoChannels                               
20007da9  l2capUserConfig                                  
20007dab  pRandomAddress                                   
20007db1  DisplayUart2Ansi_escClearScreen                  
20007db6  defaultTxPowerDbm                                
20007db8  bleUserCfg_maxPduSize                            
20007dbe  devInfoMfrNameUUID                               
20007dc0  BLEAppUtilEventHandlersHead                      
20007dc8  RNGLPF3RF_noiseConditioningKeyWord0              
20007dcc  RNGLPF3RF_noiseConditioningKeyWord1              
20007dd0  RNGLPF3RF_noiseConditioningKeyWord2              
20007dd4  RNGLPF3RF_noiseConditioningKeyWord3              
20007dd8  RemoteTask                                       
20007ddc  appAssertCback                                   
20007de0  attClientNotifyTxCB                              
20007de4  attServerNotifyTxCB                              
20007de8  enckeyLen                                        
20007df0  ggs_AppCBs                                       
20007df4  linkCmd                                          
20007df8  llSystemStatus                                   
20007dfc  localPrivKeyMaterialLen                          
20007e00  pAdvDataEntry                                    
20007e04  pGapPeripheralConnCBs                            
20007e0c  pSmResponderCBs                                  
20007e10  pfnBMAlloc                                       
20007e14  pfnBMFree                                        
20007e18  pfnBondMgrCBs                                    
20007e1c  pfnCentralConnCBs                                
20007e20  pfnPeripheralConnCBs                             
20007e24  pxCurrentTCB                                     
20007e38  txDataQ                                          
20007e40  devInfoModelNumberUUID                           
20007e42  devInfoPnpIdUUID                                 
20007e44  devInfoSerialNumberUUID                          
20007e46  devInfoServUUID                                  
20007e48  devInfoSoftwareRevUUID                           
20007e4a  devInfoSystemIdUUID                              
20007e4c  disconnectImmedConnId                            
20007e4e  l2capMtuSize                                     
20007e52  llUserConfig_maxPduSize                          
20007e54  maxExtAdvDataLen                                 
20007e56  rpcProfile_commandUUID                           
20007e58  rpcProfile_notificationUUID                      
20007e5a  rpcProfile_responseUUID                          
20007e5c  simpleGattProfile_ServUUID                       
20007e5e  simpleGattProfile_char1UUID                      
20007e60  simpleGattProfile_char2UUID                      
20007e62  simpleGattProfile_char3UUID                      
20007e64  simpleGattProfile_char4UUID                      
20007e66  simpleGattProfile_char5UUID                      
20007e68  smRspWaitingConnHandle                           
20007e6a  att_sendRspOnly                                  
20007e6b  centAddrResCharProps                             
20007e6c  channel2usage                                    
20007e76  deviceNameCharProps                              
20007e77  extScanChanMap                                   
20007e78  gapState                                         
20007e79  gapUnwantedTaskID                                
20007e7b  hciPTMenabled                                    
20007e83  l2capFlowCtrlMode                                
20007e84  l2capId                                          
20007e85  linkDB_secureConnectionOnlyMode                  
20007e86  periConnParamCharProps                           
20007e87  pwrmgr_initialized                               
20007e88  qosDefaultPriorityAdvParameter                   
20007e89  qosDefaultPriorityConnParameter                  
20007e8a  rclPbeGpoMask                                    
20007e8c  resolvablePrivateAddressOnlyCharProps            
20007e97  smAllowDebugKeysMode                             
20007e98  smAppProcessLTKRequest                           
20007e99  smAuthenPairingOnlyMode                          
20008c00  __stack                                          
20009000  __STACK_END                                      
20009000  __STACK_TOP                                      
4e020000  ccfg                                             
4e020000  ti_utils_build_GenMap_sym_CRC_CCFG_BOOT_CFG_begin
4e02000b  ti_utils_build_GenMap_sym_CRC_CCFG_BOOT_CFG_end  
4e020010  ti_utils_build_GenMap_sym_CRC_CCFG_begin         
4e02074b  ti_utils_build_GenMap_sym_CRC_CCFG_end           
4e0207d0  ti_utils_build_GenMap_sym_CRC_CCFG_DEBUG_begin   
4e0207fb  ti_utils_build_GenMap_sym_CRC_CCFG_DEBUG_end     
90000000  TimestampP_nativeFormat64_copy                   
90000004  TimestampP_nativeFormat32_copy                   
ffffffff  __TI_pprof_out_hndl                              
ffffffff  __TI_prof_data_size                              
ffffffff  __TI_prof_data_start                             
ffffffff  __binit__                                        
ffffffff  binit                                            
UNDEFED   RCL_Debug_assertProxy                            
UNDEFED   RCL_Profiling_eventHook                          
UNDEFED   __mpu_init                                       
UNDEFED   _system_post_cinit                               

[2363 symbols]
